../Core/Src/main.c:185:5:presForFrequency	16	static
../Core/Src/main.c:194:6:playTone	40	static
../Core/Src/main.c:213:6:playTonePRE	40	static
../Core/Src/main.c:241:6:noTone	4	static
../Core/Src/main.c:253:5:main	8	static
../Core/Src/main.c:363:6:SystemClock_Config	88	static
../Core/Src/main.c:411:13:MX_TIM1_Init	96	static
../Core/Src/main.c:485:13:MX_USART2_UART_Init	8	static
../Core/Src/main.c:518:13:MX_USART3_UART_Init	8	static
../Core/Src/main.c:551:13:MX_GPIO_Init	48	static
../Core/Src/main.c:586:6:HAL_UART_RxCpltCallback	16	static
../Core/Src/main.c:613:6:Error_Handler	4	static,ignoring_inline_asm
