../Core/Src/fatfs_sd.c:23:13:SD_Debug	16	static
../Core/Src/fatfs_sd.c:34:13:SELECT	8	static
../Core/Src/fatfs_sd.c:41:13:DESELECT	8	static
../Core/Src/fatfs_sd.c:48:13:SPI_TxByte	16	static
../Core/Src/fatfs_sd.c:55:13:SPI_TxBuffer	16	static
../Core/Src/fatfs_sd.c:62:16:SPI_RxByte	24	static
../Core/Src/fatfs_sd.c:74:13:SPI_RxBytePtr	16	static
../Core/Src/fatfs_sd.c:84:16:SD_ReadyWait	16	static
../Core/Src/fatfs_sd.c:100:13:SD_PowerOn	24	static
../Core/Src/fatfs_sd.c:138:13:SD_PowerOff	4	static
../Core/Src/fatfs_sd.c:144:16:SD_CheckPower	4	static
../Core/Src/fatfs_sd.c:150:13:SD_RxDataBlock	24	static
../Core/Src/fatfs_sd.c:182:13:SD_TxDataBlock	24	static
../Core/Src/fatfs_sd.c:226:13:SD_SendCmd	24	static
../Core/Src/fatfs_sd.c:265:9:SD_disk_initialize	32	static
../Core/Src/fatfs_sd.c:365:9:SD_disk_status	16	static
../Core/Src/fatfs_sd.c:372:9:SD_disk_read	24	static
../Core/Src/fatfs_sd.c:414:9:SD_disk_write	24	static
../Core/Src/fatfs_sd.c:469:9:SD_disk_ioctl	56	static
