../Core/Src/main.c:651:19:MaxBarrilesActivosNivel1	4	static
../Core/Src/main.c:655:6:actualizarY_Personaje	48	static
../Core/Src/main.c:680:6:crearBarril	24	static
../Core/Src/main.c:714:6:actualizarY_Objeto	48	static
../Core/Src/main.c:738:6:actualizarBarriles	48	static
../Core/Src/main.c:823:6:RestaurarFondoBarrilSeguro	24	static
../Core/Src/main.c:843:6:ProcesarMovimientoNivel1	24	static
../Core/Src/main.c:895:5:alturaPlataformaEnX	32	static
../Core/Src/main.c:907:5:detectarPlataforma	40	static
../Core/Src/main.c:927:5:direccionPlataforma	16	static
../Core/Src/main.c:934:5:plataformaInferiorDeEscalera	16	static
../Core/Src/main.c:948:5:elegirEscaleraObjetivo	112	static
../Core/Src/main.c:983:5:alturaPisoPlataformaEnX	32	static
../Core/Src/main.c:995:5:hayColision	24	static
../Core/Src/main.c:1003:6:iniciarMuerteMario	4	static
../Core/Src/main.c:1013:6:reiniciarJuego	16	static
../Core/Src/main.c:1102:6:FixColorEndianness	24	static
../Core/Src/main.c:1108:6:Dibujar_Imagen_Bin	4840	static
../Core/Src/main.c:1148:20:DibujarTile8	32	static
../Core/Src/main.c:1155:5:RectIntersects	24	static
../Core/Src/main.c:1164:6:DibujarDecoracionNivel1	16	static
../Core/Src/main.c:1172:6:DibujarNivel1Tileado	24	static
../Core/Src/main.c:1188:6:RestaurarRectNivel1	80	static
../Core/Src/main.c:1221:6:DibujarDecoracionNivel2	16	static
../Core/Src/main.c:1226:6:DibujarNivel2Tileado	24	static
../Core/Src/main.c:1242:6:RestaurarRectNivel2	80	static
../Core/Src/main.c:1270:6:InicializarFuegosNivel2	16	static
../Core/Src/main.c:1303:6:ActualizarFuegosNivel2	32	static
../Core/Src/main.c:1339:6:DibujarFuegosNivel2	48	static
../Core/Src/main.c:1358:5:actualizarY_Personaje_N2	48	static
../Core/Src/main.c:1386:6:ProcesarMovimientoNivel2	40	static
../Core/Src/main.c:1492:6:ColisionPersonajeFuegosNivel2	48	static
../Core/Src/main.c:1511:6:DibujarDecoracionNivel3	4	static
../Core/Src/main.c:1516:6:DibujarNivel3Tileado	24	static
../Core/Src/main.c:1532:6:RestaurarRectNivel3	72	static
../Core/Src/main.c:1558:6:DibujarFuegosNivel3	48	static
../Core/Src/main.c:1577:6:ActualizarFuegosNivel3	32	static
../Core/Src/main.c:1609:6:InicializarFuegosNivel3	16	static
../Core/Src/main.c:1642:5:actualizarY_Personaje_N3	48	static
../Core/Src/main.c:1670:6:ColisionPersonajeFuegosNivel3	48	static
../Core/Src/main.c:1689:6:ProcesarMovimientoNivel3	40	static
../Core/Src/main.c:1819:6:DibujarNivel4Tileado	24	static
../Core/Src/main.c:1831:6:RestaurarRectNivel4	72	static
../Core/Src/main.c:1844:6:InicializarFuegosNivel4	16	static
../Core/Src/main.c:1877:6:ActualizarFuegosNivel4	32	static
../Core/Src/main.c:1913:6:DibujarFuegosNivel4	48	static
../Core/Src/main.c:1932:5:actualizarY_Personaje_N4	48	static
../Core/Src/main.c:1963:6:ProcesarMovimientoNivel4	40	static
../Core/Src/main.c:2091:6:ColisionPersonajeFuegosNivel4	48	static
../Core/Src/main.c:2110:6:DibujarSelectorMenu	16	static
../Core/Src/main.c:2136:6:BorrarSelectorMenu	16	static
../Core/Src/main.c:2162:6:ConfirmarSeleccionMenu	4	static
../Core/Src/main.c:2198:6:victoria	16	static
../Core/Src/main.c:2215:5:marioEnPlataformaVictoria_P	32	static
../Core/Src/main.c:2223:6:transmit_uart	24	static
../Core/Src/main.c:2235:5:main	176	static
../Core/Src/main.c:3680:6:SystemClock_Config	88	static
../Core/Src/main.c:3728:13:MX_SPI1_Init	8	static
../Core/Src/main.c:3766:13:MX_USART1_UART_Init	8	static
../Core/Src/main.c:3799:13:MX_USART2_UART_Init	8	static
../Core/Src/main.c:3832:13:MX_USART3_UART_Init	8	static
../Core/Src/main.c:3865:13:MX_USART6_UART_Init	8	static
../Core/Src/main.c:3896:13:MX_DMA_Init	16	static
../Core/Src/main.c:3914:13:MX_GPIO_Init	48	static
../Core/Src/main.c:3967:6:HAL_UART_RxCpltCallback	16	static
../Core/Src/main.c:4001:6:HAL_SPI_TxCpltCallback	16	static
../Core/Src/main.c:4013:6:Error_Handler	4	static,ignoring_inline_asm
