../Core/Src/main.c:93:5:main	16	static
../Core/Src/main.c:203:6:SystemClock_Config	88	static
../Core/Src/main.c:251:13:MX_ADC1_Init	24	static
../Core/Src/main.c:312:13:MX_USART1_UART_Init	8	static
../Core/Src/main.c:345:13:MX_USART2_UART_Init	8	static
../Core/Src/main.c:376:13:MX_DMA_Init	16	static
../Core/Src/main.c:394:13:MX_GPIO_Init	48	static
../Core/Src/main.c:429:6:HAL_ADC_ConvCpltCallback	16	static
../Core/Src/main.c:432:6:HAL_UART_RxCpltCallback	16	static
../Core/Src/main.c:457:6:Error_Handler	4	static,ignoring_inline_asm
