Archive member included to satisfy reference by file (symbol)

C:/ST/STM32CubeIDE_2.1.0/STM32CubeIDE/plugins/com.st.stm32cube.ide.mcu.externaltools.gnu-tools-for-stm32.14.3.rel1.win32_1.0.100.202602081740/tools/bin/../lib/gcc/arm-none-eabi/14.3.1/../../../../arm-none-eabi/lib/thumb/v7e-m+fp/hard\libc_nano.a(libc_a-exit.o)
                              C:/ST/STM32CubeIDE_2.1.0/STM32CubeIDE/plugins/com.st.stm32cube.ide.mcu.externaltools.gnu-tools-for-stm32.14.3.rel1.win32_1.0.100.202602081740/tools/bin/../lib/gcc/arm-none-eabi/14.3.1/../../../../arm-none-eabi/lib/thumb/v7e-m+fp/hard/crt0.o (exit)
C:/ST/STM32CubeIDE_2.1.0/STM32CubeIDE/plugins/com.st.stm32cube.ide.mcu.externaltools.gnu-tools-for-stm32.14.3.rel1.win32_1.0.100.202602081740/tools/bin/../lib/gcc/arm-none-eabi/14.3.1/../../../../arm-none-eabi/lib/thumb/v7e-m+fp/hard\libc_nano.a(libc_a-rand.o)
                              ./Core/Src/main.o (rand)
C:/ST/STM32CubeIDE_2.1.0/STM32CubeIDE/plugins/com.st.stm32cube.ide.mcu.externaltools.gnu-tools-for-stm32.14.3.rel1.win32_1.0.100.202602081740/tools/bin/../lib/gcc/arm-none-eabi/14.3.1/../../../../arm-none-eabi/lib/thumb/v7e-m+fp/hard\libc_nano.a(libc_a-findfp.o)
                              C:/ST/STM32CubeIDE_2.1.0/STM32CubeIDE/plugins/com.st.stm32cube.ide.mcu.externaltools.gnu-tools-for-stm32.14.3.rel1.win32_1.0.100.202602081740/tools/bin/../lib/gcc/arm-none-eabi/14.3.1/../../../../arm-none-eabi/lib/thumb/v7e-m+fp/hard\libc_nano.a(libc_a-exit.o) (__stdio_exit_handler)
C:/ST/STM32CubeIDE_2.1.0/STM32CubeIDE/plugins/com.st.stm32cube.ide.mcu.externaltools.gnu-tools-for-stm32.14.3.rel1.win32_1.0.100.202602081740/tools/bin/../lib/gcc/arm-none-eabi/14.3.1/../../../../arm-none-eabi/lib/thumb/v7e-m+fp/hard\libc_nano.a(libc_a-fwalk.o)
                              C:/ST/STM32CubeIDE_2.1.0/STM32CubeIDE/plugins/com.st.stm32cube.ide.mcu.externaltools.gnu-tools-for-stm32.14.3.rel1.win32_1.0.100.202602081740/tools/bin/../lib/gcc/arm-none-eabi/14.3.1/../../../../arm-none-eabi/lib/thumb/v7e-m+fp/hard\libc_nano.a(libc_a-findfp.o) (_fwalk_sglue)
C:/ST/STM32CubeIDE_2.1.0/STM32CubeIDE/plugins/com.st.stm32cube.ide.mcu.externaltools.gnu-tools-for-stm32.14.3.rel1.win32_1.0.100.202602081740/tools/bin/../lib/gcc/arm-none-eabi/14.3.1/../../../../arm-none-eabi/lib/thumb/v7e-m+fp/hard\libc_nano.a(libc_a-stdio.o)
                              C:/ST/STM32CubeIDE_2.1.0/STM32CubeIDE/plugins/com.st.stm32cube.ide.mcu.externaltools.gnu-tools-for-stm32.14.3.rel1.win32_1.0.100.202602081740/tools/bin/../lib/gcc/arm-none-eabi/14.3.1/../../../../arm-none-eabi/lib/thumb/v7e-m+fp/hard\libc_nano.a(libc_a-findfp.o) (__sread)
C:/ST/STM32CubeIDE_2.1.0/STM32CubeIDE/plugins/com.st.stm32cube.ide.mcu.externaltools.gnu-tools-for-stm32.14.3.rel1.win32_1.0.100.202602081740/tools/bin/../lib/gcc/arm-none-eabi/14.3.1/../../../../arm-none-eabi/lib/thumb/v7e-m+fp/hard\libc_nano.a(libc_a-memset.o)
                              C:/ST/STM32CubeIDE_2.1.0/STM32CubeIDE/plugins/com.st.stm32cube.ide.mcu.externaltools.gnu-tools-for-stm32.14.3.rel1.win32_1.0.100.202602081740/tools/bin/../lib/gcc/arm-none-eabi/14.3.1/../../../../arm-none-eabi/lib/thumb/v7e-m+fp/hard/crt0.o (memset)
C:/ST/STM32CubeIDE_2.1.0/STM32CubeIDE/plugins/com.st.stm32cube.ide.mcu.externaltools.gnu-tools-for-stm32.14.3.rel1.win32_1.0.100.202602081740/tools/bin/../lib/gcc/arm-none-eabi/14.3.1/../../../../arm-none-eabi/lib/thumb/v7e-m+fp/hard\libc_nano.a(libc_a-closer.o)
                              C:/ST/STM32CubeIDE_2.1.0/STM32CubeIDE/plugins/com.st.stm32cube.ide.mcu.externaltools.gnu-tools-for-stm32.14.3.rel1.win32_1.0.100.202602081740/tools/bin/../lib/gcc/arm-none-eabi/14.3.1/../../../../arm-none-eabi/lib/thumb/v7e-m+fp/hard\libc_nano.a(libc_a-stdio.o) (_close_r)
C:/ST/STM32CubeIDE_2.1.0/STM32CubeIDE/plugins/com.st.stm32cube.ide.mcu.externaltools.gnu-tools-for-stm32.14.3.rel1.win32_1.0.100.202602081740/tools/bin/../lib/gcc/arm-none-eabi/14.3.1/../../../../arm-none-eabi/lib/thumb/v7e-m+fp/hard\libc_nano.a(libc_a-reent.o)
                              C:/ST/STM32CubeIDE_2.1.0/STM32CubeIDE/plugins/com.st.stm32cube.ide.mcu.externaltools.gnu-tools-for-stm32.14.3.rel1.win32_1.0.100.202602081740/tools/bin/../lib/gcc/arm-none-eabi/14.3.1/../../../../arm-none-eabi/lib/thumb/v7e-m+fp/hard\libc_nano.a(libc_a-closer.o) (errno)
C:/ST/STM32CubeIDE_2.1.0/STM32CubeIDE/plugins/com.st.stm32cube.ide.mcu.externaltools.gnu-tools-for-stm32.14.3.rel1.win32_1.0.100.202602081740/tools/bin/../lib/gcc/arm-none-eabi/14.3.1/../../../../arm-none-eabi/lib/thumb/v7e-m+fp/hard\libc_nano.a(libc_a-impure.o)
                              C:/ST/STM32CubeIDE_2.1.0/STM32CubeIDE/plugins/com.st.stm32cube.ide.mcu.externaltools.gnu-tools-for-stm32.14.3.rel1.win32_1.0.100.202602081740/tools/bin/../lib/gcc/arm-none-eabi/14.3.1/../../../../arm-none-eabi/lib/thumb/v7e-m+fp/hard\libc_nano.a(libc_a-rand.o) (_impure_ptr)
[...]
Memory Configuration

Name             Origin             Length             Attributes
RAM              0x20000000         0x00020000         xrw
FLASH            0x08000000         0x00080000         xr
*default*        0x00000000         0xffffffff

Linker script and memory map

LOAD C:/ST/STM32CubeIDE_2.1.0/STM32CubeIDE/plugins/com.st.stm32cube.ide.mcu.externaltools.gnu-tools-for-stm32.14.3.rel1.win32_1.0.100.202602081740/tools/bin/../lib/gcc/arm-none-eabi/14.3.1/thumb/v7e-m+fp/hard/crti.o
LOAD C:/ST/STM32CubeIDE_2.1.0/STM32CubeIDE/plugins/com.st.stm32cube.ide.mcu.externaltools.gnu-tools-for-stm32.14.3.rel1.win32_1.0.100.202602081740/tools/bin/../lib/gcc/arm-none-eabi/14.3.1/thumb/v7e-m+fp/hard/crtbegin.o
LOAD C:/ST/STM32CubeIDE_2.1.0/STM32CubeIDE/plugins/com.st.stm32cube.ide.mcu.externaltools.gnu-tools-for-stm32.14.3.rel1.win32_1.0.100.202602081740/tools/bin/../lib/gcc/arm-none-eabi/14.3.1/../../../../arm-none-eabi/lib/thumb/v7e-m+fp/hard/crt0.o
LOAD ./Core/Src/font.o
LOAD ./Core/Src/graficos.o
LOAD ./Core/Src/ili9341.o
LOAD ./Core/Src/main.o
LOAD ./Core/Src/stm32f4xx_hal_msp.o
LOAD ./Core/Src/stm32f4xx_it.o
LOAD ./Core/Src/syscalls.o
LOAD ./Core/Src/sysmem.o
LOAD ./Core/Src/system_stm32f4xx.o
LOAD ./Core/Startup/startup_stm32f446retx.o
LOAD ./Drivers/STM32F4xx_HAL_Driver/Src/stm32f4xx_hal.o
LOAD ./Drivers/STM32F4xx_HAL_Driver/Src/stm32f4xx_hal_cortex.o
LOAD ./Drivers/STM32F4xx_HAL_Driver/Src/stm32f4xx_hal_dma.o
LOAD ./Drivers/STM32F4xx_HAL_Driver/Src/stm32f4xx_hal_dma_ex.o
LOAD ./Drivers/STM32F4xx_HAL_Driver/Src/stm32f4xx_hal_exti.o
LOAD ./Drivers/STM32F4xx_HAL_Driver/Src/stm32f4xx_hal_flash.o
LOAD ./Drivers/STM32F4xx_HAL_Driver/Src/stm32f4xx_hal_flash_ex.o
LOAD ./Drivers/STM32F4xx_HAL_Driver/Src/stm32f4xx_hal_flash_ramfunc.o
LOAD ./Drivers/STM32F4xx_HAL_Driver/Src/stm32f4xx_hal_gpio.o
LOAD ./Drivers/STM32F4xx_HAL_Driver/Src/stm32f4xx_hal_pwr.o
LOAD ./Drivers/STM32F4xx_HAL_Driver/Src/stm32f4xx_hal_pwr_ex.o
LOAD ./Drivers/STM32F4xx_HAL_Driver/Src/stm32f4xx_hal_rcc.o
LOAD ./Drivers/STM32F4xx_HAL_Driver/Src/stm32f4xx_hal_rcc_ex.o
LOAD ./Drivers/STM32F4xx_HAL_Driver/Src/stm32f4xx_hal_spi.o
LOAD ./Drivers/STM32F4xx_HAL_Driver/Src/stm32f4xx_hal_uart.o
START GROUP
LOAD C:/ST/STM32CubeIDE_2.1.0/STM32CubeIDE/plugins/com.st.stm32cube.ide.mcu.externaltools.gnu-tools-for-stm32.14.3.rel1.win32_1.0.100.202602081740/tools/bin/../lib/gcc/arm-none-eabi/14.3.1/../../../../arm-none-eabi/lib/thumb/v7e-m+fp/hard\libc_nano.a
LOAD C:/ST/STM32CubeIDE_2.1.0/STM32CubeIDE/plugins/com.st.stm32cube.ide.mcu.externaltools.gnu-tools-for-stm32.14.3.rel1.win32_1.0.100.202602081740/tools/bin/../lib/gcc/arm-none-eabi/14.3.1/../../../../arm-none-eabi/lib/thumb/v7e-m+fp/hard\libm.a
END GROUP
START GROUP
LOAD C:/ST/STM32CubeIDE_2.1.0/STM32CubeIDE/plugins/com.st.stm32cube.ide.mcu.externaltools.gnu-tools-for-stm32.14.3.rel1.win32_1.0.100.202602081740/tools/bin/../lib/gcc/arm-none-eabi/14.3.1/thumb/v7e-m+fp/hard\libgcc.a
LOAD C:/ST/STM32CubeIDE_2.1.0/STM32CubeIDE/plugins/com.st.stm32cube.ide.mcu.externaltools.gnu-tools-for-stm32.14.3.rel1.win32_1.0.100.202602081740/tools/bin/../lib/gcc/arm-none-eabi/14.3.1/../../../../arm-none-eabi/lib/thumb/v7e-m+fp/hard\libc_nano.a
END GROUP
START GROUP
LOAD C:/ST/STM32CubeIDE_2.1.0/STM32CubeIDE/plugins/com.st.stm32cube.ide.mcu.externaltools.gnu-tools-for-stm32.14.3.rel1.win32_1.0.100.202602081740/tools/bin/../lib/gcc/arm-none-eabi/14.3.1/thumb/v7e-m+fp/hard\libgcc.a
LOAD C:/ST/STM32CubeIDE_2.1.0/STM32CubeIDE/plugins/com.st.stm32cube.ide.mcu.externaltools.gnu-tools-for-stm32.14.3.rel1.win32_1.0.100.202602081740/tools/bin/../lib/gcc/arm-none-eabi/14.3.1/../../../../arm-none-eabi/lib/thumb/v7e-m+fp/hard\libc_nano.a
LOAD C:/ST/STM32CubeIDE_2.1.0/STM32CubeIDE/plugins/com.st.stm32cube.ide.mcu.externaltools.gnu-tools-for-stm32.14.3.rel1.win32_1.0.100.202602081740/tools/bin/../lib/gcc/arm-none-eabi/14.3.1/../../../../arm-none-eabi/lib/thumb/v7e-m+fp/hard\libnosys.a
END GROUP
START GROUP
LOAD C:/ST/STM32CubeIDE_2.1.0/STM32CubeIDE/plugins/com.st.stm32cube.ide.mcu.externaltools.gnu-tools-for-stm32.14.3.rel1.win32_1.0.100.202602081740/tools/bin/../lib/gcc/arm-none-eabi/14.3.1/thumb/v7e-m+fp/hard\libgcc.a
LOAD C:/ST/STM32CubeIDE_2.1.0/STM32CubeIDE/plugins/com.st.stm32cube.ide.mcu.externaltools.gnu-tools-for-stm32.14.3.rel1.win32_1.0.100.202602081740/tools/bin/../lib/gcc/arm-none-eabi/14.3.1/../../../../arm-none-eabi/lib/thumb/v7e-m+fp/hard\libc_nano.a
LOAD C:/ST/STM32CubeIDE_2.1.0/STM32CubeIDE/plugins/com.st.stm32cube.ide.mcu.externaltools.gnu-tools-for-stm32.14.3.rel1.win32_1.0.100.202602081740/tools/bin/../lib/gcc/arm-none-eabi/14.3.1/../../../../arm-none-eabi/lib/thumb/v7e-m+fp/hard\libnosys.a
END GROUP
LOAD C:/ST/STM32CubeIDE_2.1.0/STM32CubeIDE/plugins/com.st.stm32cube.ide.mcu.externaltools.gnu-tools-for-stm32.14.3.rel1.win32_1.0.100.202602081740/tools/bin/../lib/gcc/arm-none-eabi/14.3.1/thumb/v7e-m+fp/hard/crtend.o
LOAD C:/ST/STM32CubeIDE_2.1.0/STM32CubeIDE/plugins/com.st.stm32cube.ide.mcu.externaltools.gnu-tools-for-stm32.14.3.rel1.win32_1.0.100.202602081740/tools/bin/../lib/gcc/arm-none-eabi/14.3.1/thumb/v7e-m+fp/hard/crtn.o
                0x20020000                        _estack = (ORIGIN (RAM) + LENGTH (RAM))
                0x00000200                        _Min_Heap_Size = 0x200
                0x00000400                        _Min_Stack_Size = 0x400

.isr_vector     0x08000000      0x1c4
                0x08000000                        . = ALIGN (0x4)
 *(.isr_vector)
 .isr_vector    0x08000000      0x1c4 ./Core/Startup/startup_stm32f446retx.o
                0x08000000                g_pfnVectors
                0x080001c4                        . = ALIGN (0x4)

.text           0x080001d0     0x69f0
                0x080001d0                        . = ALIGN (0x4)
 *(.text)
 .text          0x080001d0       0x40 C:/ST/STM32CubeIDE_2.1.0/STM32CubeIDE/plugins/com.st.stm32cube.ide.mcu.externaltools.gnu-tools-for-stm32.14.3.rel1.win32_1.0.100.202602081740/tools/bin/../lib/gcc/arm-none-eabi/14.3.1/thumb/v7e-m+fp/hard/crtbegin.o
 .text          0x08000210       0x10 C:/ST/STM32CubeIDE_2.1.0/STM32CubeIDE/plugins/com.st.stm32cube.ide.mcu.externaltools.gnu-tools-for-stm32.14.3.rel1.win32_1.0.100.202602081740/tools/bin/../lib/gcc/arm-none-eabi/14.3.1/../../../../arm-none-eabi/lib/thumb/v7e-m+fp/hard\libc_nano.a(libc_a-strlen.o)
                0x08000210                strlen
 .text          0x08000220       0xa0 C:/ST/STM32CubeIDE_2.1.0/STM32CubeIDE/plugins/com.st.stm32cube.ide.mcu.externaltools.gnu-tools-for-stm32.14.3.rel1.win32_1.0.100.202602081740/tools/bin/../lib/gcc/arm-none-eabi/14.3.1/../../../../arm-none-eabi/lib/thumb/v7e-m+fp/hard\libc_nano.a(libc_a-memchr.o)
                0x08000220                memchr
 .text          0x080002c0       0x30 C:/ST/STM32CubeIDE_2.1.0/STM32CubeIDE/plugins/com.st.stm32cube.ide.mcu.externaltools.gnu-tools-for-stm32.14.3.rel1.win32_1.0.100.202602081740/tools/bin/../lib/gcc/arm-none-eabi/14.3.1/thumb/v7e-m+fp/hard\libgcc.a(_aeabi_uldivmod.o)
                0x080002c0                __aeabi_uldivmod
 .text          0x080002f0      0x2f8 C:/ST/STM32CubeIDE_2.1.0/STM32CubeIDE/plugins/com.st.stm32cube.ide.mcu.externaltools.gnu-tools-for-stm32.14.3.rel1.win32_1.0.100.202602081740/tools/bin/../lib/gcc/arm-none-eabi/14.3.1/thumb/v7e-m+fp/hard\libgcc.a(_udivmoddi4.o)
                0x080002f0                __udivmoddi4
 .text          0x080005e8        0x4 C:/ST/STM32CubeIDE_2.1.0/STM32CubeIDE/plugins/com.st.stm32cube.ide.mcu.externaltools.gnu-tools-for-stm32.14.3.rel1.win32_1.0.100.202602081740/tools/bin/../lib/gcc/arm-none-eabi/14.3.1/thumb/v7e-m+fp/hard\libgcc.a(_dvmd_tls.o)
                0x080005e8                __aeabi_idiv0
                0x080005e8                __aeabi_ldiv0
 *(.text*)
 .text.LCD_Init
                0x080005ec      0x1f8 ./Core/Src/ili9341.o
                0x080005ec                LCD_Init
 .text.LCD_CMD  0x080007e4       0x68 ./Core/Src/ili9341.o
                0x080007e4                LCD_CMD
 .text.LCD_DATA
                0x0800084c       0x40 ./Core/Src/ili9341.o
                0x0800084c                LCD_DATA
 .text.SetWindows
                0x0800088c       0x80 ./Core/Src/ili9341.o
                0x0800088c                SetWindows
 .text.LCD_Clear
                0x0800090c       0x78 ./Core/Src/ili9341.o
                0x0800090c                LCD_Clear
 .text.LCD_Print
                0x08000984      0x1d0 ./Core/Src/ili9341.o
                0x08000984                LCD_Print
 .text.LCD_Bitmap
                0x08000b54       0x90 ./Core/Src/ili9341.o
                0x08000b54                LCD_Bitmap
 .text.LCD_Bitmap_DMA
                0x08000be4       0x68 ./Core/Src/ili9341.o
                0x08000be4                LCD_Bitmap_DMA
 .text.LCD_DibujarSpriteUniversal
                0x08000c4c       0xf4 ./Core/Src/ili9341.o
                0x08000c4c                LCD_DibujarSpriteUniversal
 .text.LCD_RestaurarFondo
                0x08000d40       0xbc ./Core/Src/ili9341.o
                0x08000d40                LCD_RestaurarFondo
 .text.actualizarY_Mario
                0x08000dfc      0x120 ./Core/Src/main.o
                0x08000dfc                actualizarY_Mario
 .text.crearBarril
                0x08000f1c       0x80 ./Core/Src/main.o
                0x08000f1c                crearBarril
 .text.actualizarY_Objeto
                0x08000f9c      0x110 ./Core/Src/main.o
                0x08000f9c                actualizarY_Objeto
 .text.actualizarBarriles
                0x080010ac      0x21c ./Core/Src/main.o
                0x080010ac                actualizarBarriles
 .text.main     0x080012c8      0x88c ./Core/Src/main.o
                0x080012c8                main
 .text.SystemClock_Config
                0x08001b54       0xdc ./Core/Src/main.o
                0x08001b54                SystemClock_Config
 .text.MX_SPI1_Init
                0x08001c30       0x6c ./Core/Src/main.o
 .text.MX_USART1_UART_Init
                0x08001c9c       0x54 ./Core/Src/main.o
 .text.MX_USART2_UART_Init
                0x08001cf0       0x54 ./Core/Src/main.o
 .text.MX_USART6_UART_Init
                0x08001d44       0x54 ./Core/Src/main.o
 .text.MX_DMA_Init
                0x08001d98       0x40 ./Core/Src/main.o
 .text.MX_GPIO_Init
                0x08001dd8      0x12c ./Core/Src/main.o
 .text.HAL_UART_RxCpltCallback
                0x08001f04      0x1a4 ./Core/Src/main.o
                0x08001f04                HAL_UART_RxCpltCallback
 .text.HAL_SPI_TxCpltCallback
                0x080020a8       0x2c ./Core/Src/main.o
                0x080020a8                HAL_SPI_TxCpltCallback
 .text.Error_Handler
                0x080020d4        0xc ./Core/Src/main.o
                0x080020d4                Error_Handler
 .text.HAL_MspInit
                0x080020e0       0x50 ./Core/Src/stm32f4xx_hal_msp.o
                0x080020e0                HAL_MspInit
 .text.HAL_SPI_MspInit
                0x08002130      0x104 ./Core/Src/stm32f4xx_hal_msp.o
                0x08002130                HAL_SPI_MspInit
 .text.HAL_UART_MspInit
                0x08002234      0x194 ./Core/Src/stm32f4xx_hal_msp.o
                0x08002234                HAL_UART_MspInit
 .text.NMI_Handler
                0x080023c8        0x8 ./Core/Src/stm32f4xx_it.o
                0x080023c8                NMI_Handler
 .text.HardFault_Handler
                0x080023d0        0x8 ./Core/Src/stm32f4xx_it.o
                0x080023d0                HardFault_Handler
 .text.MemManage_Handler
                0x080023d8        0x8 ./Core/Src/stm32f4xx_it.o
                0x080023d8                MemManage_Handler
 .text.BusFault_Handler
                0x080023e0        0x8 ./Core/Src/stm32f4xx_it.o
                0x080023e0                BusFault_Handler
 .text.UsageFault_Handler
                0x080023e8        0x8 ./Core/Src/stm32f4xx_it.o
                0x080023e8                UsageFault_Handler
 .text.SVC_Handler
                0x080023f0        0xe ./Core/Src/stm32f4xx_it.o
                0x080023f0                SVC_Handler
 .text.DebugMon_Handler
                0x080023fe        0xe ./Core/Src/stm32f4xx_it.o
                0x080023fe                DebugMon_Handler
 .text.PendSV_Handler
                0x0800240c        0xe ./Core/Src/stm32f4xx_it.o
                0x0800240c                PendSV_Handler
 .text.SysTick_Handler
                0x0800241a        0xc ./Core/Src/stm32f4xx_it.o
                0x0800241a                SysTick_Handler
 *fill*         0x08002426        0x2 
 .text.SPI1_IRQHandler
                0x08002428       0x14 ./Core/Src/stm32f4xx_it.o
                0x08002428                SPI1_IRQHandler
 .text.USART1_IRQHandler
                0x0800243c       0x14 ./Core/Src/stm32f4xx_it.o
                0x0800243c                USART1_IRQHandler
 .text.USART2_IRQHandler
                0x08002450       0x14 ./Core/Src/stm32f4xx_it.o
                0x08002450                USART2_IRQHandler
 .text.DMA2_Stream3_IRQHandler
                0x08002464       0x14 ./Core/Src/stm32f4xx_it.o
                0x08002464                DMA2_Stream3_IRQHandler
 .text.USART6_IRQHandler
                0x08002478       0x14 ./Core/Src/stm32f4xx_it.o
                0x08002478                USART6_IRQHandler
 .text._getpid  0x0800248c       0x10 ./Core/Src/syscalls.o
                0x0800248c                _getpid
 .text._kill    0x0800249c       0x20 ./Core/Src/syscalls.o
                0x0800249c                _kill
 .text._exit    0x080024bc       0x16 ./Core/Src/syscalls.o
                0x080024bc                _exit
 .text._read    0x080024d2       0x3a ./Core/Src/syscalls.o
                0x080024d2                _read
 .text._write   0x0800250c       0x38 ./Core/Src/syscalls.o
                0x0800250c                _write
 .text._close   0x08002544       0x18 ./Core/Src/syscalls.o
                0x08002544                _close
 .text._fstat   0x0800255c       0x20 ./Core/Src/syscalls.o
                0x0800255c                _fstat
 .text._isatty  0x0800257c       0x16 ./Core/Src/syscalls.o
                0x0800257c                _isatty
 .text._lseek   0x08002592       0x1a ./Core/Src/syscalls.o
                0x08002592                _lseek
 .text._sbrk    0x080025ac       0x6c ./Core/Src/sysmem.o
                0x080025ac                _sbrk
 .text.SystemInit
                0x08002618       0x24 ./Core/Src/system_stm32f4xx.o
                0x08002618                SystemInit
 .text.Reset_Handler
                0x0800263c       0x50 ./Core/Startup/startup_stm32f446retx.o
                0x0800263c                Reset_Handler
 .text.Default_Handler
                0x0800268c        0x2 ./Core/Startup/startup_stm32f446retx.o
                0x0800268c                RTC_Alarm_IRQHandler
                0x0800268c                EXTI2_IRQHandler
                0x0800268c                TIM8_CC_IRQHandler
                0x0800268c                FMPI2C1_EV_IRQHandler
                0x0800268c                SPI4_IRQHandler
                0x0800268c                TIM1_CC_IRQHandler
                0x0800268c                DMA2_Stream5_IRQHandler
                0x0800268c                DMA1_Stream5_IRQHandler
                0x0800268c                PVD_IRQHandler
                0x0800268c                SDIO_IRQHandler
                0x0800268c                TAMP_STAMP_IRQHandler
                0x0800268c                CAN2_RX1_IRQHandler
                0x0800268c                EXTI3_IRQHandler
                0x0800268c                TIM8_TRG_COM_TIM14_IRQHandler
                0x0800268c                TIM1_UP_TIM10_IRQHandler
                0x0800268c                TIM8_UP_TIM13_IRQHandler
                0x0800268c                I2C3_ER_IRQHandler
                0x0800268c                EXTI0_IRQHandler
                0x0800268c                I2C2_EV_IRQHandler
                0x0800268c                DMA1_Stream2_IRQHandler
                0x0800268c                CAN1_RX0_IRQHandler
                0x0800268c                FPU_IRQHandler
                0x0800268c                OTG_HS_WKUP_IRQHandler
                0x0800268c                CAN2_SCE_IRQHandler
                0x0800268c                DMA2_Stream2_IRQHandler
                0x0800268c                TIM6_DAC_IRQHandler
                0x0800268c                TIM1_BRK_TIM9_IRQHandler
                0x0800268c                DCMI_IRQHandler
                0x0800268c                CAN2_RX0_IRQHandler
                0x0800268c                SAI2_IRQHandler
                0x0800268c                USART3_IRQHandler
                0x0800268c                CAN1_RX1_IRQHandler
                0x0800268c                UART5_IRQHandler
                0x0800268c                DMA2_Stream0_IRQHandler
                0x0800268c                TIM4_IRQHandler
                0x0800268c                QUADSPI_IRQHandler
                0x0800268c                I2C1_EV_IRQHandler
                0x0800268c                DMA1_Stream6_IRQHandler
                0x0800268c                DMA1_Stream1_IRQHandler
                0x0800268c                UART4_IRQHandler
                0x0800268c                TIM3_IRQHandler
                0x0800268c                RCC_IRQHandler
                0x0800268c                TIM8_BRK_TIM12_IRQHandler
                0x0800268c                Default_Handler
                0x0800268c                CEC_IRQHandler
                0x0800268c                EXTI15_10_IRQHandler
                0x0800268c                ADC_IRQHandler
                0x0800268c                DMA1_Stream7_IRQHandler
                0x0800268c                TIM7_IRQHandler
                0x0800268c                CAN2_TX_IRQHandler
                0x0800268c                TIM5_IRQHandler
                0x0800268c                DMA2_Stream7_IRQHandler
                0x0800268c                I2C3_EV_IRQHandler
                0x0800268c                EXTI9_5_IRQHandler
                0x0800268c                RTC_WKUP_IRQHandler
                0x0800268c                SPDIF_RX_IRQHandler
                0x0800268c                SPI2_IRQHandler
                0x0800268c                OTG_HS_EP1_IN_IRQHandler
                0x0800268c                DMA1_Stream0_IRQHandler
                0x0800268c                CAN1_TX_IRQHandler
                0x0800268c                FMPI2C1_ER_IRQHandler
                0x0800268c                EXTI4_IRQHandler
                0x0800268c                OTG_HS_EP1_OUT_IRQHandler
                0x0800268c                WWDG_IRQHandler
                0x0800268c                TIM2_IRQHandler
                0x0800268c                OTG_FS_WKUP_IRQHandler
                0x0800268c                TIM1_TRG_COM_TIM11_IRQHandler
                0x0800268c                OTG_HS_IRQHandler
                0x0800268c                EXTI1_IRQHandler
                0x0800268c                I2C2_ER_IRQHandler
                0x0800268c                DMA2_Stream1_IRQHandler
                0x0800268c                CAN1_SCE_IRQHandler
                0x0800268c                FLASH_IRQHandler
                0x0800268c                DMA2_Stream4_IRQHandler
                0x0800268c                OTG_FS_IRQHandler
                0x0800268c                SPI3_IRQHandler
                0x0800268c                DMA1_Stream4_IRQHandler
                0x0800268c                I2C1_ER_IRQHandler
                0x0800268c                FMC_IRQHandler
                0x0800268c                DMA2_Stream6_IRQHandler
                0x0800268c                SAI1_IRQHandler
                0x0800268c                DMA1_Stream3_IRQHandler
 *fill*         0x0800268e        0x2 
 .text.HAL_Init
                0x08002690       0x44 ./Drivers/STM32F4xx_HAL_Driver/Src/stm32f4xx_hal.o
                0x08002690                HAL_Init
 .text.HAL_InitTick
                0x080026d4       0x60 ./Drivers/STM32F4xx_HAL_Driver/Src/stm32f4xx_hal.o
                0x080026d4                HAL_InitTick
 .text.HAL_IncTick
                0x08002734       0x28 ./Drivers/STM32F4xx_HAL_Driver/Src/stm32f4xx_hal.o
                0x08002734                HAL_IncTick
 .text.HAL_GetTick
                0x0800275c       0x18 ./Drivers/STM32F4xx_HAL_Driver/Src/stm32f4xx_hal.o
                0x0800275c                HAL_GetTick
 .text.HAL_Delay
                0x08002774       0x48 ./Drivers/STM32F4xx_HAL_Driver/Src/stm32f4xx_hal.o
                0x08002774                HAL_Delay
 .text.__NVIC_SetPriorityGrouping
                0x080027bc       0x48 ./Drivers/STM32F4xx_HAL_Driver/Src/stm32f4xx_hal_cortex.o
 .text.__NVIC_GetPriorityGrouping
                0x08002804       0x1c ./Drivers/STM32F4xx_HAL_Driver/Src/stm32f4xx_hal_cortex.o
 .text.__NVIC_EnableIRQ
                0x08002820       0x3c ./Drivers/STM32F4xx_HAL_Driver/Src/stm32f4xx_hal_cortex.o
 .text.__NVIC_SetPriority
                0x0800285c       0x54 ./Drivers/STM32F4xx_HAL_Driver/Src/stm32f4xx_hal_cortex.o
 .text.NVIC_EncodePriority
                0x080028b0       0x66 ./Drivers/STM32F4xx_HAL_Driver/Src/stm32f4xx_hal_cortex.o
 *fill*         0x08002916        0x2 
 .text.SysTick_Config
                0x08002918       0x44 ./Drivers/STM32F4xx_HAL_Driver/Src/stm32f4xx_hal_cortex.o
 .text.HAL_NVIC_SetPriorityGrouping
                0x0800295c       0x16 ./Drivers/STM32F4xx_HAL_Driver/Src/stm32f4xx_hal_cortex.o
                0x0800295c                HAL_NVIC_SetPriorityGrouping
 .text.HAL_NVIC_SetPriority
                0x08002972       0x38 ./Drivers/STM32F4xx_HAL_Driver/Src/stm32f4xx_hal_cortex.o
                0x08002972                HAL_NVIC_SetPriority
 .text.HAL_NVIC_EnableIRQ
                0x080029aa       0x1c ./Drivers/STM32F4xx_HAL_Driver/Src/stm32f4xx_hal_cortex.o
                0x080029aa                HAL_NVIC_EnableIRQ
 .text.HAL_SYSTICK_Config
                0x080029c6       0x18 ./Drivers/STM32F4xx_HAL_Driver/Src/stm32f4xx_hal_cortex.o
                0x080029c6                HAL_SYSTICK_Config
 *fill*         0x080029de        0x2 
 .text.HAL_DMA_Init
                0x080029e0      0x15c ./Drivers/STM32F4xx_HAL_Driver/Src/stm32f4xx_hal_dma.o
                0x080029e0                HAL_DMA_Init
 .text.HAL_DMA_Start_IT
                0x08002b3c       0xb0 ./Drivers/STM32F4xx_HAL_Driver/Src/stm32f4xx_hal_dma.o
                0x08002b3c                HAL_DMA_Start_IT
 .text.HAL_DMA_Abort
                0x08002bec       0xe0 ./Drivers/STM32F4xx_HAL_Driver/Src/stm32f4xx_hal_dma.o
                0x08002bec                HAL_DMA_Abort
 .text.HAL_DMA_Abort_IT
                0x08002ccc       0x44 ./Drivers/STM32F4xx_HAL_Driver/Src/stm32f4xx_hal_dma.o
                0x08002ccc                HAL_DMA_Abort_IT
 .text.HAL_DMA_IRQHandler
                0x08002d10      0x314 ./Drivers/STM32F4xx_HAL_Driver/Src/stm32f4xx_hal_dma.o
                0x08002d10                HAL_DMA_IRQHandler
 .text.DMA_SetConfig
                0x08003024       0x5c ./Drivers/STM32F4xx_HAL_Driver/Src/stm32f4xx_hal_dma.o
 .text.DMA_CalcBaseAndBitshift
                0x08003080       0x6c ./Drivers/STM32F4xx_HAL_Driver/Src/stm32f4xx_hal_dma.o
 .text.DMA_CheckFifoParam
                0x080030ec       0xf8 ./Drivers/STM32F4xx_HAL_Driver/Src/stm32f4xx_hal_dma.o
 .text.HAL_GPIO_Init
                0x080031e4      0x328 ./Drivers/STM32F4xx_HAL_Driver/Src/stm32f4xx_hal_gpio.o
                0x080031e4                HAL_GPIO_Init
 .text.HAL_GPIO_WritePin
                0x0800350c       0x32 ./Drivers/STM32F4xx_HAL_Driver/Src/stm32f4xx_hal_gpio.o
                0x0800350c                HAL_GPIO_WritePin
 *fill*         0x0800353e        0x2 
 .text.HAL_RCC_ClockConfig
                0x08003540      0x1cc ./Drivers/STM32F4xx_HAL_Driver/Src/stm32f4xx_hal_rcc.o
                0x08003540                HAL_RCC_ClockConfig
 .text.HAL_RCC_GetHCLKFreq
                0x0800370c       0x18 ./Drivers/STM32F4xx_HAL_Driver/Src/stm32f4xx_hal_rcc.o
                0x0800370c                HAL_RCC_GetHCLKFreq
 .text.HAL_RCC_GetPCLK1Freq
                0x08003724       0x28 ./Drivers/STM32F4xx_HAL_Driver/Src/stm32f4xx_hal_rcc.o
                0x08003724                HAL_RCC_GetPCLK1Freq
 .text.HAL_RCC_GetPCLK2Freq
                0x0800374c       0x28 ./Drivers/STM32F4xx_HAL_Driver/Src/stm32f4xx_hal_rcc.o
                0x0800374c                HAL_RCC_GetPCLK2Freq
 .text.HAL_RCC_GetSysClockFreq
                0x08003774      0x460 ./Drivers/STM32F4xx_HAL_Driver/Src/stm32f4xx_hal_rcc_ex.o
                0x08003774                HAL_RCC_GetSysClockFreq
 .text.HAL_RCC_OscConfig
                0x08003bd4      0x53c ./Drivers/STM32F4xx_HAL_Driver/Src/stm32f4xx_hal_rcc_ex.o
                0x08003bd4                HAL_RCC_OscConfig
 .text.HAL_SPI_Init
                0x08004110      0x112 ./Drivers/STM32F4xx_HAL_Driver/Src/stm32f4xx_hal_spi.o
                0x08004110                HAL_SPI_Init
 .text.HAL_SPI_Transmit
                0x08004222      0x288 ./Drivers/STM32F4xx_HAL_Driver/Src/stm32f4xx_hal_spi.o
                0x08004222                HAL_SPI_Transmit
 *fill*         0x080044aa        0x2 
 .text.HAL_SPI_Transmit_DMA
                0x080044ac      0x164 ./Drivers/STM32F4xx_HAL_Driver/Src/stm32f4xx_hal_spi.o
                0x080044ac                HAL_SPI_Transmit_DMA
 .text.HAL_SPI_IRQHandler
                0x08004610      0x200 ./Drivers/STM32F4xx_HAL_Driver/Src/stm32f4xx_hal_spi.o
                0x08004610                HAL_SPI_IRQHandler
 .text.HAL_SPI_TxHalfCpltCallback
                0x08004810       0x14 ./Drivers/STM32F4xx_HAL_Driver/Src/stm32f4xx_hal_spi.o
                0x08004810                HAL_SPI_TxHalfCpltCallback
 .text.HAL_SPI_ErrorCallback
                0x08004824       0x14 ./Drivers/STM32F4xx_HAL_Driver/Src/stm32f4xx_hal_spi.o
                0x08004824                HAL_SPI_ErrorCallback
 .text.SPI_DMATransmitCplt
                0x08004838       0xa8 ./Drivers/STM32F4xx_HAL_Driver/Src/stm32f4xx_hal_spi.o
 .text.SPI_DMAHalfTransmitCplt
                0x080048e0       0x1c ./Drivers/STM32F4xx_HAL_Driver/Src/stm32f4xx_hal_spi.o
 .text.SPI_DMAError
                0x080048fc       0x40 ./Drivers/STM32F4xx_HAL_Driver/Src/stm32f4xx_hal_spi.o
 .text.SPI_DMAAbortOnError
                0x0800493c       0x28 ./Drivers/STM32F4xx_HAL_Driver/Src/stm32f4xx_hal_spi.o
 .text.SPI_WaitFlagStateUntilTimeout
                0x08004964      0x110 ./Drivers/STM32F4xx_HAL_Driver/Src/stm32f4xx_hal_spi.o
 .text.SPI_EndRxTxTransaction
                0x08004a74       0xa8 ./Drivers/STM32F4xx_HAL_Driver/Src/stm32f4xx_hal_spi.o
 .text.HAL_UART_Init
                0x08004b1c       0xa0 ./Drivers/STM32F4xx_HAL_Driver/Src/stm32f4xx_hal_uart.o
                0x08004b1c                HAL_UART_Init
 .text.HAL_UART_Transmit
                0x08004bbc      0x116 ./Drivers/STM32F4xx_HAL_Driver/Src/stm32f4xx_hal_uart.o
                0x08004bbc                HAL_UART_Transmit
 .text.HAL_UART_Receive_IT
                0x08004cd2       0x4a ./Drivers/STM32F4xx_HAL_Driver/Src/stm32f4xx_hal_uart.o
                0x08004cd2                HAL_UART_Receive_IT
 .text.HAL_UART_IRQHandler
                0x08004d1c      0x554 ./Drivers/STM32F4xx_HAL_Driver/Src/stm32f4xx_hal_uart.o
                0x08004d1c                HAL_UART_IRQHandler
 .text.HAL_UART_TxCpltCallback
                0x08005270       0x14 ./Drivers/STM32F4xx_HAL_Driver/Src/stm32f4xx_hal_uart.o
                0x08005270                HAL_UART_TxCpltCallback
 .text.HAL_UART_ErrorCallback
                0x08005284       0x14 ./Drivers/STM32F4xx_HAL_Driver/Src/stm32f4xx_hal_uart.o
                0x08005284                HAL_UART_ErrorCallback
 .text.HAL_UARTEx_RxEventCallback
                0x08005298       0x18 ./Drivers/STM32F4xx_HAL_Driver/Src/stm32f4xx_hal_uart.o
                0x08005298                HAL_UARTEx_RxEventCallback
 .text.UART_WaitOnFlagUntilTimeout
                0x080052b0       0xb2 ./Drivers/STM32F4xx_HAL_Driver/Src/stm32f4xx_hal_uart.o
 .text.UART_Start_Receive_IT
                0x08005362       0x74 ./Drivers/STM32F4xx_HAL_Driver/Src/stm32f4xx_hal_uart.o
                0x08005362                UART_Start_Receive_IT
 .text.UART_EndRxTransfer
                0x080053d6       0xc6 ./Drivers/STM32F4xx_HAL_Driver/Src/stm32f4xx_hal_uart.o
 .text.UART_DMAAbortOnError
                0x0800549c       0x22 ./Drivers/STM32F4xx_HAL_Driver/Src/stm32f4xx_hal_uart.o
 .text.UART_Transmit_IT
                0x080054be       0xa0 ./Drivers/STM32F4xx_HAL_Driver/Src/stm32f4xx_hal_uart.o
 .text.UART_EndTransmit_IT
                0x0800555e       0x30 ./Drivers/STM32F4xx_HAL_Driver/Src/stm32f4xx_hal_uart.o
 .text.UART_Receive_IT
                0x0800558e      0x17c ./Drivers/STM32F4xx_HAL_Driver/Src/stm32f4xx_hal_uart.o
 *fill*         0x0800570a        0x2 
 .text.UART_SetConfig
                0x0800570c      0x4e8 ./Drivers/STM32F4xx_HAL_Driver/Src/stm32f4xx_hal_uart.o
 .text.rand     0x08005bf4       0x7c C:/ST/STM32CubeIDE_2.1.0/STM32CubeIDE/plugins/com.st.stm32cube.ide.mcu.externaltools.gnu-tools-for-stm32.14.3.rel1.win32_1.0.100.202602081740/tools/bin/../lib/gcc/arm-none-eabi/14.3.1/../../../../arm-none-eabi/lib/thumb/v7e-m+fp/hard\libc_nano.a(libc_a-rand.o)
                0x08005bf4                rand
 .text.std      0x08005c70       0x6c C:/ST/STM32CubeIDE_2.1.0/STM32CubeIDE/plugins/com.st.stm32cube.ide.mcu.externaltools.gnu-tools-for-stm32.14.3.rel1.win32_1.0.100.202602081740/tools/bin/../lib/gcc/arm-none-eabi/14.3.1/../../../../arm-none-eabi/lib/thumb/v7e-m+fp/hard\libc_nano.a(libc_a-findfp.o)
 .text.stdio_exit_handler
                0x08005cdc       0x18 C:/ST/STM32CubeIDE_2.1.0/STM32CubeIDE/plugins/com.st.stm32cube.ide.mcu.externaltools.gnu-tools-for-stm32.14.3.rel1.win32_1.0.100.202602081740/tools/bin/../lib/gcc/arm-none-eabi/14.3.1/../../../../arm-none-eabi/lib/thumb/v7e-m+fp/hard\libc_nano.a(libc_a-findfp.o)
 .text.cleanup_stdio
                0x08005cf4       0x40 C:/ST/STM32CubeIDE_2.1.0/STM32CubeIDE/plugins/com.st.stm32cube.ide.mcu.externaltools.gnu-tools-for-stm32.14.3.rel1.win32_1.0.100.202602081740/tools/bin/../lib/gcc/arm-none-eabi/14.3.1/../../../../arm-none-eabi/lib/thumb/v7e-m+fp/hard\libc_nano.a(libc_a-findfp.o)
 .text.global_stdio_init.part.0
                0x08005d34       0x40 C:/ST/STM32CubeIDE_2.1.0/STM32CubeIDE/plugins/com.st.stm32cube.ide.mcu.externaltools.gnu-tools-for-stm32.14.3.rel1.win32_1.0.100.202602081740/tools/bin/../lib/gcc/arm-none-eabi/14.3.1/../../../../arm-none-eabi/lib/thumb/v7e-m+fp/hard\libc_nano.a(libc_a-findfp.o)
 .text.__sfp_lock_acquire
                0x08005d74        0xc C:/ST/STM32CubeIDE_2.1.0/STM32CubeIDE/plugins/com.st.stm32cube.ide.mcu.externaltools.gnu-tools-for-stm32.14.3.rel1.win32_1.0.100.202602081740/tools/bin/../lib/gcc/arm-none-eabi/14.3.1/../../../../arm-none-eabi/lib/thumb/v7e-m+fp/hard\libc_nano.a(libc_a-findfp.o)
                0x08005d74                __sfp_lock_acquire
 .text.__sfp_lock_release
                0x08005d80        0xc C:/ST/STM32CubeIDE_2.1.0/STM32CubeIDE/plugins/com.st.stm32cube.ide.mcu.externaltools.gnu-tools-for-stm32.14.3.rel1.win32_1.0.100.202602081740/tools/bin/../lib/gcc/arm-none-eabi/14.3.1/../../../../arm-none-eabi/lib/thumb/v7e-m+fp/hard\libc_nano.a(libc_a-findfp.o)
                0x08005d80                __sfp_lock_release
 .text.__sinit  0x08005d8c       0x30 C:/ST/STM32CubeIDE_2.1.0/STM32CubeIDE/plugins/com.st.stm32cube.ide.mcu.externaltools.gnu-tools-for-stm32.14.3.rel1.win32_1.0.100.202602081740/tools/bin/../lib/gcc/arm-none-eabi/14.3.1/../../../../arm-none-eabi/lib/thumb/v7e-m+fp/hard\libc_nano.a(libc_a-findfp.o)
                0x08005d8c                __sinit
 .text._fwalk_sglue
                0x08005dbc       0x3c C:/ST/STM32CubeIDE_2.1.0/STM32CubeIDE/plugins/com.st.stm32cube.ide.mcu.externaltools.gnu-tools-for-stm32.14.3.rel1.win32_1.0.100.202602081740/tools/bin/../lib/gcc/arm-none-eabi/14.3.1/../../../../arm-none-eabi/lib/thumb/v7e-m+fp/hard\libc_nano.a(libc_a-fwalk.o)
                0x08005dbc                _fwalk_sglue
 .text.__sread  0x08005df8       0x22 C:/ST/STM32CubeIDE_2.1.0/STM32CubeIDE/plugins/com.st.stm32cube.ide.mcu.externaltools.gnu-tools-for-stm32.14.3.rel1.win32_1.0.100.202602081740/tools/bin/../lib/gcc/arm-none-eabi/14.3.1/../../../../arm-none-eabi/lib/thumb/v7e-m+fp/hard\libc_nano.a(libc_a-stdio.o)
                0x08005df8                __sread
 .text.__swrite
                0x08005e1a       0x38 C:/ST/STM32CubeIDE_2.1.0/STM32CubeIDE/plugins/com.st.stm32cube.ide.mcu.externaltools.gnu-tools-for-stm32.14.3.rel1.win32_1.0.100.202602081740/tools/bin/../lib/gcc/arm-none-eabi/14.3.1/../../../../arm-none-eabi/lib/thumb/v7e-m+fp/hard\libc_nano.a(libc_a-stdio.o)
                0x08005e1a                __swrite
 .text.__sseek  0x08005e52       0x26 C:/ST/STM32CubeIDE_2.1.0/STM32CubeIDE/plugins/com.st.stm32cube.ide.mcu.externaltools.gnu-tools-for-stm32.14.3.rel1.win32_1.0.100.202602081740/tools/bin/../lib/gcc/arm-none-eabi/14.3.1/../../../../arm-none-eabi/lib/thumb/v7e-m+fp/hard\libc_nano.a(libc_a-stdio.o)
                0x08005e52                __sseek
 .text.__sclose
                0x08005e78        0x8 C:/ST/STM32CubeIDE_2.1.0/STM32CubeIDE/plugins/com.st.stm32cube.ide.mcu.externaltools.gnu-tools-for-stm32.14.3.rel1.win32_1.0.100.202602081740/tools/bin/../lib/gcc/arm-none-eabi/14.3.1/../../../../arm-none-eabi/lib/thumb/v7e-m+fp/hard\libc_nano.a(libc_a-stdio.o)
                0x08005e78                __sclose
 .text.memset   0x08005e80       0x10 C:/ST/STM32CubeIDE_2.1.0/STM32CubeIDE/plugins/com.st.stm32cube.ide.mcu.externaltools.gnu-tools-for-stm32.14.3.rel1.win32_1.0.100.202602081740/tools/bin/../lib/gcc/arm-none-eabi/14.3.1/../../../../arm-none-eabi/lib/thumb/v7e-m+fp/hard\libc_nano.a(libc_a-memset.o)
                0x08005e80                memset
 .text._close_r
                0x08005e90       0x20 C:/ST/STM32CubeIDE_2.1.0/STM32CubeIDE/plugins/com.st.stm32cube.ide.mcu.externaltools.gnu-tools-for-stm32.14.3.rel1.win32_1.0.100.202602081740/tools/bin/../lib/gcc/arm-none-eabi/14.3.1/../../../../arm-none-eabi/lib/thumb/v7e-m+fp/hard\libc_nano.a(libc_a-closer.o)
                0x08005e90                _close_r
 .text._lseek_r
                0x08005eb0       0x24 C:/ST/STM32CubeIDE_2.1.0/STM32CubeIDE/plugins/com.st.stm32cube.ide.mcu.externaltools.gnu-tools-for-stm32.14.3.rel1.win32_1.0.100.202602081740/tools/bin/../lib/gcc/arm-none-eabi/14.3.1/../../../../arm-none-eabi/lib/thumb/v7e-m+fp/hard\libc_nano.a(libc_a-lseekr.o)
                0x08005eb0                _lseek_r
 .text._read_r  0x08005ed4       0x24 C:/ST/STM32CubeIDE_2.1.0/STM32CubeIDE/plugins/com.st.stm32cube.ide.mcu.externaltools.gnu-tools-for-stm32.14.3.rel1.win32_1.0.100.202602081740/tools/bin/../lib/gcc/arm-none-eabi/14.3.1/../../../../arm-none-eabi/lib/thumb/v7e-m+fp/hard\libc_nano.a(libc_a-readr.o)
                0x08005ed4                _read_r
 .text._write_r
                0x08005ef8       0x24 C:/ST/STM32CubeIDE_2.1.0/STM32CubeIDE/plugins/com.st.stm32cube.ide.mcu.externaltools.gnu-tools-for-stm32.14.3.rel1.win32_1.0.100.202602081740/tools/bin/../lib/gcc/arm-none-eabi/14.3.1/../../../../arm-none-eabi/lib/thumb/v7e-m+fp/hard\libc_nano.a(libc_a-writer.o)
                0x08005ef8                _write_r
 .text.__errno  0x08005f1c        0xc C:/ST/STM32CubeIDE_2.1.0/STM32CubeIDE/plugins/com.st.stm32cube.ide.mcu.externaltools.gnu-tools-for-stm32.14.3.rel1.win32_1.0.100.202602081740/tools/bin/../lib/gcc/arm-none-eabi/14.3.1/../../../../arm-none-eabi/lib/thumb/v7e-m+fp/hard\libc_nano.a(libc_a-errno.o)
                0x08005f1c                __errno
 .text.__libc_init_array
                0x08005f28       0x48 C:/ST/STM32CubeIDE_2.1.0/STM32CubeIDE/plugins/com.st.stm32cube.ide.mcu.externaltools.gnu-tools-for-stm32.14.3.rel1.win32_1.0.100.202602081740/tools/bin/../lib/gcc/arm-none-eabi/14.3.1/../../../../arm-none-eabi/lib/thumb/v7e-m+fp/hard\libc_nano.a(libc_a-init.o)
                0x08005f28                __libc_init_array
 .text.__retarget_lock_init_recursive
                0x08005f70        0x2 C:/ST/STM32CubeIDE_2.1.0/STM32CubeIDE/plugins/com.st.stm32cube.ide.mcu.externaltools.gnu-tools-for-stm32.14.3.rel1.win32_1.0.100.202602081740/tools/bin/../lib/gcc/arm-none-eabi/14.3.1/../../../../arm-none-eabi/lib/thumb/v7e-m+fp/hard\libc_nano.a(libc_a-lock.o)
                0x08005f70                __retarget_lock_init_recursive
 .text.__retarget_lock_acquire_recursive
                0x08005f72        0x2 C:/ST/STM32CubeIDE_2.1.0/STM32CubeIDE/plugins/com.st.stm32cube.ide.mcu.externaltools.gnu-tools-for-stm32.14.3.rel1.win32_1.0.100.202602081740/tools/bin/../lib/gcc/arm-none-eabi/14.3.1/../../../../arm-none-eabi/lib/thumb/v7e-m+fp/hard\libc_nano.a(libc_a-lock.o)
                0x08005f72                __retarget_lock_acquire_recursive
 .text.__retarget_lock_release_recursive
                0x08005f74        0x2 C:/ST/STM32CubeIDE_2.1.0/STM32CubeIDE/plugins/com.st.stm32cube.ide.mcu.externaltools.gnu-tools-for-stm32.14.3.rel1.win32_1.0.100.202602081740/tools/bin/../lib/gcc/arm-none-eabi/14.3.1/../../../../arm-none-eabi/lib/thumb/v7e-m+fp/hard\libc_nano.a(libc_a-lock.o)
                0x08005f74                __retarget_lock_release_recursive
 *fill*         0x08005f76        0x2 
 .text.__assert_func
                0x08005f78       0x3c C:/ST/STM32CubeIDE_2.1.0/STM32CubeIDE/plugins/com.st.stm32cube.ide.mcu.externaltools.gnu-tools-for-stm32.14.3.rel1.win32_1.0.100.202602081740/tools/bin/../lib/gcc/arm-none-eabi/14.3.1/../../../../arm-none-eabi/lib/thumb/v7e-m+fp/hard\libc_nano.a(libc_a-assert.o)
                0x08005f78                __assert_func
 .text._free_r  0x08005fb4       0x94 C:/ST/STM32CubeIDE_2.1.0/STM32CubeIDE/plugins/com.st.stm32cube.ide.mcu.externaltools.gnu-tools-for-stm32.14.3.rel1.win32_1.0.100.202602081740/tools/bin/../lib/gcc/arm-none-eabi/14.3.1/../../../../arm-none-eabi/lib/thumb/v7e-m+fp/hard\libc_nano.a(libc_a-freer.o)
                0x08005fb4                _free_r
 .text.malloc   0x08006048       0x10 C:/ST/STM32CubeIDE_2.1.0/STM32CubeIDE/plugins/com.st.stm32cube.ide.mcu.externaltools.gnu-tools-for-stm32.14.3.rel1.win32_1.0.100.202602081740/tools/bin/../lib/gcc/arm-none-eabi/14.3.1/../../../../arm-none-eabi/lib/thumb/v7e-m+fp/hard\libc_nano.a(libc_a-malloc.o)
                0x08006048                malloc
 .text.sbrk_aligned
                0x08006058       0x44 C:/ST/STM32CubeIDE_2.1.0/STM32CubeIDE/plugins/com.st.stm32cube.ide.mcu.externaltools.gnu-tools-for-stm32.14.3.rel1.win32_1.0.100.202602081740/tools/bin/../lib/gcc/arm-none-eabi/14.3.1/../../../../arm-none-eabi/lib/thumb/v7e-m+fp/hard\libc_nano.a(libc_a-mallocr.o)
 .text._malloc_r
                0x0800609c      0x100 C:/ST/STM32CubeIDE_2.1.0/STM32CubeIDE/plugins/com.st.stm32cube.ide.mcu.externaltools.gnu-tools-for-stm32.14.3.rel1.win32_1.0.100.202602081740/tools/bin/../lib/gcc/arm-none-eabi/14.3.1/../../../../arm-none-eabi/lib/thumb/v7e-m+fp/hard\libc_nano.a(libc_a-mallocr.o)
                0x0800609c                _malloc_r
 .text.__malloc_lock
                0x0800619c        0xc C:/ST/STM32CubeIDE_2.1.0/STM32CubeIDE/plugins/com.st.stm32cube.ide.mcu.externaltools.gnu-tools-for-stm32.14.3.rel1.win32_1.0.100.202602081740/tools/bin/../lib/gcc/arm-none-eabi/14.3.1/../../../../arm-none-eabi/lib/thumb/v7e-m+fp/hard\libc_nano.a(libc_a-mlock.o)
                0x0800619c                __malloc_lock
 .text.__malloc_unlock
                0x080061a8        0xc C:/ST/STM32CubeIDE_2.1.0/STM32CubeIDE/plugins/com.st.stm32cube.ide.mcu.externaltools.gnu-tools-for-stm32.14.3.rel1.win32_1.0.100.202602081740/tools/bin/../lib/gcc/arm-none-eabi/14.3.1/../../../../arm-none-eabi/lib/thumb/v7e-m+fp/hard\libc_nano.a(libc_a-mlock.o)
                0x080061a8                __malloc_unlock
 .text.__sflush_r
                0x080061b4      0x104 C:/ST/STM32CubeIDE_2.1.0/STM32CubeIDE/plugins/com.st.stm32cube.ide.mcu.externaltools.gnu-tools-for-stm32.14.3.rel1.win32_1.0.100.202602081740/tools/bin/../lib/gcc/arm-none-eabi/14.3.1/../../../../arm-none-eabi/lib/thumb/v7e-m+fp/hard\libc_nano.a(libc_a-fflush.o)
                0x080061b4                __sflush_r
 .text._fflush_r
                0x080062b8       0x50 C:/ST/STM32CubeIDE_2.1.0/STM32CubeIDE/plugins/com.st.stm32cube.ide.mcu.externaltools.gnu-tools-for-stm32.14.3.rel1.win32_1.0.100.202602081740/tools/bin/../lib/gcc/arm-none-eabi/14.3.1/../../../../arm-none-eabi/lib/thumb/v7e-m+fp/hard\libc_nano.a(libc_a-fflush.o)
                0x080062b8                _fflush_r
 .text.fprintf  0x08006308       0x24 C:/ST/STM32CubeIDE_2.1.0/STM32CubeIDE/plugins/com.st.stm32cube.ide.mcu.externaltools.gnu-tools-for-stm32.14.3.rel1.win32_1.0.100.202602081740/tools/bin/../lib/gcc/arm-none-eabi/14.3.1/../../../../arm-none-eabi/lib/thumb/v7e-m+fp/hard\libc_nano.a(libc_a-fprintf.o)
                0x08006308                fiprintf
                0x08006308                fprintf
 .text._sbrk_r  0x0800632c       0x20 C:/ST/STM32CubeIDE_2.1.0/STM32CubeIDE/plugins/com.st.stm32cube.ide.mcu.externaltools.gnu-tools-for-stm32.14.3.rel1.win32_1.0.100.202602081740/tools/bin/../lib/gcc/arm-none-eabi/14.3.1/../../../../arm-none-eabi/lib/thumb/v7e-m+fp/hard\libc_nano.a(libc_a-sbrkr.o)
                0x0800632c                _sbrk_r
 .text.abort    0x0800634c        0xe C:/ST/STM32CubeIDE_2.1.0/STM32CubeIDE/plugins/com.st.stm32cube.ide.mcu.externaltools.gnu-tools-for-stm32.14.3.rel1.win32_1.0.100.202602081740/tools/bin/../lib/gcc/arm-none-eabi/14.3.1/../../../../arm-none-eabi/lib/thumb/v7e-m+fp/hard\libc_nano.a(libc_a-abort.o)
                0x0800634c                abort
 .text.__sfputc_r
                0x0800635a       0x2e C:/ST/STM32CubeIDE_2.1.0/STM32CubeIDE/plugins/com.st.stm32cube.ide.mcu.externaltools.gnu-tools-for-stm32.14.3.rel1.win32_1.0.100.202602081740/tools/bin/../lib/gcc/arm-none-eabi/14.3.1/../../../../arm-none-eabi/lib/thumb/v7e-m+fp/hard\libc_nano.a(libc_a-nano-vfprintf.o)
 .text.__sfputs_r
                0x08006388       0x24 C:/ST/STM32CubeIDE_2.1.0/STM32CubeIDE/plugins/com.st.stm32cube.ide.mcu.externaltools.gnu-tools-for-stm32.14.3.rel1.win32_1.0.100.202602081740/tools/bin/../lib/gcc/arm-none-eabi/14.3.1/../../../../arm-none-eabi/lib/thumb/v7e-m+fp/hard\libc_nano.a(libc_a-nano-vfprintf.o)
                0x08006388                __sfputs_r
 .text._vfprintf_r
                0x080063ac      0x228 C:/ST/STM32CubeIDE_2.1.0/STM32CubeIDE/plugins/com.st.stm32cube.ide.mcu.externaltools.gnu-tools-for-stm32.14.3.rel1.win32_1.0.100.202602081740/tools/bin/../lib/gcc/arm-none-eabi/14.3.1/../../../../arm-none-eabi/lib/thumb/v7e-m+fp/hard\libc_nano.a(libc_a-nano-vfprintf.o)
                0x080063ac                _vfprintf_r
                0x080063ac                _vfiprintf_r
 .text._printf_common
                0x080065d4       0xda C:/ST/STM32CubeIDE_2.1.0/STM32CubeIDE/plugins/com.st.stm32cube.ide.mcu.externaltools.gnu-tools-for-stm32.14.3.rel1.win32_1.0.100.202602081740/tools/bin/../lib/gcc/arm-none-eabi/14.3.1/../../../../arm-none-eabi/lib/thumb/v7e-m+fp/hard\libc_nano.a(libc_a-nano-vfprintf_i.o)
                0x080065d4                _printf_common
 *fill*         0x080066ae        0x2 
 .text._printf_i
                0x080066b0      0x24c C:/ST/STM32CubeIDE_2.1.0/STM32CubeIDE/plugins/com.st.stm32cube.ide.mcu.externaltools.gnu-tools-for-stm32.14.3.rel1.win32_1.0.100.202602081740/tools/bin/../lib/gcc/arm-none-eabi/14.3.1/../../../../arm-none-eabi/lib/thumb/v7e-m+fp/hard\libc_nano.a(libc_a-nano-vfprintf_i.o)
                0x080066b0                _printf_i
 .text.__swbuf_r
                0x080068fc       0x7c C:/ST/STM32CubeIDE_2.1.0/STM32CubeIDE/plugins/com.st.stm32cube.ide.mcu.externaltools.gnu-tools-for-stm32.14.3.rel1.win32_1.0.100.202602081740/tools/bin/../lib/gcc/arm-none-eabi/14.3.1/../../../../arm-none-eabi/lib/thumb/v7e-m+fp/hard\libc_nano.a(libc_a-wbuf.o)
                0x080068fc                __swbuf_r
 .text.__swsetup_r
                0x08006978       0xa8 C:/ST/STM32CubeIDE_2.1.0/STM32CubeIDE/plugins/com.st.stm32cube.ide.mcu.externaltools.gnu-tools-for-stm32.14.3.rel1.win32_1.0.100.202602081740/tools/bin/../lib/gcc/arm-none-eabi/14.3.1/../../../../arm-none-eabi/lib/thumb/v7e-m+fp/hard\libc_nano.a(libc_a-wsetup.o)
                0x08006978                __swsetup_r
 .text._raise_r
                0x08006a20       0x50 C:/ST/STM32CubeIDE_2.1.0/STM32CubeIDE/plugins/com.st.stm32cube.ide.mcu.externaltools.gnu-tools-for-stm32.14.3.rel1.win32_1.0.100.202602081740/tools/bin/../lib/gcc/arm-none-eabi/14.3.1/../../../../arm-none-eabi/lib/thumb/v7e-m+fp/hard\libc_nano.a(libc_a-signal.o)
                0x08006a20                _raise_r
 .text.raise    0x08006a70       0x10 C:/ST/STM32CubeIDE_2.1.0/STM32CubeIDE/plugins/com.st.stm32cube.ide.mcu.externaltools.gnu-tools-for-stm32.14.3.rel1.win32_1.0.100.202602081740/tools/bin/../lib/gcc/arm-none-eabi/14.3.1/../../../../arm-none-eabi/lib/thumb/v7e-m+fp/hard\libc_nano.a(libc_a-signal.o)
                0x08006a70                raise
 .text._kill_r  0x08006a80       0x24 C:/ST/STM32CubeIDE_2.1.0/STM32CubeIDE/plugins/com.st.stm32cube.ide.mcu.externaltools.gnu-tools-for-stm32.14.3.rel1.win32_1.0.100.202602081740/tools/bin/../lib/gcc/arm-none-eabi/14.3.1/../../../../arm-none-eabi/lib/thumb/v7e-m+fp/hard\libc_nano.a(libc_a-signalr.o)
                0x08006a80                _kill_r
 .text._getpid_r
                0x08006aa4        0x4 C:/ST/STM32CubeIDE_2.1.0/STM32CubeIDE/plugins/com.st.stm32cube.ide.mcu.externaltools.gnu-tools-for-stm32.14.3.rel1.win32_1.0.100.202602081740/tools/bin/../lib/gcc/arm-none-eabi/14.3.1/../../../../arm-none-eabi/lib/thumb/v7e-m+fp/hard\libc_nano.a(libc_a-signalr.o)
                0x08006aa4                _getpid_r
 .text.__swhatbuf_r
                0x08006aa8       0x48 C:/ST/STM32CubeIDE_2.1.0/STM32CubeIDE/plugins/com.st.stm32cube.ide.mcu.externaltools.gnu-tools-for-stm32.14.3.rel1.win32_1.0.100.202602081740/tools/bin/../lib/gcc/arm-none-eabi/14.3.1/../../../../arm-none-eabi/lib/thumb/v7e-m+fp/hard\libc_nano.a(libc_a-makebuf.o)
                0x08006aa8                __swhatbuf_r
 .text.__smakebuf_r
                0x08006af0       0x72 C:/ST/STM32CubeIDE_2.1.0/STM32CubeIDE/plugins/com.st.stm32cube.ide.mcu.externaltools.gnu-tools-for-stm32.14.3.rel1.win32_1.0.100.202602081740/tools/bin/../lib/gcc/arm-none-eabi/14.3.1/../../../../arm-none-eabi/lib/thumb/v7e-m+fp/hard\libc_nano.a(libc_a-makebuf.o)
                0x08006af0                __smakebuf_r
 *fill*         0x08006b62        0x2 
 .text._fstat_r
                0x08006b64       0x24 C:/ST/STM32CubeIDE_2.1.0/STM32CubeIDE/plugins/com.st.stm32cube.ide.mcu.externaltools.gnu-tools-for-stm32.14.3.rel1.win32_1.0.100.202602081740/tools/bin/../lib/gcc/arm-none-eabi/14.3.1/../../../../arm-none-eabi/lib/thumb/v7e-m+fp/hard\libc_nano.a(libc_a-fstatr.o)
                0x08006b64                _fstat_r
 .text._isatty_r
                0x08006b88       0x20 C:/ST/STM32CubeIDE_2.1.0/STM32CubeIDE/plugins/com.st.stm32cube.ide.mcu.externaltools.gnu-tools-for-stm32.14.3.rel1.win32_1.0.100.202602081740/tools/bin/../lib/gcc/arm-none-eabi/14.3.1/../../../../arm-none-eabi/lib/thumb/v7e-m+fp/hard\libc_nano.a(libc_a-isattyr.o)
                0x08006b88                _isatty_r
 *(.glue_7)
 .glue_7        0x08006ba8        0x0 linker stubs
 *(.glue_7t)
 .glue_7t       0x08006ba8        0x0 linker stubs
 *(.eh_frame)
 .eh_frame      0x08006ba8        0x0 C:/ST/STM32CubeIDE_2.1.0/STM32CubeIDE/plugins/com.st.stm32cube.ide.mcu.externaltools.gnu-tools-for-stm32.14.3.rel1.win32_1.0.100.202602081740/tools/bin/../lib/gcc/arm-none-eabi/14.3.1/thumb/v7e-m+fp/hard/crtbegin.o
 *(.init)
 .init          0x08006ba8        0x4 C:/ST/STM32CubeIDE_2.1.0/STM32CubeIDE/plugins/com.st.stm32cube.ide.mcu.externaltools.gnu-tools-for-stm32.14.3.rel1.win32_1.0.100.202602081740/tools/bin/../lib/gcc/arm-none-eabi/14.3.1/thumb/v7e-m+fp/hard/crti.o
                0x08006ba8                _init
 .init          0x08006bac        0x8 C:/ST/STM32CubeIDE_2.1.0/STM32CubeIDE/plugins/com.st.stm32cube.ide.mcu.externaltools.gnu-tools-for-stm32.14.3.rel1.win32_1.0.100.202602081740/tools/bin/../lib/gcc/arm-none-eabi/14.3.1/thumb/v7e-m+fp/hard/crtn.o
 *(.fini)
 .fini          0x08006bb4        0x4 C:/ST/STM32CubeIDE_2.1.0/STM32CubeIDE/plugins/com.st.stm32cube.ide.mcu.externaltools.gnu-tools-for-stm32.14.3.rel1.win32_1.0.100.202602081740/tools/bin/../lib/gcc/arm-none-eabi/14.3.1/thumb/v7e-m+fp/hard/crti.o
                0x08006bb4                _fini
 .fini          0x08006bb8        0x8 C:/ST/STM32CubeIDE_2.1.0/STM32CubeIDE/plugins/com.st.stm32cube.ide.mcu.externaltools.gnu-tools-for-stm32.14.3.rel1.win32_1.0.100.202602081740/tools/bin/../lib/gcc/arm-none-eabi/14.3.1/thumb/v7e-m+fp/hard/crtn.o
                0x08006bc0                        . = ALIGN (0x4)
                0x08006bc0                        _etext = .

.vfp11_veneer   0x08006bc0        0x0
 .vfp11_veneer  0x08006bc0        0x0 linker stubs

.v4_bx          0x08006bc0        0x0
 .v4_bx         0x08006bc0        0x0 linker stubs

.iplt           0x08006bc0        0x0
 .iplt          0x08006bc0        0x0 C:/ST/STM32CubeIDE_2.1.0/STM32CubeIDE/plugins/com.st.stm32cube.ide.mcu.externaltools.gnu-tools-for-stm32.14.3.rel1.win32_1.0.100.202602081740/tools/bin/../lib/gcc/arm-none-eabi/14.3.1/thumb/v7e-m+fp/hard/crtbegin.o

.rodata         0x08006bc0    0x6c530
                0x08006bc0                        . = ALIGN (0x4)
 *(.rodata)
 .rodata        0x08006bc0       0x4b ./Core/Src/main.o
 *(.rodata*)
 *fill*         0x08006c0b        0x1 
 .rodata.smallFont
                0x08006c0c      0x474 ./Core/Src/font.o
                0x08006c0c                smallFont
 .rodata.bigFont
                0x08007080      0xbe0 ./Core/Src/font.o
                0x08007080                bigFont
 .rodata.fondo_nivel1
                0x08007c60    0x20a80 ./Core/Src/graficos.o
                0x08007c60                fondo_nivel1
 .rodata.inicio
                0x080286e0    0x25800 ./Core/Src/graficos.o
                0x080286e0                inicio
 .rodata.fondo_nivel2
                0x0804dee0    0x20d00 ./Core/Src/graficos.o
                0x0804dee0                fondo_nivel2
 .rodata.donkey_barril
                0x0806ebe0     0x1800 ./Core/Src/main.o
                0x0806ebe0                donkey_barril
 .rodata.barril_lateral
                0x080703e0      0x800 ./Core/Src/main.o
                0x080703e0                barril_lateral
 .rodata.princesa
                0x08070be0      0xf20 ./Core/Src/main.o
                0x08070be0                princesa
 .rodata.mario_brinca
                0x08071b00      0x200 ./Core/Src/main.o
                0x08071b00                mario_brinca
 .rodata.mario_camina
                0x08071d00      0x600 ./Core/Src/main.o
                0x08071d00                mario_camina
 .rodata.mario_subiendo
                0x08072300      0x400 ./Core/Src/main.o
                0x08072300                mario_subiendo
 .rodata.mario_escala
                0x08072700      0x800 ./Core/Src/main.o
                0x08072700                mario_escala
 .rodata.nivel1
                0x08072f00       0x70 ./Core/Src/main.o
                0x08072f00                nivel1
 .rodata.nivel1_escaleras
                0x08072f70       0x80 ./Core/Src/main.o
                0x08072f70                nivel1_escaleras
 .rodata.AHBPrescTable
                0x08072ff0       0x10 ./Core/Src/system_stm32f4xx.o
                0x08072ff0                AHBPrescTable
 .rodata.APBPrescTable
                0x08073000        0x8 ./Core/Src/system_stm32f4xx.o
                0x08073000                APBPrescTable
 .rodata.flagBitshiftOffset.0
                0x08073008        0x8 ./Drivers/STM32F4xx_HAL_Driver/Src/stm32f4xx_hal_dma.o
 .rodata.srand.str1.1
                0x08073010       0xde C:/ST/STM32CubeIDE_2.1.0/STM32CubeIDE/plugins/com.st.stm32cube.ide.mcu.externaltools.gnu-tools-for-stm32.14.3.rel1.win32_1.0.100.202602081740/tools/bin/../lib/gcc/arm-none-eabi/14.3.1/../../../../arm-none-eabi/lib/thumb/v7e-m+fp/hard\libc_nano.a(libc_a-rand.o)
                                 0x6f (size before relaxing)
 .rodata.__assert_func.str1.1
                0x080730ee       0x3d C:/ST/STM32CubeIDE_2.1.0/STM32CubeIDE/plugins/com.st.stm32cube.ide.mcu.externaltools.gnu-tools-for-stm32.14.3.rel1.win32_1.0.100.202602081740/tools/bin/../lib/gcc/arm-none-eabi/14.3.1/../../../../arm-none-eabi/lib/thumb/v7e-m+fp/hard\libc_nano.a(libc_a-assert.o)
 .rodata._vfprintf_r.str1.1
                0x080730ee       0x11 C:/ST/STM32CubeIDE_2.1.0/STM32CubeIDE/plugins/com.st.stm32cube.ide.mcu.externaltools.gnu-tools-for-stm32.14.3.rel1.win32_1.0.100.202602081740/tools/bin/../lib/gcc/arm-none-eabi/14.3.1/../../../../arm-none-eabi/lib/thumb/v7e-m+fp/hard\libc_nano.a(libc_a-nano-vfprintf.o)
 .rodata._printf_i.str1.1
                0x080730ee       0x22 C:/ST/STM32CubeIDE_2.1.0/STM32CubeIDE/plugins/com.st.stm32cube.ide.mcu.externaltools.gnu-tools-for-stm32.14.3.rel1.win32_1.0.100.202602081740/tools/bin/../lib/gcc/arm-none-eabi/14.3.1/../../../../arm-none-eabi/lib/thumb/v7e-m+fp/hard\libc_nano.a(libc_a-nano-vfprintf_i.o)
                0x0807312c                        . = ALIGN (0x4)
 *fill*         0x080730ee        0x2 

.ARM.extab      0x080730f0        0x0
                0x080730f0                        . = ALIGN (0x4)
 *(.ARM.extab* .gnu.linkonce.armextab.*)
                0x080730f0                        . = ALIGN (0x4)

.ARM            0x080730f0        0x8
                0x080730f0                        . = ALIGN (0x4)
                0x080730f0                        __exidx_start = .
 *(.ARM.exidx*)
 .ARM.exidx     0x080730f0        0x8 C:/ST/STM32CubeIDE_2.1.0/STM32CubeIDE/plugins/com.st.stm32cube.ide.mcu.externaltools.gnu-tools-for-stm32.14.3.rel1.win32_1.0.100.202602081740/tools/bin/../lib/gcc/arm-none-eabi/14.3.1/../../../../arm-none-eabi/lib/thumb/v7e-m+fp/hard\libc_nano.a(libc_a-strlen.o)
 .ARM.exidx     0x080730f8        0x0 C:/ST/STM32CubeIDE_2.1.0/STM32CubeIDE/plugins/com.st.stm32cube.ide.mcu.externaltools.gnu-tools-for-stm32.14.3.rel1.win32_1.0.100.202602081740/tools/bin/../lib/gcc/arm-none-eabi/14.3.1/../../../../arm-none-eabi/lib/thumb/v7e-m+fp/hard\libc_nano.a(libc_a-memchr.o)
                                  0x8 (size before relaxing)
 .ARM.exidx     0x080730f8        0x0 C:/ST/STM32CubeIDE_2.1.0/STM32CubeIDE/plugins/com.st.stm32cube.ide.mcu.externaltools.gnu-tools-for-stm32.14.3.rel1.win32_1.0.100.202602081740/tools/bin/../lib/gcc/arm-none-eabi/14.3.1/thumb/v7e-m+fp/hard\libgcc.a(_udivmoddi4.o)
                                  0x8 (size before relaxing)
                0x080730f8                        __exidx_end = .
                0x080730f8                        . = ALIGN (0x4)

.preinit_array  0x080730f8        0x0
                0x080730f8                        . = ALIGN (0x4)
                0x080730f8                        PROVIDE (__preinit_array_start = .)
 *(.preinit_array*)
                0x080730f8                        PROVIDE (__preinit_array_end = .)
                0x080730f8                        . = ALIGN (0x4)

.init_array     0x080730f8        0x4
                0x080730f8                        . = ALIGN (0x4)
                0x080730f8                        PROVIDE (__init_array_start = .)
 *(SORT_BY_NAME(.init_array.*))
 *(.init_array*)
 .init_array    0x080730f8        0x4 C:/ST/STM32CubeIDE_2.1.0/STM32CubeIDE/plugins/com.st.stm32cube.ide.mcu.externaltools.gnu-tools-for-stm32.14.3.rel1.win32_1.0.100.202602081740/tools/bin/../lib/gcc/arm-none-eabi/14.3.1/thumb/v7e-m+fp/hard/crtbegin.o
                0x080730fc                        PROVIDE (__init_array_end = .)
                0x080730fc                        . = ALIGN (0x4)

.fini_array     0x080730fc        0x4
                0x080730fc                        . = ALIGN (0x4)
                [!provide]                        PROVIDE (__fini_array_start = .)
 *(SORT_BY_NAME(.fini_array.*))
 *(.fini_array*)
 .fini_array    0x080730fc        0x4 C:/ST/STM32CubeIDE_2.1.0/STM32CubeIDE/plugins/com.st.stm32cube.ide.mcu.externaltools.gnu-tools-for-stm32.14.3.rel1.win32_1.0.100.202602081740/tools/bin/../lib/gcc/arm-none-eabi/14.3.1/thumb/v7e-m+fp/hard/crtbegin.o
                [!provide]                        PROVIDE (__fini_array_end = .)
                0x08073100                        . = ALIGN (0x4)
                0x08073100                        _sidata = LOADADDR (.data)

.rel.dyn        0x08073100        0x0
 .rel.iplt      0x08073100        0x0 C:/ST/STM32CubeIDE_2.1.0/STM32CubeIDE/plugins/com.st.stm32cube.ide.mcu.externaltools.gnu-tools-for-stm32.14.3.rel1.win32_1.0.100.202602081740/tools/bin/../lib/gcc/arm-none-eabi/14.3.1/thumb/v7e-m+fp/hard/crtbegin.o

.data           0x20000000       0x90 load address 0x08073100
                0x20000000                        . = ALIGN (0x4)
                0x20000000                        _sdata = .
 *(.data)
 *(.data*)
 .data.mario_x  0x20000000        0x4 ./Core/Src/main.o
                0x20000000                mario_x
 .data.mario_y  0x20000004        0x4 ./Core/Src/main.o
                0x20000004                mario_y
 .data.mario_x_ant
                0x20000008        0x4 ./Core/Src/main.o
                0x20000008                mario_x_ant
 .data.mario_y_ant
                0x2000000c        0x4 ./Core/Src/main.o
                0x2000000c                mario_y_ant
 .data.cambioDePantalla
                0x20000010        0x1 ./Core/Src/main.o
                0x20000010                cambioDePantalla
 *fill*         0x20000011        0x3 
 .data.mario_actual
                0x20000014        0x4 ./Core/Src/main.o
                0x20000014                mario_actual
 .data.mario_ancho_hoja
                0x20000018        0x4 ./Core/Src/main.o
                0x20000018                mario_ancho_hoja
 .data.plataformas_actuales
                0x2000001c        0x4 ./Core/Src/main.o
                0x2000001c                plataformas_actuales
 .data.numPlataformas_actual
                0x20000020        0x4 ./Core/Src/main.o
                0x20000020                numPlataformas_actual
 .data.numEscaleras_actual
                0x20000024        0x4 ./Core/Src/main.o
                0x20000024                numEscaleras_actual
 .data.SystemCoreClock
                0x20000028        0x4 ./Core/Src/system_stm32f4xx.o
                0x20000028                SystemCoreClock
 .data.uwTickPrio
                0x2000002c        0x4 ./Drivers/STM32F4xx_HAL_Driver/Src/stm32f4xx_hal.o
                0x2000002c                uwTickPrio
 .data.uwTickFreq
                0x20000030        0x1 ./Drivers/STM32F4xx_HAL_Driver/Src/stm32f4xx_hal.o
                0x20000030                uwTickFreq
 *fill*         0x20000031        0x3 
 .data.__sglue  0x20000034        0xc C:/ST/STM32CubeIDE_2.1.0/STM32CubeIDE/plugins/com.st.stm32cube.ide.mcu.externaltools.gnu-tools-for-stm32.14.3.rel1.win32_1.0.100.202602081740/tools/bin/../lib/gcc/arm-none-eabi/14.3.1/../../../../arm-none-eabi/lib/thumb/v7e-m+fp/hard\libc_nano.a(libc_a-findfp.o)
                0x20000034                __sglue
 .data._impure_ptr
                0x20000040        0x4 C:/ST/STM32CubeIDE_2.1.0/STM32CubeIDE/plugins/com.st.stm32cube.ide.mcu.externaltools.gnu-tools-for-stm32.14.3.rel1.win32_1.0.100.202602081740/tools/bin/../lib/gcc/arm-none-eabi/14.3.1/../../../../arm-none-eabi/lib/thumb/v7e-m+fp/hard\libc_nano.a(libc_a-impure.o)
                0x20000040                _impure_ptr
 .data._impure_data
                0x20000044       0x4c C:/ST/STM32CubeIDE_2.1.0/STM32CubeIDE/plugins/com.st.stm32cube.ide.mcu.externaltools.gnu-tools-for-stm32.14.3.rel1.win32_1.0.100.202602081740/tools/bin/../lib/gcc/arm-none-eabi/14.3.1/../../../../arm-none-eabi/lib/thumb/v7e-m+fp/hard\libc_nano.a(libc_a-impure.o)
                0x20000044                _impure_data
 *(.RamFunc)
 *(.RamFunc*)
                0x20000090                        . = ALIGN (0x4)
                0x20000090                        _edata = .

.igot.plt       0x20000090        0x0 load address 0x08073190
 .igot.plt      0x20000090        0x0 C:/ST/STM32CubeIDE_2.1.0/STM32CubeIDE/plugins/com.st.stm32cube.ide.mcu.externaltools.gnu-tools-for-stm32.14.3.rel1.win32_1.0.100.202602081740/tools/bin/../lib/gcc/arm-none-eabi/14.3.1/thumb/v7e-m+fp/hard/crtbegin.o
                0x20000090                        . = ALIGN (0x4)

.bss            0x20000090      0xbbc load address 0x08073190
                0x20000090                        _sbss = .
                0x20000090                        __bss_start__ = _sbss
 *(.bss)
 .bss           0x20000090       0x1c C:/ST/STM32CubeIDE_2.1.0/STM32CubeIDE/plugins/com.st.stm32cube.ide.mcu.externaltools.gnu-tools-for-stm32.14.3.rel1.win32_1.0.100.202602081740/tools/bin/../lib/gcc/arm-none-eabi/14.3.1/thumb/v7e-m+fp/hard/crtbegin.o
 *(.bss*)
 .bss.sprite_buffer
                0x200000ac      0x800 ./Core/Src/ili9341.o
                0x200000ac                sprite_buffer
 .bss.hspi1     0x200008ac       0x58 ./Core/Src/main.o
                0x200008ac                hspi1
 .bss.hdma_spi1_tx
                0x20000904       0x60 ./Core/Src/main.o
                0x20000904                hdma_spi1_tx
 .bss.huart1    0x20000964       0x48 ./Core/Src/main.o
                0x20000964                huart1
 .bss.huart2    0x200009ac       0x48 ./Core/Src/main.o
                0x200009ac                huart2
 .bss.huart6    0x200009f4       0x48 ./Core/Src/main.o
                0x200009f4                huart6
 .bss.ctrl_cmd1
                0x20000a3c        0x1 ./Core/Src/main.o
                0x20000a3c                ctrl_cmd1
 .bss.ctrl_cmd2
                0x20000a3d        0x1 ./Core/Src/main.o
                0x20000a3d                ctrl_cmd2
 .bss.ctrl_cmd6
                0x20000a3e        0x1 ./Core/Src/main.o
                0x20000a3e                ctrl_cmd6
 .bss.rx_data1  0x20000a3f        0x1 ./Core/Src/main.o
                0x20000a3f                rx_data1
 .bss.rx_data2  0x20000a40        0x1 ./Core/Src/main.o
                0x20000a40                rx_data2
 .bss.rx_data6  0x20000a41        0x1 ./Core/Src/main.o
                0x20000a41                rx_data6
 *fill*         0x20000a42        0x2 
 .bss.mario_flip
                0x20000a44        0x4 ./Core/Src/main.o
                0x20000a44                mario_flip
 .bss.mario_y_past
                0x20000a48        0x4 ./Core/Src/main.o
                0x20000a48                mario_y_past
 .bss.estadoActual
                0x20000a4c        0x1 ./Core/Src/main.o
                0x20000a4c                estadoActual
 *fill*         0x20000a4d        0x3 
 .bss.anim      0x20000a50        0x4 ./Core/Src/main.o
                0x20000a50                anim
 .bss.jumpState
                0x20000a54        0x4 ./Core/Src/main.o
                0x20000a54                jumpState
 .bss.jumpProgress
                0x20000a58        0x4 ./Core/Src/main.o
                0x20000a58                jumpProgress
 .bss.jumpEvent
                0x20000a5c        0x4 ./Core/Src/main.o
                0x20000a5c                jumpEvent
 .bss.comando   0x20000a60        0x1 ./Core/Src/main.o
                0x20000a60                comando
 *fill*         0x20000a61        0x3 
 .bss.inercia_x
                0x20000a64        0x4 ./Core/Src/main.o
                0x20000a64                inercia_x
 .bss.mario_y_objetivo
                0x20000a68        0x4 ./Core/Src/main.o
                0x20000a68                mario_y_objetivo
 .bss.frame_counter
                0x20000a6c        0x4 ./Core/Src/main.o
                0x20000a6c                frame_counter
 .bss.mario_sube
                0x20000a70        0x4 ./Core/Src/main.o
                0x20000a70                mario_sube
 .bss.barriles  0x20000a74       0x80 ./Core/Src/main.o
                0x20000a74                barriles
 .bss.spawn_timer
                0x20000af4        0x4 ./Core/Src/main.o
                0x20000af4                spawn_timer
 .bss.__sbrk_heap_end
                0x20000af8        0x4 ./Core/Src/sysmem.o
 .bss.uwTick    0x20000afc        0x4 ./Drivers/STM32F4xx_HAL_Driver/Src/stm32f4xx_hal.o
                0x20000afc                uwTick
 .bss.__sf      0x20000b00      0x138 C:/ST/STM32CubeIDE_2.1.0/STM32CubeIDE/plugins/com.st.stm32cube.ide.mcu.externaltools.gnu-tools-for-stm32.14.3.rel1.win32_1.0.100.202602081740/tools/bin/../lib/gcc/arm-none-eabi/14.3.1/../../../../arm-none-eabi/lib/thumb/v7e-m+fp/hard\libc_nano.a(libc_a-findfp.o)
                0x20000b00                __sf
 .bss.__stdio_exit_handler
                0x20000c38        0x4 C:/ST/STM32CubeIDE_2.1.0/STM32CubeIDE/plugins/com.st.stm32cube.ide.mcu.externaltools.gnu-tools-for-stm32.14.3.rel1.win32_1.0.100.202602081740/tools/bin/../lib/gcc/arm-none-eabi/14.3.1/../../../../arm-none-eabi/lib/thumb/v7e-m+fp/hard\libc_nano.a(libc_a-findfp.o)
                0x20000c38                __stdio_exit_handler
 .bss.errno     0x20000c3c        0x4 C:/ST/STM32CubeIDE_2.1.0/STM32CubeIDE/plugins/com.st.stm32cube.ide.mcu.externaltools.gnu-tools-for-stm32.14.3.rel1.win32_1.0.100.202602081740/tools/bin/../lib/gcc/arm-none-eabi/14.3.1/../../../../arm-none-eabi/lib/thumb/v7e-m+fp/hard\libc_nano.a(libc_a-reent.o)
                0x20000c3c                errno
 .bss.__lock___malloc_recursive_mutex
                0x20000c40        0x1 C:/ST/STM32CubeIDE_2.1.0/STM32CubeIDE/plugins/com.st.stm32cube.ide.mcu.externaltools.gnu-tools-for-stm32.14.3.rel1.win32_1.0.100.202602081740/tools/bin/../lib/gcc/arm-none-eabi/14.3.1/../../../../arm-none-eabi/lib/thumb/v7e-m+fp/hard\libc_nano.a(libc_a-lock.o)
                0x20000c40                __lock___malloc_recursive_mutex
 .bss.__lock___sfp_recursive_mutex
                0x20000c41        0x1 C:/ST/STM32CubeIDE_2.1.0/STM32CubeIDE/plugins/com.st.stm32cube.ide.mcu.externaltools.gnu-tools-for-stm32.14.3.rel1.win32_1.0.100.202602081740/tools/bin/../lib/gcc/arm-none-eabi/14.3.1/../../../../arm-none-eabi/lib/thumb/v7e-m+fp/hard\libc_nano.a(libc_a-lock.o)
                0x20000c41                __lock___sfp_recursive_mutex
 *fill*         0x20000c42        0x2 
 .bss.__malloc_sbrk_start
                0x20000c44        0x4 C:/ST/STM32CubeIDE_2.1.0/STM32CubeIDE/plugins/com.st.stm32cube.ide.mcu.externaltools.gnu-tools-for-stm32.14.3.rel1.win32_1.0.100.202602081740/tools/bin/../lib/gcc/arm-none-eabi/14.3.1/../../../../arm-none-eabi/lib/thumb/v7e-m+fp/hard\libc_nano.a(libc_a-mallocr.o)
                0x20000c44                __malloc_sbrk_start
 .bss.__malloc_free_list
                0x20000c48        0x4 C:/ST/STM32CubeIDE_2.1.0/STM32CubeIDE/plugins/com.st.stm32cube.ide.mcu.externaltools.gnu-tools-for-stm32.14.3.rel1.win32_1.0.100.202602081740/tools/bin/../lib/gcc/arm-none-eabi/14.3.1/../../../../arm-none-eabi/lib/thumb/v7e-m+fp/hard\libc_nano.a(libc_a-mallocr.o)
                0x20000c48                __malloc_free_list
 *(COMMON)
                0x20000c4c                        . = ALIGN (0x4)
                0x20000c4c                        _ebss = .
                0x20000c4c                        __bss_end__ = _ebss

._user_heap_stack
                0x20000c4c      0x604 load address 0x08073190
                0x20000c50                        . = ALIGN (0x8)
 *fill*         0x20000c4c        0x4 
                [!provide]                        PROVIDE (end = .)
                0x20000c50                        PROVIDE (_end = .)
                0x20000e50                        . = (. + _Min_Heap_Size)
 *fill*         0x20000c50      0x200 
                0x20001250                        . = (. + _Min_Stack_Size)
 *fill*         0x20000e50      0x400 
                0x20001250                        . = ALIGN (0x8)

/DISCARD/
 libc.a(*)
 libm.a(*)
 libgcc.a(*)

.ARM.attributes
                0x00000000       0x30
 *(.ARM.attributes)
 .ARM.attributes
                0x00000000       0x22 C:/ST/STM32CubeIDE_2.1.0/STM32CubeIDE/plugins/com.st.stm32cube.ide.mcu.externaltools.gnu-tools-for-stm32.14.3.rel1.win32_1.0.100.202602081740/tools/bin/../lib/gcc/arm-none-eabi/14.3.1/thumb/v7e-m+fp/hard/crti.o
 .ARM.attributes
                0x00000022       0x34 C:/ST/STM32CubeIDE_2.1.0/STM32CubeIDE/plugins/com.st.stm32cube.ide.mcu.externaltools.gnu-tools-for-stm32.14.3.rel1.win32_1.0.100.202602081740/tools/bin/../lib/gcc/arm-none-eabi/14.3.1/thumb/v7e-m+fp/hard/crtbegin.o
 .ARM.attributes
                0x00000056       0x34 ./Core/Src/font.o
 .ARM.attributes
                0x0000008a       0x34 ./Core/Src/graficos.o
 .ARM.attributes
                0x000000be       0x34 ./Core/Src/ili9341.o
 .ARM.attributes
                0x000000f2       0x34 ./Core/Src/main.o
 .ARM.attributes
                0x00000126       0x34 ./Core/Src/stm32f4xx_hal_msp.o
 .ARM.attributes
                0x0000015a       0x34 ./Core/Src/stm32f4xx_it.o
 .ARM.attributes
                0x0000018e       0x34 ./Core/Src/syscalls.o
 .ARM.attributes
                0x000001c2       0x34 ./Core/Src/sysmem.o
 .ARM.attributes
                0x000001f6       0x34 ./Core/Src/system_stm32f4xx.o
 .ARM.attributes
                0x0000022a       0x21 ./Core/Startup/startup_stm32f446retx.o
 .ARM.attributes
                0x0000024b       0x34 ./Drivers/STM32F4xx_HAL_Driver/Src/stm32f4xx_hal.o
 .ARM.attributes
                0x0000027f       0x34 ./Drivers/STM32F4xx_HAL_Driver/Src/stm32f4xx_hal_cortex.o
 .ARM.attributes
                0x000002b3       0x34 ./Drivers/STM32F4xx_HAL_Driver/Src/stm32f4xx_hal_dma.o
 .ARM.attributes
                0x000002e7       0x34 ./Drivers/STM32F4xx_HAL_Driver/Src/stm32f4xx_hal_gpio.o
 .ARM.attributes
                0x0000031b       0x34 ./Drivers/STM32F4xx_HAL_Driver/Src/stm32f4xx_hal_rcc.o
 .ARM.attributes
                0x0000034f       0x34 ./Drivers/STM32F4xx_HAL_Driver/Src/stm32f4xx_hal_rcc_ex.o
 .ARM.attributes
                0x00000383       0x34 ./Drivers/STM32F4xx_HAL_Driver/Src/stm32f4xx_hal_spi.o
 .ARM.attributes
                0x000003b7       0x34 ./Drivers/STM32F4xx_HAL_Driver/Src/stm32f4xx_hal_uart.o
 .ARM.attributes
                0x000003eb       0x34 C:/ST/STM32CubeIDE_2.1.0/STM32CubeIDE/plugins/com.st.stm32cube.ide.mcu.externaltools.gnu-tools-for-stm32.14.3.rel1.win32_1.0.100.202602081740/tools/bin/../lib/gcc/arm-none-eabi/14.3.1/../../../../arm-none-eabi/lib/thumb/v7e-m+fp/hard\libc_nano.a(libc_a-rand.o)
 .ARM.attributes
                0x0000041f       0x34 C:/ST/STM32CubeIDE_2.1.0/STM32CubeIDE/plugins/com.st.stm32cube.ide.mcu.externaltools.gnu-tools-for-stm32.14.3.rel1.win32_1.0.100.202602081740/tools/bin/../lib/gcc/arm-none-eabi/14.3.1/../../../../arm-none-eabi/lib/thumb/v7e-m+fp/hard\libc_nano.a(libc_a-findfp.o)
 .ARM.attributes
                0x00000453       0x34 C:/ST/STM32CubeIDE_2.1.0/STM32CubeIDE/plugins/com.st.stm32cube.ide.mcu.externaltools.gnu-tools-for-stm32.14.3.rel1.win32_1.0.100.202602081740/tools/bin/../lib/gcc/arm-none-eabi/14.3.1/../../../../arm-none-eabi/lib/thumb/v7e-m+fp/hard\libc_nano.a(libc_a-fwalk.o)
 .ARM.attributes
                0x00000487       0x34 C:/ST/STM32CubeIDE_2.1.0/STM32CubeIDE/plugins/com.st.stm32cube.ide.mcu.externaltools.gnu-tools-for-stm32.14.3.rel1.win32_1.0.100.202602081740/tools/bin/../lib/gcc/arm-none-eabi/14.3.1/../../../../arm-none-eabi/lib/thumb/v7e-m+fp/hard\libc_nano.a(libc_a-stdio.o)
 .ARM.attributes
                0x000004bb       0x34 C:/ST/STM32CubeIDE_2.1.0/STM32CubeIDE/plugins/com.st.stm32cube.ide.mcu.externaltools.gnu-tools-for-stm32.14.3.rel1.win32_1.0.100.202602081740/tools/bin/../lib/gcc/arm-none-eabi/14.3.1/../../../../arm-none-eabi/lib/thumb/v7e-m+fp/hard\libc_nano.a(libc_a-memset.o)
 .ARM.attributes
                0x000004ef       0x34 C:/ST/STM32CubeIDE_2.1.0/STM32CubeIDE/plugins/com.st.stm32cube.ide.mcu.externaltools.gnu-tools-for-stm32.14.3.rel1.win32_1.0.100.202602081740/tools/bin/../lib/gcc/arm-none-eabi/14.3.1/../../../../arm-none-eabi/lib/thumb/v7e-m+fp/hard\libc_nano.a(libc_a-closer.o)
 .ARM.attributes
                0x00000523       0x34 C:/ST/STM32CubeIDE_2.1.0/STM32CubeIDE/plugins/com.st.stm32cube.ide.mcu.externaltools.gnu-tools-for-stm32.14.3.rel1.win32_1.0.100.202602081740/tools/bin/../lib/gcc/arm-none-eabi/14.3.1/../../../../arm-none-eabi/lib/thumb/v7e-m+fp/hard\libc_nano.a(libc_a-reent.o)
 .ARM.attributes
                0x00000557       0x34 C:/ST/STM32CubeIDE_2.1.0/STM32CubeIDE/plugins/com.st.stm32cube.ide.mcu.externaltools.gnu-tools-for-stm32.14.3.rel1.win32_1.0.100.202602081740/tools/bin/../lib/gcc/arm-none-eabi/14.3.1/../../../../arm-none-eabi/lib/thumb/v7e-m+fp/hard\libc_nano.a(libc_a-impure.o)
 .ARM.attributes
                0x0000058b       0x34 C:/ST/STM32CubeIDE_2.1.0/STM32CubeIDE/plugins/com.st.stm32cube.ide.mcu.externaltools.gnu-tools-for-stm32.14.3.rel1.win32_1.0.100.202602081740/tools/bin/../lib/gcc/arm-none-eabi/14.3.1/../../../../arm-none-eabi/lib/thumb/v7e-m+fp/hard\libc_nano.a(libc_a-lseekr.o)
 .ARM.attributes
                0x000005bf       0x34 C:/ST/STM32CubeIDE_2.1.0/STM32CubeIDE/plugins/com.st.stm32cube.ide.mcu.externaltools.gnu-tools-for-stm32.14.3.rel1.win32_1.0.100.202602081740/tools/bin/../lib/gcc/arm-none-eabi/14.3.1/../../../../arm-none-eabi/lib/thumb/v7e-m+fp/hard\libc_nano.a(libc_a-readr.o)
 .ARM.attributes
                0x000005f3       0x34 C:/ST/STM32CubeIDE_2.1.0/STM32CubeIDE/plugins/com.st.stm32cube.ide.mcu.externaltools.gnu-tools-for-stm32.14.3.rel1.win32_1.0.100.202602081740/tools/bin/../lib/gcc/arm-none-eabi/14.3.1/../../../../arm-none-eabi/lib/thumb/v7e-m+fp/hard\libc_nano.a(libc_a-writer.o)
 .ARM.attributes
                0x00000627       0x34 C:/ST/STM32CubeIDE_2.1.0/STM32CubeIDE/plugins/com.st.stm32cube.ide.mcu.externaltools.gnu-tools-for-stm32.14.3.rel1.win32_1.0.100.202602081740/tools/bin/../lib/gcc/arm-none-eabi/14.3.1/../../../../arm-none-eabi/lib/thumb/v7e-m+fp/hard\libc_nano.a(libc_a-errno.o)
 .ARM.attributes
                0x0000065b       0x34 C:/ST/STM32CubeIDE_2.1.0/STM32CubeIDE/plugins/com.st.stm32cube.ide.mcu.externaltools.gnu-tools-for-stm32.14.3.rel1.win32_1.0.100.202602081740/tools/bin/../lib/gcc/arm-none-eabi/14.3.1/../../../../arm-none-eabi/lib/thumb/v7e-m+fp/hard\libc_nano.a(libc_a-init.o)
 .ARM.attributes
                0x0000068f       0x34 C:/ST/STM32CubeIDE_2.1.0/STM32CubeIDE/plugins/com.st.stm32cube.ide.mcu.externaltools.gnu-tools-for-stm32.14.3.rel1.win32_1.0.100.202602081740/tools/bin/../lib/gcc/arm-none-eabi/14.3.1/../../../../arm-none-eabi/lib/thumb/v7e-m+fp/hard\libc_nano.a(libc_a-lock.o)
 .ARM.attributes
                0x000006c3       0x17 C:/ST/STM32CubeIDE_2.1.0/STM32CubeIDE/plugins/com.st.stm32cube.ide.mcu.externaltools.gnu-tools-for-stm32.14.3.rel1.win32_1.0.100.202602081740/tools/bin/../lib/gcc/arm-none-eabi/14.3.1/../../../../arm-none-eabi/lib/thumb/v7e-m+fp/hard\libc_nano.a(libc_a-strlen.o)
 .ARM.attributes
                0x000006da       0x34 C:/ST/STM32CubeIDE_2.1.0/STM32CubeIDE/plugins/com.st.stm32cube.ide.mcu.externaltools.gnu-tools-for-stm32.14.3.rel1.win32_1.0.100.202602081740/tools/bin/../lib/gcc/arm-none-eabi/14.3.1/../../../../arm-none-eabi/lib/thumb/v7e-m+fp/hard\libc_nano.a(libc_a-assert.o)
 .ARM.attributes
                0x0000070e       0x34 C:/ST/STM32CubeIDE_2.1.0/STM32CubeIDE/plugins/com.st.stm32cube.ide.mcu.externaltools.gnu-tools-for-stm32.14.3.rel1.win32_1.0.100.202602081740/tools/bin/../lib/gcc/arm-none-eabi/14.3.1/../../../../arm-none-eabi/lib/thumb/v7e-m+fp/hard\libc_nano.a(libc_a-freer.o)
 .ARM.attributes
                0x00000742       0x34 C:/ST/STM32CubeIDE_2.1.0/STM32CubeIDE/plugins/com.st.stm32cube.ide.mcu.externaltools.gnu-tools-for-stm32.14.3.rel1.win32_1.0.100.202602081740/tools/bin/../lib/gcc/arm-none-eabi/14.3.1/../../../../arm-none-eabi/lib/thumb/v7e-m+fp/hard\libc_nano.a(libc_a-malloc.o)
 .ARM.attributes
                0x00000776       0x34 C:/ST/STM32CubeIDE_2.1.0/STM32CubeIDE/plugins/com.st.stm32cube.ide.mcu.externaltools.gnu-tools-for-stm32.14.3.rel1.win32_1.0.100.202602081740/tools/bin/../lib/gcc/arm-none-eabi/14.3.1/../../../../arm-none-eabi/lib/thumb/v7e-m+fp/hard\libc_nano.a(libc_a-mallocr.o)
 .ARM.attributes
                0x000007aa       0x34 C:/ST/STM32CubeIDE_2.1.0/STM32CubeIDE/plugins/com.st.stm32cube.ide.mcu.externaltools.gnu-tools-for-stm32.14.3.rel1.win32_1.0.100.202602081740/tools/bin/../lib/gcc/arm-none-eabi/14.3.1/../../../../arm-none-eabi/lib/thumb/v7e-m+fp/hard\libc_nano.a(libc_a-mlock.o)
 .ARM.attributes
                0x000007de       0x34 C:/ST/STM32CubeIDE_2.1.0/STM32CubeIDE/plugins/com.st.stm32cube.ide.mcu.externaltools.gnu-tools-for-stm32.14.3.rel1.win32_1.0.100.202602081740/tools/bin/../lib/gcc/arm-none-eabi/14.3.1/../../../../arm-none-eabi/lib/thumb/v7e-m+fp/hard\libc_nano.a(libc_a-fflush.o)
 .ARM.attributes
                0x00000812       0x34 C:/ST/STM32CubeIDE_2.1.0/STM32CubeIDE/plugins/com.st.stm32cube.ide.mcu.externaltools.gnu-tools-for-stm32.14.3.rel1.win32_1.0.100.202602081740/tools/bin/../lib/gcc/arm-none-eabi/14.3.1/../../../../arm-none-eabi/lib/thumb/v7e-m+fp/hard\libc_nano.a(libc_a-fprintf.o)
 .ARM.attributes
                0x00000846       0x34 C:/ST/STM32CubeIDE_2.1.0/STM32CubeIDE/plugins/com.st.stm32cube.ide.mcu.externaltools.gnu-tools-for-stm32.14.3.rel1.win32_1.0.100.202602081740/tools/bin/../lib/gcc/arm-none-eabi/14.3.1/../../../../arm-none-eabi/lib/thumb/v7e-m+fp/hard\libc_nano.a(libc_a-sbrkr.o)
 .ARM.attributes
                0x0000087a       0x34 C:/ST/STM32CubeIDE_2.1.0/STM32CubeIDE/plugins/com.st.stm32cube.ide.mcu.externaltools.gnu-tools-for-stm32.14.3.rel1.win32_1.0.100.202602081740/tools/bin/../lib/gcc/arm-none-eabi/14.3.1/../../../../arm-none-eabi/lib/thumb/v7e-m+fp/hard\libc_nano.a(libc_a-abort.o)
 .ARM.attributes
                0x000008ae       0x34 C:/ST/STM32CubeIDE_2.1.0/STM32CubeIDE/plugins/com.st.stm32cube.ide.mcu.externaltools.gnu-tools-for-stm32.14.3.rel1.win32_1.0.100.202602081740/tools/bin/../lib/gcc/arm-none-eabi/14.3.1/../../../../arm-none-eabi/lib/thumb/v7e-m+fp/hard\libc_nano.a(libc_a-nano-vfprintf.o)
 .ARM.attributes
                0x000008e2       0x34 C:/ST/STM32CubeIDE_2.1.0/STM32CubeIDE/plugins/com.st.stm32cube.ide.mcu.externaltools.gnu-tools-for-stm32.14.3.rel1.win32_1.0.100.202602081740/tools/bin/../lib/gcc/arm-none-eabi/14.3.1/../../../../arm-none-eabi/lib/thumb/v7e-m+fp/hard\libc_nano.a(libc_a-nano-vfprintf_i.o)
 .ARM.attributes
                0x00000916       0x34 C:/ST/STM32CubeIDE_2.1.0/STM32CubeIDE/plugins/com.st.stm32cube.ide.mcu.externaltools.gnu-tools-for-stm32.14.3.rel1.win32_1.0.100.202602081740/tools/bin/../lib/gcc/arm-none-eabi/14.3.1/../../../../arm-none-eabi/lib/thumb/v7e-m+fp/hard\libc_nano.a(libc_a-wbuf.o)
 .ARM.attributes
                0x0000094a       0x34 C:/ST/STM32CubeIDE_2.1.0/STM32CubeIDE/plugins/com.st.stm32cube.ide.mcu.externaltools.gnu-tools-for-stm32.14.3.rel1.win32_1.0.100.202602081740/tools/bin/../lib/gcc/arm-none-eabi/14.3.1/../../../../arm-none-eabi/lib/thumb/v7e-m+fp/hard\libc_nano.a(libc_a-wsetup.o)
 .ARM.attributes
                0x0000097e       0x34 C:/ST/STM32CubeIDE_2.1.0/STM32CubeIDE/plugins/com.st.stm32cube.ide.mcu.externaltools.gnu-tools-for-stm32.14.3.rel1.win32_1.0.100.202602081740/tools/bin/../lib/gcc/arm-none-eabi/14.3.1/../../../../arm-none-eabi/lib/thumb/v7e-m+fp/hard\libc_nano.a(libc_a-signal.o)
 .ARM.attributes
                0x000009b2       0x34 C:/ST/STM32CubeIDE_2.1.0/STM32CubeIDE/plugins/com.st.stm32cube.ide.mcu.externaltools.gnu-tools-for-stm32.14.3.rel1.win32_1.0.100.202602081740/tools/bin/../lib/gcc/arm-none-eabi/14.3.1/../../../../arm-none-eabi/lib/thumb/v7e-m+fp/hard\libc_nano.a(libc_a-signalr.o)
 .ARM.attributes
                0x000009e6       0x1c C:/ST/STM32CubeIDE_2.1.0/STM32CubeIDE/plugins/com.st.stm32cube.ide.mcu.externaltools.gnu-tools-for-stm32.14.3.rel1.win32_1.0.100.202602081740/tools/bin/../lib/gcc/arm-none-eabi/14.3.1/../../../../arm-none-eabi/lib/thumb/v7e-m+fp/hard\libc_nano.a(libc_a-memchr.o)
 .ARM.attributes
                0x00000a02       0x34 C:/ST/STM32CubeIDE_2.1.0/STM32CubeIDE/plugins/com.st.stm32cube.ide.mcu.externaltools.gnu-tools-for-stm32.14.3.rel1.win32_1.0.100.202602081740/tools/bin/../lib/gcc/arm-none-eabi/14.3.1/../../../../arm-none-eabi/lib/thumb/v7e-m+fp/hard\libc_nano.a(libc_a-makebuf.o)
 .ARM.attributes
                0x00000a36       0x34 C:/ST/STM32CubeIDE_2.1.0/STM32CubeIDE/plugins/com.st.stm32cube.ide.mcu.externaltools.gnu-tools-for-stm32.14.3.rel1.win32_1.0.100.202602081740/tools/bin/../lib/gcc/arm-none-eabi/14.3.1/../../../../arm-none-eabi/lib/thumb/v7e-m+fp/hard\libc_nano.a(libc_a-fstatr.o)
 .ARM.attributes
                0x00000a6a       0x34 C:/ST/STM32CubeIDE_2.1.0/STM32CubeIDE/plugins/com.st.stm32cube.ide.mcu.externaltools.gnu-tools-for-stm32.14.3.rel1.win32_1.0.100.202602081740/tools/bin/../lib/gcc/arm-none-eabi/14.3.1/../../../../arm-none-eabi/lib/thumb/v7e-m+fp/hard\libc_nano.a(libc_a-isattyr.o)
 .ARM.attributes
                0x00000a9e       0x22 C:/ST/STM32CubeIDE_2.1.0/STM32CubeIDE/plugins/com.st.stm32cube.ide.mcu.externaltools.gnu-tools-for-stm32.14.3.rel1.win32_1.0.100.202602081740/tools/bin/../lib/gcc/arm-none-eabi/14.3.1/thumb/v7e-m+fp/hard\libgcc.a(_aeabi_uldivmod.o)
 .ARM.attributes
                0x00000ac0       0x34 C:/ST/STM32CubeIDE_2.1.0/STM32CubeIDE/plugins/com.st.stm32cube.ide.mcu.externaltools.gnu-tools-for-stm32.14.3.rel1.win32_1.0.100.202602081740/tools/bin/../lib/gcc/arm-none-eabi/14.3.1/thumb/v7e-m+fp/hard\libgcc.a(_udivmoddi4.o)
 .ARM.attributes
                0x00000af4       0x22 C:/ST/STM32CubeIDE_2.1.0/STM32CubeIDE/plugins/com.st.stm32cube.ide.mcu.externaltools.gnu-tools-for-stm32.14.3.rel1.win32_1.0.100.202602081740/tools/bin/../lib/gcc/arm-none-eabi/14.3.1/thumb/v7e-m+fp/hard\libgcc.a(_dvmd_tls.o)
 .ARM.attributes
                0x00000b16       0x22 C:/ST/STM32CubeIDE_2.1.0/STM32CubeIDE/plugins/com.st.stm32cube.ide.mcu.externaltools.gnu-tools-for-stm32.14.3.rel1.win32_1.0.100.202602081740/tools/bin/../lib/gcc/arm-none-eabi/14.3.1/thumb/v7e-m+fp/hard/crtn.o
OUTPUT(ILI9341SPI.elf elf32-littlearm)
LOAD linker stubs
LOAD C:/ST/STM32CubeIDE_2.1.0/STM32CubeIDE/plugins/com.st.stm32cube.ide.mcu.externaltools.gnu-tools-for-stm32.14.3.rel1.win32_1.0.100.202602081740/tools/bin/../lib/gcc/arm-none-eabi/14.3.1/../../../../arm-none-eabi/lib/thumb/v7e-m+fp/hard\libc.a
LOAD C:/ST/STM32CubeIDE_2.1.0/STM32CubeIDE/plugins/com.st.stm32cube.ide.mcu.externaltools.gnu-tools-for-stm32.14.3.rel1.win32_1.0.100.202602081740/tools/bin/../lib/gcc/arm-none-eabi/14.3.1/../../../../arm-none-eabi/lib/thumb/v7e-m+fp/hard\libm.a
LOAD C:/ST/STM32CubeIDE_2.1.0/STM32CubeIDE/plugins/com.st.stm32cube.ide.mcu.externaltools.gnu-tools-for-stm32.14.3.rel1.win32_1.0.100.202602081740/tools/bin/../lib/gcc/arm-none-eabi/14.3.1/thumb/v7e-m+fp/hard\libgcc.a

.debug_info     0x00000000     0xd370
 .debug_info    0x00000000       0xf1 ./Core/Src/font.o
 .debug_info    0x000000f1      0x108 ./Core/Src/graficos.o
 .debug_info    0x000001f9     0x10d0 ./Core/Src/ili9341.o
 .debug_info    0x000012c9     0x1c56 ./Core/Src/main.o
 .debug_info    0x00002f1f      0xf8c ./Core/Src/stm32f4xx_hal_msp.o
 .debug_info    0x00003eab      0x937 ./Core/Src/stm32f4xx_it.o
 .debug_info    0x000047e2      0x6a3 ./Core/Src/syscalls.o
 .debug_info    0x00004e85      0x168 ./Core/Src/sysmem.o
 .debug_info    0x00004fed      0x54a ./Core/Src/system_stm32f4xx.o
 .debug_info    0x00005537       0x30 ./Core/Startup/startup_stm32f446retx.o
 .debug_info    0x00005567      0x99a ./Drivers/STM32F4xx_HAL_Driver/Src/stm32f4xx_hal.o
 .debug_info    0x00005f01      0xdaa ./Drivers/STM32F4xx_HAL_Driver/Src/stm32f4xx_hal_cortex.o
 .debug_info    0x00006cab      0x8e7 ./Drivers/STM32F4xx_HAL_Driver/Src/stm32f4xx_hal_dma.o
 .debug_info    0x00007592      0x70b ./Drivers/STM32F4xx_HAL_Driver/Src/stm32f4xx_hal_gpio.o
 .debug_info    0x00007c9d      0x8ff ./Drivers/STM32F4xx_HAL_Driver/Src/stm32f4xx_hal_rcc.o
 .debug_info    0x0000859c      0x960 ./Drivers/STM32F4xx_HAL_Driver/Src/stm32f4xx_hal_rcc_ex.o
 .debug_info    0x00008efc     0x1525 ./Drivers/STM32F4xx_HAL_Driver/Src/stm32f4xx_hal_spi.o
 .debug_info    0x0000a421     0x2f4f ./Drivers/STM32F4xx_HAL_Driver/Src/stm32f4xx_hal_uart.o

.debug_abbrev   0x00000000     0x21e0
 .debug_abbrev  0x00000000       0x64 ./Core/Src/font.o
 .debug_abbrev  0x00000064       0x78 ./Core/Src/graficos.o
 .debug_abbrev  0x000000dc      0x2a5 ./Core/Src/ili9341.o
 .debug_abbrev  0x00000381      0x31e ./Core/Src/main.o
 .debug_abbrev  0x0000069f      0x238 ./Core/Src/stm32f4xx_hal_msp.o
 .debug_abbrev  0x000008d7      0x1a0 ./Core/Src/stm32f4xx_it.o
 .debug_abbrev  0x00000a77      0x1b6 ./Core/Src/syscalls.o
 .debug_abbrev  0x00000c2d       0xbc ./Core/Src/sysmem.o
 .debug_abbrev  0x00000ce9      0x11a ./Core/Src/system_stm32f4xx.o
 .debug_abbrev  0x00000e03       0x24 ./Core/Startup/startup_stm32f446retx.o
 .debug_abbrev  0x00000e27      0x214 ./Drivers/STM32F4xx_HAL_Driver/Src/stm32f4xx_hal.o
 .debug_abbrev  0x0000103b      0x31d ./Drivers/STM32F4xx_HAL_Driver/Src/stm32f4xx_hal_cortex.o
 .debug_abbrev  0x00001358      0x264 ./Drivers/STM32F4xx_HAL_Driver/Src/stm32f4xx_hal_dma.o
 .debug_abbrev  0x000015bc      0x1d4 ./Drivers/STM32F4xx_HAL_Driver/Src/stm32f4xx_hal_gpio.o
 .debug_abbrev  0x00001790      0x2b7 ./Drivers/STM32F4xx_HAL_Driver/Src/stm32f4xx_hal_rcc.o
 .debug_abbrev  0x00001a47      0x211 ./Drivers/STM32F4xx_HAL_Driver/Src/stm32f4xx_hal_rcc_ex.o
 .debug_abbrev  0x00001c58      0x27a ./Drivers/STM32F4xx_HAL_Driver/Src/stm32f4xx_hal_spi.o
 .debug_abbrev  0x00001ed2      0x30e ./Drivers/STM32F4xx_HAL_Driver/Src/stm32f4xx_hal_uart.o

.debug_aranges  0x00000000      0xb18
 .debug_aranges
                0x00000000       0x18 ./Core/Src/font.o
 .debug_aranges
                0x00000018       0x18 ./Core/Src/graficos.o
 .debug_aranges
                0x00000030       0x98 ./Core/Src/ili9341.o
 .debug_aranges
                0x000000c8       0x90 ./Core/Src/main.o
 .debug_aranges
                0x00000158       0x40 ./Core/Src/stm32f4xx_hal_msp.o
 .debug_aranges
                0x00000198       0x88 ./Core/Src/stm32f4xx_it.o
 .debug_aranges
                0x00000220       0xa8 ./Core/Src/syscalls.o
 .debug_aranges
                0x000002c8       0x20 ./Core/Src/sysmem.o
 .debug_aranges
                0x000002e8       0x28 ./Core/Src/system_stm32f4xx.o
 .debug_aranges
                0x00000310       0x28 ./Core/Startup/startup_stm32f446retx.o
 .debug_aranges
                0x00000338       0xf0 ./Drivers/STM32F4xx_HAL_Driver/Src/stm32f4xx_hal.o
 .debug_aranges
                0x00000428      0x130 ./Drivers/STM32F4xx_HAL_Driver/Src/stm32f4xx_hal_cortex.o
 .debug_aranges
                0x00000558       0x90 ./Drivers/STM32F4xx_HAL_Driver/Src/stm32f4xx_hal_dma.o
 .debug_aranges
                0x000005e8       0x58 ./Drivers/STM32F4xx_HAL_Driver/Src/stm32f4xx_hal_gpio.o
 .debug_aranges
                0x00000640       0x88 ./Drivers/STM32F4xx_HAL_Driver/Src/stm32f4xx_hal_rcc.o
 .debug_aranges
                0x000006c8       0x78 ./Drivers/STM32F4xx_HAL_Driver/Src/stm32f4xx_hal_rcc_ex.o
 .debug_aranges
                0x00000740      0x1d0 ./Drivers/STM32F4xx_HAL_Driver/Src/stm32f4xx_hal_spi.o
 .debug_aranges
                0x00000910      0x208 ./Drivers/STM32F4xx_HAL_Driver/Src/stm32f4xx_hal_uart.o

.debug_macro    0x00000000    0x23791
 .debug_macro   0x00000000       0x72 ./Core/Src/font.o
 .debug_macro   0x00000072      0xad8 ./Core/Src/font.o
 .debug_macro   0x00000b4a       0x22 ./Core/Src/font.o
 .debug_macro   0x00000b6c       0x8e ./Core/Src/font.o
 .debug_macro   0x00000bfa       0x51 ./Core/Src/font.o
 .debug_macro   0x00000c4b      0x103 ./Core/Src/font.o
 .debug_macro   0x00000d4e       0x6a ./Core/Src/font.o
 .debug_macro   0x00000db8      0x1df ./Core/Src/font.o
 .debug_macro   0x00000f97       0x34 ./Core/Src/font.o
 .debug_macro   0x00000fcb       0xbe ./Core/Src/graficos.o
 .debug_macro   0x00001089       0x5b ./Core/Src/graficos.o
 .debug_macro   0x000010e4       0x2a ./Core/Src/graficos.o
 .debug_macro   0x0000110e       0x94 ./Core/Src/graficos.o
 .debug_macro   0x000011a2       0x43 ./Core/Src/graficos.o
 .debug_macro   0x000011e5       0x3a ./Core/Src/graficos.o
 .debug_macro   0x0000121f       0x57 ./Core/Src/graficos.o
 .debug_macro   0x00001276       0x89 ./Core/Src/graficos.o
 .debug_macro   0x000012ff      0x460 ./Core/Src/graficos.o
 .debug_macro   0x0000175f      0x1a7 ./Core/Src/graficos.o
 .debug_macro   0x00001906      0x35a ./Core/Src/ili9341.o
 .debug_macro   0x00001c60       0x34 ./Core/Src/ili9341.o
 .debug_macro   0x00001c94       0x16 ./Core/Src/ili9341.o
 .debug_macro   0x00001caa      0x11c ./Core/Src/ili9341.o
 .debug_macro   0x00001dc6       0x9b ./Core/Src/ili9341.o
 .debug_macro   0x00001e61      0x364 ./Core/Src/ili9341.o
 .debug_macro   0x000021c5       0x16 ./Core/Src/ili9341.o
 .debug_macro   0x000021db       0x4a ./Core/Src/ili9341.o
 .debug_macro   0x00002225       0x34 ./Core/Src/ili9341.o
 .debug_macro   0x00002259       0x10 ./Core/Src/ili9341.o
 .debug_macro   0x00002269       0x58 ./Core/Src/ili9341.o
 .debug_macro   0x000022c1       0x8e ./Core/Src/ili9341.o
 .debug_macro   0x0000234f       0x1c ./Core/Src/ili9341.o
 .debug_macro   0x0000236b      0x17e ./Core/Src/ili9341.o
 .debug_macro   0x000024e9       0x16 ./Core/Src/ili9341.o
 .debug_macro   0x000024ff       0x29 ./Core/Src/ili9341.o
 .debug_macro   0x00002528       0x16 ./Core/Src/ili9341.o
 .debug_macro   0x0000253e       0x3c ./Core/Src/ili9341.o
 .debug_macro   0x0000257a       0x20 ./Core/Src/ili9341.o
 .debug_macro   0x0000259a       0x2e ./Core/Src/ili9341.o
 .debug_macro   0x000025c8       0x28 ./Core/Src/ili9341.o
 .debug_macro   0x000025f0       0x1c ./Core/Src/ili9341.o
 .debug_macro   0x0000260c       0x22 ./Core/Src/ili9341.o
 .debug_macro   0x0000262e       0xfb ./Core/Src/ili9341.o
 .debug_macro   0x00002729     0x1011 ./Core/Src/ili9341.o
 .debug_macro   0x0000373a      0x11f ./Core/Src/ili9341.o
 .debug_macro   0x00003859    0x1675e ./Core/Src/ili9341.o
 .debug_macro   0x00019fb7       0x6d ./Core/Src/ili9341.o
 .debug_macro   0x0001a024      0x29b ./Core/Src/ili9341.o
 .debug_macro   0x0001a2bf     0x3693 ./Core/Src/ili9341.o
 .debug_macro   0x0001d952       0x56 ./Core/Src/ili9341.o
 .debug_macro   0x0001d9a8      0xca5 ./Core/Src/ili9341.o
 .debug_macro   0x0001e64d      0x9e9 ./Core/Src/ili9341.o
 .debug_macro   0x0001f036      0x115 ./Core/Src/ili9341.o
 .debug_macro   0x0001f14b      0x1a0 ./Core/Src/ili9341.o
 .debug_macro   0x0001f2eb       0xa5 ./Core/Src/ili9341.o
 .debug_macro   0x0001f390      0x16d ./Core/Src/ili9341.o
 .debug_macro   0x0001f4fd      0x287 ./Core/Src/ili9341.o
 .debug_macro   0x0001f784       0x5f ./Core/Src/ili9341.o
 .debug_macro   0x0001f7e3      0x236 ./Core/Src/ili9341.o
 .debug_macro   0x0001fa19      0x132 ./Core/Src/ili9341.o
 .debug_macro   0x0001fb4b      0x29c ./Core/Src/ili9341.o
 .debug_macro   0x0001fde7       0x2e ./Core/Src/ili9341.o
 .debug_macro   0x0001fe15      0x127 ./Core/Src/ili9341.o
 .debug_macro   0x0001ff3c       0xe8 ./Core/Src/ili9341.o
 .debug_macro   0x00020024       0x89 ./Core/Src/ili9341.o
 .debug_macro   0x000200ad      0x225 ./Core/Src/ili9341.o
 .debug_macro   0x000202d2      0x2aa ./Core/Src/ili9341.o
 .debug_macro   0x0002057c      0x126 ./Core/Src/ili9341.o
 .debug_macro   0x000206a2      0x1d9 ./Core/Src/ili9341.o
 .debug_macro   0x0002087b      0x1db ./Core/Src/ili9341.o
 .debug_macro   0x00020a56      0x149 ./Core/Src/ili9341.o
 .debug_macro   0x00020b9f       0x10 ./Core/Src/ili9341.o
 .debug_macro   0x00020baf      0x118 ./Core/Src/ili9341.o
 .debug_macro   0x00020cc7       0x3a ./Core/Src/ili9341.o
 .debug_macro   0x00020d01       0x82 ./Core/Src/ili9341.o
 .debug_macro   0x00020d83      0x310 ./Core/Src/main.o
 .debug_macro   0x00021093      0x190 ./Core/Src/main.o
 .debug_macro   0x00021223       0x5c ./Core/Src/main.o
 .debug_macro   0x0002127f       0x7c ./Core/Src/main.o
 .debug_macro   0x000212fb       0x61 ./Core/Src/main.o
 .debug_macro   0x0002135c       0x16 ./Core/Src/main.o
 .debug_macro   0x00021372       0x10 ./Core/Src/main.o
 .debug_macro   0x00021382       0x16 ./Core/Src/main.o
 .debug_macro   0x00021398       0x16 ./Core/Src/main.o
 .debug_macro   0x000213ae      0x146 ./Core/Src/main.o
 .debug_macro   0x000214f4      0x1d3 ./Core/Src/stm32f4xx_hal_msp.o
 .debug_macro   0x000216c7      0x1dd ./Core/Src/stm32f4xx_it.o
 .debug_macro   0x000218a4      0x274 ./Core/Src/syscalls.o
 .debug_macro   0x00021b18       0x10 ./Core/Src/syscalls.o
 .debug_macro   0x00021b28       0x10 ./Core/Src/syscalls.o
 .debug_macro   0x00021b38       0x10 ./Core/Src/syscalls.o
 .debug_macro   0x00021b48       0x10 ./Core/Src/syscalls.o
 .debug_macro   0x00021b58       0x1c ./Core/Src/syscalls.o
 .debug_macro   0x00021b74       0x52 ./Core/Src/syscalls.o
 .debug_macro   0x00021bc6       0x22 ./Core/Src/syscalls.o
 .debug_macro   0x00021be8       0x10 ./Core/Src/syscalls.o
 .debug_macro   0x00021bf8       0x52 ./Core/Src/syscalls.o
 .debug_macro   0x00021c4a       0xcf ./Core/Src/syscalls.o
 .debug_macro   0x00021d19       0x1c ./Core/Src/syscalls.o
 .debug_macro   0x00021d35       0x3d ./Core/Src/syscalls.o
 .debug_macro   0x00021d72       0x35 ./Core/Src/syscalls.o
 .debug_macro   0x00021da7      0x12c ./Core/Src/syscalls.o
 .debug_macro   0x00021ed3       0x10 ./Core/Src/syscalls.o
 .debug_macro   0x00021ee3      0x242 ./Core/Src/syscalls.o
 .debug_macro   0x00022125       0x1c ./Core/Src/syscalls.o
 .debug_macro   0x00022141       0x10 ./Core/Src/syscalls.o
 .debug_macro   0x00022151      0x18a ./Core/Src/syscalls.o
 .debug_macro   0x000222db       0x16 ./Core/Src/syscalls.o
 .debug_macro   0x000222f1       0xce ./Core/Src/syscalls.o
 .debug_macro   0x000223bf      0x112 ./Core/Src/sysmem.o
 .debug_macro   0x000224d1      0x23c ./Core/Src/sysmem.o
 .debug_macro   0x0002270d      0x1c4 ./Core/Src/system_stm32f4xx.o
 .debug_macro   0x000228d1      0x224 ./Drivers/STM32F4xx_HAL_Driver/Src/stm32f4xx_hal.o
 .debug_macro   0x00022af5      0x1c4 ./Drivers/STM32F4xx_HAL_Driver/Src/stm32f4xx_hal_cortex.o
 .debug_macro   0x00022cb9      0x1ca ./Drivers/STM32F4xx_HAL_Driver/Src/stm32f4xx_hal_dma.o