Archive member included to satisfy reference by file (symbol)

C:/ST/STM32CubeIDE_2.1.0/STM32CubeIDE/plugins/com.st.stm32cube.ide.mcu.externaltools.gnu-tools-for-stm32.14.3.rel1.win32_1.0.100.202602081740/tools/bin/../lib/gcc/arm-none-eabi/14.3.1/../../../../arm-none-eabi/lib/thumb/v7e-m+fp/hard\libc_nano.a(libc_a-exit.o)
                              C:/ST/STM32CubeIDE_2.1.0/STM32CubeIDE/plugins/com.st.stm32cube.ide.mcu.externaltools.gnu-tools-for-stm32.14.3.rel1.win32_1.0.100.202602081740/tools/bin/../lib/gcc/arm-none-eabi/14.3.1/../../../../arm-none-eabi/lib/thumb/v7e-m+fp/hard/crt0.o (exit)
C:/ST/STM32CubeIDE_2.1.0/STM32CubeIDE/plugins/com.st.stm32cube.ide.mcu.externaltools.gnu-tools-for-stm32.14.3.rel1.win32_1.0.100.202602081740/tools/bin/../lib/gcc/arm-none-eabi/14.3.1/../../../../arm-none-eabi/lib/thumb/v7e-m+fp/hard\libc_nano.a(libc_a-rand.o)
                              ./Core/Src/main.o (srand)
C:/ST/STM32CubeIDE_2.1.0/STM32CubeIDE/plugins/com.st.stm32cube.ide.mcu.externaltools.gnu-tools-for-stm32.14.3.rel1.win32_1.0.100.202602081740/tools/bin/../lib/gcc/arm-none-eabi/14.3.1/../../../../arm-none-eabi/lib/thumb/v7e-m+fp/hard\libc_nano.a(libc_a-findfp.o)
                              C:/ST/STM32CubeIDE_2.1.0/STM32CubeIDE/plugins/com.st.stm32cube.ide.mcu.externaltools.gnu-tools-for-stm32.14.3.rel1.win32_1.0.100.202602081740/tools/bin/../lib/gcc/arm-none-eabi/14.3.1/../../../../arm-none-eabi/lib/thumb/v7e-m+fp/hard\libc_nano.a(libc_a-exit.o) (__stdio_exit_handler)
C:/ST/STM32CubeIDE_2.1.0/STM32CubeIDE/plugins/com.st.stm32cube.ide.mcu.externaltools.gnu-tools-for-stm32.14.3.rel1.win32_1.0.100.202602081740/tools/bin/../lib/gcc/arm-none-eabi/14.3.1/../../../../arm-none-eabi/lib/thumb/v7e-m+fp/hard\libc_nano.a(libc_a-fwalk.o)
                              C:/ST/STM32CubeIDE_2.1.0/STM32CubeIDE/plugins/com.st.stm32cube.ide.mcu.externaltools.gnu-tools-for-stm32.14.3.rel1.win32_1.0.100.202602081740/tools/bin/../lib/gcc/arm-none-eabi/14.3.1/../../../../arm-none-eabi/lib/thumb/v7e-m+fp/hard\libc_nano.a(libc_a-findfp.o) (_fwalk_sglue)
C:/ST/STM32CubeIDE_2.1.0/STM32CubeIDE/plugins/com.st.stm32cube.ide.mcu.externaltools.gnu-tools-for-stm32.14.3.rel1.win32_1.0.100.202602081740/tools/bin/../lib/gcc/arm-none-eabi/14.3.1/../../../../arm-none-eabi/lib/thumb/v7e-m+fp/hard\libc_nano.a(libc_a-sprintf.o)
                              ./Core/Src/main.o (sprintf)
C:/ST/STM32CubeIDE_2.1.0/STM32CubeIDE/plugins/com.st.stm32cube.ide.mcu.externaltools.gnu-tools-for-stm32.14.3.rel1.win32_1.0.100.202602081740/tools/bin/../lib/gcc/arm-none-eabi/14.3.1/../../../../arm-none-eabi/lib/thumb/v7e-m+fp/hard\libc_nano.a(libc_a-stdio.o)
                              C:/ST/STM32CubeIDE_2.1.0/STM32CubeIDE/plugins/com.st.stm32cube.ide.mcu.externaltools.gnu-tools-for-stm32.14.3.rel1.win32_1.0.100.202602081740/tools/bin/../lib/gcc/arm-none-eabi/14.3.1/../../../../arm-none-eabi/lib/thumb/v7e-m+fp/hard\libc_nano.a(libc_a-findfp.o) (__sread)
C:/ST/STM32CubeIDE_2.1.0/STM32CubeIDE/plugins/com.st.stm32cube.ide.mcu.externaltools.gnu-tools-for-stm32.14.3.rel1.win32_1.0.100.202602081740/tools/bin/../lib/gcc/arm-none-eabi/14.3.1/../../../../arm-none-eabi/lib/thumb/v7e-m+fp/hard\libc_nano.a(libc_a-memset.o)
                              C:/ST/STM32CubeIDE_2.1.0/STM32CubeIDE/plugins/com.st.stm32cube.ide.mcu.externaltools.gnu-tools-for-stm32.14.3.rel1.win32_1.0.100.202602081740/tools/bin/../lib/gcc/arm-none-eabi/14.3.1/../../../../arm-none-eabi/lib/thumb/v7e-m+fp/hard/crt0.o (memset)
C:/ST/STM32CubeIDE_2.1.0/STM32CubeIDE/plugins/com.st.stm32cube.ide.mcu.externaltools.gnu-tools-for-stm32.14.3.rel1.win32_1.0.100.202602081740/tools/bin/../lib/gcc/arm-none-eabi/14.3.1/../../../../arm-none-eabi/lib/thumb/v7e-m+fp/hard\libc_nano.a(libc_a-closer.o)
                              C:/ST/STM32CubeIDE_2.1.0/STM32CubeIDE/plugins/com.st.stm32cube.ide.mcu.externaltools.gnu-tools-for-stm32.14.3.rel1.win32_1.0.100.202602081740/tools/bin/../lib/gcc/arm-none-eabi/14.3.1/../../../../arm-none-eabi/lib/thumb/v7e-m+fp/hard\libc_nano.a(libc_a-stdio.o) (_close_r)
C:/ST/STM32CubeIDE_2.1.0/STM32CubeIDE/plugins/com.st.stm32cube.ide.mcu.externaltools.gnu-tools-for-stm32.14.3.rel1.win32_1.0.100.202602081740/tools/bin/../lib/gcc/arm-none-eabi/14.3.1/../../../../arm-none-eabi/lib/thumb/v7e-m+fp/hard\libc_nano.a(libc_a-reent.o)
                              C:/ST/STM32CubeIDE_2.1.0/STM32CubeIDE/plugins/com.st.stm32cube.ide.mcu.externaltools.gnu-tools-for-stm32.14.3.rel1.win32_1.0.100.202602081740/tools/bin/../lib/gcc/arm-none-eabi/14.3.1/../../../../arm-none-eabi/lib/thumb/v7e-m+fp/hard\libc_nano.a(libc_a-closer.o) (errno)
C:/ST/STM32CubeIDE_2.1.0/STM32CubeIDE/plugins/com.st.stm32cube.ide.mcu.externaltools.gnu-tools-for-stm32.14.3.rel1.win32_1.0.100.202602081740/tools/bin/../lib/gcc/arm-none-eabi/14.3.1/../../../../arm-none-eabi/lib/thumb/v7e-m+fp/hard\libc_nano.a(libc_a-impure.o)
[...]
Memory Configuration

Name             Origin             Length             Attributes
RAM              0x20000000         0x00020000         xrw
FLASH            0x08000000         0x00080000         xr
*default*        0x00000000         0xffffffff

Linker script and memory map

LOAD C:/ST/STM32CubeIDE_2.1.0/STM32CubeIDE/plugins/com.st.stm32cube.ide.mcu.externaltools.gnu-tools-for-stm32.14.3.rel1.win32_1.0.100.202602081740/tools/bin/../lib/gcc/arm-none-eabi/14.3.1/thumb/v7e-m+fp/hard/crti.o
LOAD C:/ST/STM32CubeIDE_2.1.0/STM32CubeIDE/plugins/com.st.stm32cube.ide.mcu.externaltools.gnu-tools-for-stm32.14.3.rel1.win32_1.0.100.202602081740/tools/bin/../lib/gcc/arm-none-eabi/14.3.1/thumb/v7e-m+fp/hard/crtbegin.o
LOAD C:/ST/STM32CubeIDE_2.1.0/STM32CubeIDE/plugins/com.st.stm32cube.ide.mcu.externaltools.gnu-tools-for-stm32.14.3.rel1.win32_1.0.100.202602081740/tools/bin/../lib/gcc/arm-none-eabi/14.3.1/../../../../arm-none-eabi/lib/thumb/v7e-m+fp/hard/crt0.o
LOAD ./Core/Src/fatfs_sd.o
LOAD ./Core/Src/font.o
LOAD ./Core/Src/graficos.o
LOAD ./Core/Src/ili9341.o
LOAD ./Core/Src/main.o
LOAD ./Core/Src/niveles.o
LOAD ./Core/Src/stm32f4xx_hal_msp.o
LOAD ./Core/Src/stm32f4xx_it.o
LOAD ./Core/Src/syscalls.o
LOAD ./Core/Src/sysmem.o
LOAD ./Core/Src/system_stm32f4xx.o
LOAD ./Core/Startup/startup_stm32f446retx.o
LOAD ./Drivers/STM32F4xx_HAL_Driver/Src/stm32f4xx_hal.o
LOAD ./Drivers/STM32F4xx_HAL_Driver/Src/stm32f4xx_hal_cortex.o
LOAD ./Drivers/STM32F4xx_HAL_Driver/Src/stm32f4xx_hal_dma.o
LOAD ./Drivers/STM32F4xx_HAL_Driver/Src/stm32f4xx_hal_dma_ex.o
LOAD ./Drivers/STM32F4xx_HAL_Driver/Src/stm32f4xx_hal_exti.o
LOAD ./Drivers/STM32F4xx_HAL_Driver/Src/stm32f4xx_hal_flash.o
LOAD ./Drivers/STM32F4xx_HAL_Driver/Src/stm32f4xx_hal_flash_ex.o
LOAD ./Drivers/STM32F4xx_HAL_Driver/Src/stm32f4xx_hal_flash_ramfunc.o
LOAD ./Drivers/STM32F4xx_HAL_Driver/Src/stm32f4xx_hal_gpio.o
LOAD ./Drivers/STM32F4xx_HAL_Driver/Src/stm32f4xx_hal_pwr.o
LOAD ./Drivers/STM32F4xx_HAL_Driver/Src/stm32f4xx_hal_pwr_ex.o
LOAD ./Drivers/STM32F4xx_HAL_Driver/Src/stm32f4xx_hal_rcc.o
LOAD ./Drivers/STM32F4xx_HAL_Driver/Src/stm32f4xx_hal_rcc_ex.o
LOAD ./Drivers/STM32F4xx_HAL_Driver/Src/stm32f4xx_hal_spi.o
LOAD ./Drivers/STM32F4xx_HAL_Driver/Src/stm32f4xx_hal_uart.o
LOAD ./FATFS/App/fatfs.o
LOAD ./FATFS/Target/user_diskio.o
LOAD ./Middlewares/Third_Party/FatFs/src/diskio.o
LOAD ./Middlewares/Third_Party/FatFs/src/ff.o
LOAD ./Middlewares/Third_Party/FatFs/src/ff_gen_drv.o
LOAD ./Middlewares/Third_Party/FatFs/src/option/ccsbcs.o
LOAD ./Middlewares/Third_Party/FatFs/src/option/syscall.o
START GROUP
LOAD C:/ST/STM32CubeIDE_2.1.0/STM32CubeIDE/plugins/com.st.stm32cube.ide.mcu.externaltools.gnu-tools-for-stm32.14.3.rel1.win32_1.0.100.202602081740/tools/bin/../lib/gcc/arm-none-eabi/14.3.1/../../../../arm-none-eabi/lib/thumb/v7e-m+fp/hard\libc_nano.a
LOAD C:/ST/STM32CubeIDE_2.1.0/STM32CubeIDE/plugins/com.st.stm32cube.ide.mcu.externaltools.gnu-tools-for-stm32.14.3.rel1.win32_1.0.100.202602081740/tools/bin/../lib/gcc/arm-none-eabi/14.3.1/../../../../arm-none-eabi/lib/thumb/v7e-m+fp/hard\libm.a
END GROUP
START GROUP
LOAD C:/ST/STM32CubeIDE_2.1.0/STM32CubeIDE/plugins/com.st.stm32cube.ide.mcu.externaltools.gnu-tools-for-stm32.14.3.rel1.win32_1.0.100.202602081740/tools/bin/../lib/gcc/arm-none-eabi/14.3.1/thumb/v7e-m+fp/hard\libgcc.a
LOAD C:/ST/STM32CubeIDE_2.1.0/STM32CubeIDE/plugins/com.st.stm32cube.ide.mcu.externaltools.gnu-tools-for-stm32.14.3.rel1.win32_1.0.100.202602081740/tools/bin/../lib/gcc/arm-none-eabi/14.3.1/../../../../arm-none-eabi/lib/thumb/v7e-m+fp/hard\libc_nano.a
END GROUP
START GROUP
LOAD C:/ST/STM32CubeIDE_2.1.0/STM32CubeIDE/plugins/com.st.stm32cube.ide.mcu.externaltools.gnu-tools-for-stm32.14.3.rel1.win32_1.0.100.202602081740/tools/bin/../lib/gcc/arm-none-eabi/14.3.1/thumb/v7e-m+fp/hard\libgcc.a
LOAD C:/ST/STM32CubeIDE_2.1.0/STM32CubeIDE/plugins/com.st.stm32cube.ide.mcu.externaltools.gnu-tools-for-stm32.14.3.rel1.win32_1.0.100.202602081740/tools/bin/../lib/gcc/arm-none-eabi/14.3.1/../../../../arm-none-eabi/lib/thumb/v7e-m+fp/hard\libc_nano.a
LOAD C:/ST/STM32CubeIDE_2.1.0/STM32CubeIDE/plugins/com.st.stm32cube.ide.mcu.externaltools.gnu-tools-for-stm32.14.3.rel1.win32_1.0.100.202602081740/tools/bin/../lib/gcc/arm-none-eabi/14.3.1/../../../../arm-none-eabi/lib/thumb/v7e-m+fp/hard\libnosys.a
END GROUP
START GROUP
LOAD C:/ST/STM32CubeIDE_2.1.0/STM32CubeIDE/plugins/com.st.stm32cube.ide.mcu.externaltools.gnu-tools-for-stm32.14.3.rel1.win32_1.0.100.202602081740/tools/bin/../lib/gcc/arm-none-eabi/14.3.1/thumb/v7e-m+fp/hard\libgcc.a
LOAD C:/ST/STM32CubeIDE_2.1.0/STM32CubeIDE/plugins/com.st.stm32cube.ide.mcu.externaltools.gnu-tools-for-stm32.14.3.rel1.win32_1.0.100.202602081740/tools/bin/../lib/gcc/arm-none-eabi/14.3.1/../../../../arm-none-eabi/lib/thumb/v7e-m+fp/hard\libc_nano.a
LOAD C:/ST/STM32CubeIDE_2.1.0/STM32CubeIDE/plugins/com.st.stm32cube.ide.mcu.externaltools.gnu-tools-for-stm32.14.3.rel1.win32_1.0.100.202602081740/tools/bin/../lib/gcc/arm-none-eabi/14.3.1/../../../../arm-none-eabi/lib/thumb/v7e-m+fp/hard\libnosys.a
END GROUP
LOAD C:/ST/STM32CubeIDE_2.1.0/STM32CubeIDE/plugins/com.st.stm32cube.ide.mcu.externaltools.gnu-tools-for-stm32.14.3.rel1.win32_1.0.100.202602081740/tools/bin/../lib/gcc/arm-none-eabi/14.3.1/thumb/v7e-m+fp/hard/crtend.o
LOAD C:/ST/STM32CubeIDE_2.1.0/STM32CubeIDE/plugins/com.st.stm32cube.ide.mcu.externaltools.gnu-tools-for-stm32.14.3.rel1.win32_1.0.100.202602081740/tools/bin/../lib/gcc/arm-none-eabi/14.3.1/thumb/v7e-m+fp/hard/crtn.o
                0x20020000                        _estack = (ORIGIN (RAM) + LENGTH (RAM))
                0x00000200                        _Min_Heap_Size = 0x200
                0x00000400                        _Min_Stack_Size = 0x400

.isr_vector     0x08000000      0x1c4
                0x08000000                        . = ALIGN (0x4)
 *(.isr_vector)
 .isr_vector    0x08000000      0x1c4 ./Core/Startup/startup_stm32f446retx.o
                0x08000000                g_pfnVectors
                0x080001c4                        . = ALIGN (0x4)

.text           0x080001d0     0xfba0
                0x080001d0                        . = ALIGN (0x4)
 *(.text)
 .text          0x080001d0       0x40 C:/ST/STM32CubeIDE_2.1.0/STM32CubeIDE/plugins/com.st.stm32cube.ide.mcu.externaltools.gnu-tools-for-stm32.14.3.rel1.win32_1.0.100.202602081740/tools/bin/../lib/gcc/arm-none-eabi/14.3.1/thumb/v7e-m+fp/hard/crtbegin.o
 .text          0x08000210       0x10 C:/ST/STM32CubeIDE_2.1.0/STM32CubeIDE/plugins/com.st.stm32cube.ide.mcu.externaltools.gnu-tools-for-stm32.14.3.rel1.win32_1.0.100.202602081740/tools/bin/../lib/gcc/arm-none-eabi/14.3.1/../../../../arm-none-eabi/lib/thumb/v7e-m+fp/hard\libc_nano.a(libc_a-strlen.o)
                0x08000210                strlen
 .text          0x08000220       0xa0 C:/ST/STM32CubeIDE_2.1.0/STM32CubeIDE/plugins/com.st.stm32cube.ide.mcu.externaltools.gnu-tools-for-stm32.14.3.rel1.win32_1.0.100.202602081740/tools/bin/../lib/gcc/arm-none-eabi/14.3.1/../../../../arm-none-eabi/lib/thumb/v7e-m+fp/hard\libc_nano.a(libc_a-memchr.o)
                0x08000220                memchr
 .text          0x080002c0       0x30 C:/ST/STM32CubeIDE_2.1.0/STM32CubeIDE/plugins/com.st.stm32cube.ide.mcu.externaltools.gnu-tools-for-stm32.14.3.rel1.win32_1.0.100.202602081740/tools/bin/../lib/gcc/arm-none-eabi/14.3.1/thumb/v7e-m+fp/hard\libgcc.a(_aeabi_uldivmod.o)
                0x080002c0                __aeabi_uldivmod
 .text          0x080002f0      0x2f8 C:/ST/STM32CubeIDE_2.1.0/STM32CubeIDE/plugins/com.st.stm32cube.ide.mcu.externaltools.gnu-tools-for-stm32.14.3.rel1.win32_1.0.100.202602081740/tools/bin/../lib/gcc/arm-none-eabi/14.3.1/thumb/v7e-m+fp/hard\libgcc.a(_udivmoddi4.o)
                0x080002f0                __udivmoddi4
 .text          0x080005e8        0x4 C:/ST/STM32CubeIDE_2.1.0/STM32CubeIDE/plugins/com.st.stm32cube.ide.mcu.externaltools.gnu-tools-for-stm32.14.3.rel1.win32_1.0.100.202602081740/tools/bin/../lib/gcc/arm-none-eabi/14.3.1/thumb/v7e-m+fp/hard\libgcc.a(_dvmd_tls.o)
                0x080005e8                __aeabi_idiv0
                0x080005e8                __aeabi_ldiv0
 *(.text*)
 .text.SELECT   0x080005ec       0x1c ./Core/Src/fatfs_sd.o
 .text.DESELECT
                0x08000608       0x1c ./Core/Src/fatfs_sd.o
 .text.SPI_TxByte
                0x08000624       0x34 ./Core/Src/fatfs_sd.o
 .text.SPI_TxBuffer
                0x08000658       0x34 ./Core/Src/fatfs_sd.o
 .text.SPI_RxByte
                0x0800068c       0x38 ./Core/Src/fatfs_sd.o
 .text.SPI_RxBytePtr
                0x080006c4       0x1c ./Core/Src/fatfs_sd.o
 .text.SD_ReadyWait
                0x080006e0       0x34 ./Core/Src/fatfs_sd.o
 .text.SD_PowerOn
                0x08000714       0x84 ./Core/Src/fatfs_sd.o
 .text.SD_PowerOff
                0x08000798       0x18 ./Core/Src/fatfs_sd.o
 .text.SD_CheckPower
                0x080007b0       0x18 ./Core/Src/fatfs_sd.o
 .text.SD_RxDataBlock
                0x080007c8       0x60 ./Core/Src/fatfs_sd.o
 .text.SD_TxDataBlock
                0x08000828       0xa0 ./Core/Src/fatfs_sd.o
 .text.SD_SendCmd
                0x080008c8       0xa8 ./Core/Src/fatfs_sd.o
 .text.SD_disk_initialize
                0x08000970      0x1d8 ./Core/Src/fatfs_sd.o
                0x08000970                SD_disk_initialize
 .text.SD_disk_status
                0x08000b48       0x2c ./Core/Src/fatfs_sd.o
                0x08000b48                SD_disk_status
 .text.SD_disk_read
                0x08000b74       0xd4 ./Core/Src/fatfs_sd.o
                0x08000b74                SD_disk_read
 .text.SD_disk_write
                0x08000c48      0x108 ./Core/Src/fatfs_sd.o
                0x08000c48                SD_disk_write
 .text.SD_disk_ioctl
                0x08000d50      0x25c ./Core/Src/fatfs_sd.o
                0x08000d50                SD_disk_ioctl
 .text.LCD_Init
                0x08000fac      0x1f8 ./Core/Src/ili9341.o
                0x08000fac                LCD_Init
 .text.LCD_CMD  0x080011a4       0x68 ./Core/Src/ili9341.o
                0x080011a4                LCD_CMD
 .text.LCD_DATA
                0x0800120c       0x40 ./Core/Src/ili9341.o
                0x0800120c                LCD_DATA
 .text.SetWindows
                0x0800124c       0x80 ./Core/Src/ili9341.o
                0x0800124c                SetWindows
 .text.LCD_Clear
                0x080012cc       0x78 ./Core/Src/ili9341.o
                0x080012cc                LCD_Clear
 .text.FillRect
                0x08001344       0xa4 ./Core/Src/ili9341.o
                0x08001344                FillRect
 .text.LCD_Bitmap
                0x080013e8       0x90 ./Core/Src/ili9341.o
                0x080013e8                LCD_Bitmap
 .text.LCD_DibujarSpriteTransparente
                0x08001478      0x160 ./Core/Src/ili9341.o
                0x08001478                LCD_DibujarSpriteTransparente
 .text.MaxBarrilesActivosNivel1
                0x080015d8       0x20 ./Core/Src/main.o
 .text.actualizarY_Personaje
                0x080015f8       0xa8 ./Core/Src/main.o
                0x080015f8                actualizarY_Personaje
 .text.crearBarril
                0x080016a0      0x180 ./Core/Src/main.o
                0x080016a0                crearBarril
 .text.actualizarY_Objeto
                0x08001820       0xac ./Core/Src/main.o
                0x08001820                actualizarY_Objeto
 .text.actualizarBarriles
                0x080018cc      0x5bc ./Core/Src/main.o
                0x080018cc                actualizarBarriles
 .text.RestaurarFondoBarrilSeguro
                0x08001e88       0x60 ./Core/Src/main.o
                0x08001e88                RestaurarFondoBarrilSeguro
 .text.ProcesarMovimientoNivel1
                0x08001ee8      0x22c ./Core/Src/main.o
                0x08001ee8                ProcesarMovimientoNivel1
 .text.alturaPlataformaEnX
                0x08002114       0xb0 ./Core/Src/main.o
                0x08002114                alturaPlataformaEnX
 .text.detectarPlataforma
                0x080021c4       0x94 ./Core/Src/main.o
                0x080021c4                detectarPlataforma
 .text.direccionPlataforma
                0x08002258       0x3c ./Core/Src/main.o
                0x08002258                direccionPlataforma
 .text.plataformaInferiorDeEscalera
                0x08002294       0xc8 ./Core/Src/main.o
                0x08002294                plataformaInferiorDeEscalera
 .text.elegirEscaleraObjetivo
                0x0800235c      0x1c4 ./Core/Src/main.o
                0x0800235c                elegirEscaleraObjetivo
 .text.hayColision
                0x08002520       0x50 ./Core/Src/main.o
                0x08002520                hayColision
 .text.reiniciarJuego
                0x08002570      0x2f4 ./Core/Src/main.o
                0x08002570                reiniciarJuego
 .text.FixColorEndianness
                0x08002864       0x5c ./Core/Src/main.o
                0x08002864                FixColorEndianness
 .text.Dibujar_Imagen_Bin
                0x080028c0      0x1e4 ./Core/Src/main.o
                0x080028c0                Dibujar_Imagen_Bin
 .text.DibujarTile8
                0x08002aa4       0x4a ./Core/Src/main.o
 .text.RectIntersects
                0x08002aee       0x50 ./Core/Src/main.o
                0x08002aee                RectIntersects
 *fill*         0x08002b3e        0x2 
 .text.DibujarDecoracionNivel1
                0x08002b40       0x34 ./Core/Src/main.o
                0x08002b40                DibujarDecoracionNivel1
 .text.DibujarNivel1Tileado
                0x08002b74       0x78 ./Core/Src/main.o
                0x08002b74                DibujarNivel1Tileado
 .text.RestaurarRectNivel1
                0x08002bec      0x158 ./Core/Src/main.o
                0x08002bec                RestaurarRectNivel1
 .text.DibujarDecoracionNivel2
                0x08002d44       0x20 ./Core/Src/main.o
                0x08002d44                DibujarDecoracionNivel2
 .text.DibujarNivel2Tileado
                0x08002d64       0x78 ./Core/Src/main.o
                0x08002d64                DibujarNivel2Tileado
 .text.RestaurarRectNivel2
                0x08002ddc      0x124 ./Core/Src/main.o
                0x08002ddc                RestaurarRectNivel2
 .text.InicializarFuegosNivel2
                0x08002f00      0x110 ./Core/Src/main.o
                0x08002f00                InicializarFuegosNivel2
 .text.ActualizarFuegosNivel2
                0x08003010      0x2a4 ./Core/Src/main.o
                0x08003010                ActualizarFuegosNivel2
 .text.DibujarFuegosNivel2
                0x080032b4       0xd0 ./Core/Src/main.o
                0x080032b4                DibujarFuegosNivel2
 .text.actualizarY_Personaje_N2
                0x08003384       0xb4 ./Core/Src/main.o
                0x08003384                actualizarY_Personaje_N2
 .text.ProcesarMovimientoNivel2
                0x08003438      0x354 ./Core/Src/main.o
                0x08003438                ProcesarMovimientoNivel2
 .text.ColisionPersonajeFuegosNivel2
                0x0800378c       0xd4 ./Core/Src/main.o
                0x0800378c                ColisionPersonajeFuegosNivel2
 .text.DibujarDecoracionNivel3
                0x08003860        0xe ./Core/Src/main.o
                0x08003860                DibujarDecoracionNivel3
 *fill*         0x0800386e        0x2 
 .text.DibujarNivel3Tileado
                0x08003870       0x78 ./Core/Src/main.o
                0x08003870                DibujarNivel3Tileado
 .text.RestaurarRectNivel3
                0x080038e8       0xf0 ./Core/Src/main.o
                0x080038e8                RestaurarRectNivel3
 .text.DibujarFuegosNivel3
                0x080039d8       0xd0 ./Core/Src/main.o
                0x080039d8                DibujarFuegosNivel3
 .text.ActualizarFuegosNivel3
                0x08003aa8      0x2a4 ./Core/Src/main.o
                0x08003aa8                ActualizarFuegosNivel3
 .text.InicializarFuegosNivel3
                0x08003d4c      0x110 ./Core/Src/main.o
                0x08003d4c                InicializarFuegosNivel3
 .text.actualizarY_Personaje_N3
                0x08003e5c       0xc4 ./Core/Src/main.o
                0x08003e5c                actualizarY_Personaje_N3
 .text.ColisionPersonajeFuegosNivel3
                0x08003f20       0xd4 ./Core/Src/main.o
                0x08003f20                ColisionPersonajeFuegosNivel3
 .text.ProcesarMovimientoNivel3
                0x08003ff4      0x380 ./Core/Src/main.o
                0x08003ff4                ProcesarMovimientoNivel3
 .text.DibujarNivel4Tileado
                0x08004374       0x74 ./Core/Src/main.o
                0x08004374                DibujarNivel4Tileado
 .text.RestaurarRectNivel4
                0x080043e8       0xdc ./Core/Src/main.o
                0x080043e8                RestaurarRectNivel4
 .text.InicializarFuegosNivel4
                0x080044c4      0x110 ./Core/Src/main.o
                0x080044c4                InicializarFuegosNivel4
 .text.ActualizarFuegosNivel4
                0x080045d4      0x2a4 ./Core/Src/main.o
                0x080045d4                ActualizarFuegosNivel4
 .text.DibujarFuegosNivel4
                0x08004878       0xd0 ./Core/Src/main.o
                0x08004878                DibujarFuegosNivel4
 .text.actualizarY_Personaje_N4
                0x08004948       0xb4 ./Core/Src/main.o
                0x08004948                actualizarY_Personaje_N4
 .text.ProcesarMovimientoNivel4
                0x080049fc      0x378 ./Core/Src/main.o
                0x080049fc                ProcesarMovimientoNivel4
 .text.ColisionPersonajeFuegosNivel4
                0x08004d74       0xd4 ./Core/Src/main.o
                0x08004d74                ColisionPersonajeFuegosNivel4
 .text.DibujarSelectorMenu
                0x08004e48       0xc4 ./Core/Src/main.o
                0x08004e48                DibujarSelectorMenu
 .text.BorrarSelectorMenu
                0x08004f0c       0xc0 ./Core/Src/main.o
                0x08004f0c                BorrarSelectorMenu
 .text.ConfirmarSeleccionMenu
                0x08004fcc      0x114 ./Core/Src/main.o
                0x08004fcc                ConfirmarSeleccionMenu
 .text.victoria
                0x080050e0       0x8c ./Core/Src/main.o
                0x080050e0                victoria
 .text.marioEnPlataformaVictoria_P
                0x0800516c       0x64 ./Core/Src/main.o
                0x0800516c                marioEnPlataformaVictoria_P
 .text.transmit_uart
                0x080051d0       0x2c ./Core/Src/main.o
                0x080051d0                transmit_uart
 .text.main     0x080051fc     0x2818 ./Core/Src/main.o
                0x080051fc                main
 .text.SystemClock_Config
                0x08007a14       0xdc ./Core/Src/main.o
                0x08007a14                SystemClock_Config
 .text.MX_SPI1_Init
                0x08007af0       0x6c ./Core/Src/main.o
 .text.MX_USART1_UART_Init
                0x08007b5c       0x54 ./Core/Src/main.o
 .text.MX_USART2_UART_Init
                0x08007bb0       0x54 ./Core/Src/main.o
 .text.MX_USART3_UART_Init
                0x08007c04       0x54 ./Core/Src/main.o
 .text.MX_USART6_UART_Init
                0x08007c58       0x54 ./Core/Src/main.o
 .text.MX_DMA_Init
                0x08007cac       0x40 ./Core/Src/main.o
 .text.MX_GPIO_Init
                0x08007cec      0x12c ./Core/Src/main.o
 .text.HAL_UART_RxCpltCallback
                0x08007e18       0x94 ./Core/Src/main.o
                0x08007e18                HAL_UART_RxCpltCallback
 .text.Error_Handler
                0x08007eac        0xc ./Core/Src/main.o
                0x08007eac                Error_Handler
 .text.HAL_MspInit
                0x08007eb8       0x50 ./Core/Src/stm32f4xx_hal_msp.o
                0x08007eb8                HAL_MspInit
 .text.HAL_SPI_MspInit
                0x08007f08      0x104 ./Core/Src/stm32f4xx_hal_msp.o
                0x08007f08                HAL_SPI_MspInit
 .text.HAL_UART_MspInit
                0x0800800c      0x240 ./Core/Src/stm32f4xx_hal_msp.o
                0x0800800c                HAL_UART_MspInit
 .text.NMI_Handler
                0x0800824c        0x8 ./Core/Src/stm32f4xx_it.o
                0x0800824c                NMI_Handler
 .text.HardFault_Handler
                0x08008254        0x8 ./Core/Src/stm32f4xx_it.o
                0x08008254                HardFault_Handler
 .text.MemManage_Handler
                0x0800825c        0x8 ./Core/Src/stm32f4xx_it.o
                0x0800825c                MemManage_Handler
 .text.BusFault_Handler
                0x08008264        0x8 ./Core/Src/stm32f4xx_it.o
                0x08008264                BusFault_Handler
 .text.UsageFault_Handler
                0x0800826c        0x8 ./Core/Src/stm32f4xx_it.o
                0x0800826c                UsageFault_Handler
 .text.SVC_Handler
                0x08008274        0xe ./Core/Src/stm32f4xx_it.o
                0x08008274                SVC_Handler
 .text.DebugMon_Handler
                0x08008282        0xe ./Core/Src/stm32f4xx_it.o
                0x08008282                DebugMon_Handler
 .text.PendSV_Handler
                0x08008290        0xe ./Core/Src/stm32f4xx_it.o
                0x08008290                PendSV_Handler
 *fill*         0x0800829e        0x2 
 .text.SysTick_Handler
                0x080082a0       0x48 ./Core/Src/stm32f4xx_it.o
                0x080082a0                SysTick_Handler
 .text.SPI1_IRQHandler
                0x080082e8       0x14 ./Core/Src/stm32f4xx_it.o
                0x080082e8                SPI1_IRQHandler
 .text.USART1_IRQHandler
                0x080082fc       0x14 ./Core/Src/stm32f4xx_it.o
                0x080082fc                USART1_IRQHandler
 .text.USART2_IRQHandler
                0x08008310       0x14 ./Core/Src/stm32f4xx_it.o
                0x08008310                USART2_IRQHandler
 .text.DMA2_Stream3_IRQHandler
                0x08008324       0x14 ./Core/Src/stm32f4xx_it.o
                0x08008324                DMA2_Stream3_IRQHandler
 .text.USART6_IRQHandler
                0x08008338       0x14 ./Core/Src/stm32f4xx_it.o
                0x08008338                USART6_IRQHandler
 .text._getpid  0x0800834c       0x10 ./Core/Src/syscalls.o
                0x0800834c                _getpid
 .text._kill    0x0800835c       0x20 ./Core/Src/syscalls.o
                0x0800835c                _kill
 .text._exit    0x0800837c       0x16 ./Core/Src/syscalls.o
                0x0800837c                _exit
 .text._read    0x08008392       0x3a ./Core/Src/syscalls.o
                0x08008392                _read
 .text._write   0x080083cc       0x38 ./Core/Src/syscalls.o
                0x080083cc                _write
 .text._close   0x08008404       0x18 ./Core/Src/syscalls.o
                0x08008404                _close
 .text._fstat   0x0800841c       0x20 ./Core/Src/syscalls.o
                0x0800841c                _fstat
 .text._isatty  0x0800843c       0x16 ./Core/Src/syscalls.o
                0x0800843c                _isatty
 .text._lseek   0x08008452       0x1a ./Core/Src/syscalls.o
                0x08008452                _lseek
 .text._sbrk    0x0800846c       0x6c ./Core/Src/sysmem.o
                0x0800846c                _sbrk
 .text.SystemInit
                0x080084d8       0x24 ./Core/Src/system_stm32f4xx.o
                0x080084d8                SystemInit
 .text.Reset_Handler
                0x080084fc       0x50 ./Core/Startup/startup_stm32f446retx.o
                0x080084fc                Reset_Handler
 .text.Default_Handler
                0x0800854c        0x2 ./Core/Startup/startup_stm32f446retx.o
                0x0800854c                RTC_Alarm_IRQHandler
                0x0800854c                EXTI2_IRQHandler
                0x0800854c                TIM8_CC_IRQHandler
                0x0800854c                FMPI2C1_EV_IRQHandler
                0x0800854c                SPI4_IRQHandler
                0x0800854c                TIM1_CC_IRQHandler
                0x0800854c                DMA2_Stream5_IRQHandler
                0x0800854c                DMA1_Stream5_IRQHandler
                0x0800854c                PVD_IRQHandler
                0x0800854c                SDIO_IRQHandler
                0x0800854c                TAMP_STAMP_IRQHandler
                0x0800854c                CAN2_RX1_IRQHandler
                0x0800854c                EXTI3_IRQHandler
                0x0800854c                TIM8_TRG_COM_TIM14_IRQHandler
                0x0800854c                TIM1_UP_TIM10_IRQHandler
                0x0800854c                TIM8_UP_TIM13_IRQHandler
                0x0800854c                I2C3_ER_IRQHandler
                0x0800854c                EXTI0_IRQHandler
                0x0800854c                I2C2_EV_IRQHandler
                0x0800854c                DMA1_Stream2_IRQHandler
                0x0800854c                CAN1_RX0_IRQHandler
                0x0800854c                FPU_IRQHandler
                0x0800854c                OTG_HS_WKUP_IRQHandler
                0x0800854c                CAN2_SCE_IRQHandler
                0x0800854c                DMA2_Stream2_IRQHandler
                0x0800854c                TIM6_DAC_IRQHandler
                0x0800854c                TIM1_BRK_TIM9_IRQHandler
                0x0800854c                DCMI_IRQHandler
                0x0800854c                CAN2_RX0_IRQHandler
                0x0800854c                SAI2_IRQHandler
                0x0800854c                USART3_IRQHandler
                0x0800854c                CAN1_RX1_IRQHandler
                0x0800854c                UART5_IRQHandler
                0x0800854c                DMA2_Stream0_IRQHandler
                0x0800854c                TIM4_IRQHandler
                0x0800854c                QUADSPI_IRQHandler
                0x0800854c                I2C1_EV_IRQHandler
                0x0800854c                DMA1_Stream6_IRQHandler
                0x0800854c                DMA1_Stream1_IRQHandler
                0x0800854c                UART4_IRQHandler
                0x0800854c                TIM3_IRQHandler
                0x0800854c                RCC_IRQHandler
                0x0800854c                TIM8_BRK_TIM12_IRQHandler
                0x0800854c                Default_Handler
                0x0800854c                CEC_IRQHandler
                0x0800854c                EXTI15_10_IRQHandler
                0x0800854c                ADC_IRQHandler
                0x0800854c                DMA1_Stream7_IRQHandler
                0x0800854c                TIM7_IRQHandler
                0x0800854c                CAN2_TX_IRQHandler
                0x0800854c                TIM5_IRQHandler
                0x0800854c                DMA2_Stream7_IRQHandler
                0x0800854c                I2C3_EV_IRQHandler
                0x0800854c                EXTI9_5_IRQHandler
                0x0800854c                RTC_WKUP_IRQHandler
                0x0800854c                SPDIF_RX_IRQHandler
                0x0800854c                SPI2_IRQHandler
                0x0800854c                OTG_HS_EP1_IN_IRQHandler
                0x0800854c                DMA1_Stream0_IRQHandler
                0x0800854c                CAN1_TX_IRQHandler
                0x0800854c                FMPI2C1_ER_IRQHandler
                0x0800854c                EXTI4_IRQHandler
                0x0800854c                OTG_HS_EP1_OUT_IRQHandler
                0x0800854c                WWDG_IRQHandler
                0x0800854c                TIM2_IRQHandler
                0x0800854c                OTG_FS_WKUP_IRQHandler
                0x0800854c                TIM1_TRG_COM_TIM11_IRQHandler
                0x0800854c                OTG_HS_IRQHandler
                0x0800854c                EXTI1_IRQHandler
                0x0800854c                I2C2_ER_IRQHandler
                0x0800854c                DMA2_Stream1_IRQHandler
                0x0800854c                CAN1_SCE_IRQHandler
                0x0800854c                FLASH_IRQHandler
                0x0800854c                DMA2_Stream4_IRQHandler
                0x0800854c                OTG_FS_IRQHandler
                0x0800854c                SPI3_IRQHandler
                0x0800854c                DMA1_Stream4_IRQHandler
                0x0800854c                I2C1_ER_IRQHandler
                0x0800854c                FMC_IRQHandler
                0x0800854c                DMA2_Stream6_IRQHandler
                0x0800854c                SAI1_IRQHandler
                0x0800854c                DMA1_Stream3_IRQHandler
 *fill*         0x0800854e        0x2 
 .text.HAL_Init
                0x08008550       0x44 ./Drivers/STM32F4xx_HAL_Driver/Src/stm32f4xx_hal.o
                0x08008550                HAL_Init
 .text.HAL_InitTick
                0x08008594       0x60 ./Drivers/STM32F4xx_HAL_Driver/Src/stm32f4xx_hal.o
                0x08008594                HAL_InitTick
 .text.HAL_IncTick
                0x080085f4       0x28 ./Drivers/STM32F4xx_HAL_Driver/Src/stm32f4xx_hal.o
                0x080085f4                HAL_IncTick
 .text.HAL_GetTick
                0x0800861c       0x18 ./Drivers/STM32F4xx_HAL_Driver/Src/stm32f4xx_hal.o
                0x0800861c                HAL_GetTick
 .text.HAL_Delay
                0x08008634       0x48 ./Drivers/STM32F4xx_HAL_Driver/Src/stm32f4xx_hal.o
                0x08008634                HAL_Delay
 .text.__NVIC_SetPriorityGrouping
                0x0800867c       0x48 ./Drivers/STM32F4xx_HAL_Driver/Src/stm32f4xx_hal_cortex.o
 .text.__NVIC_GetPriorityGrouping
                0x080086c4       0x1c ./Drivers/STM32F4xx_HAL_Driver/Src/stm32f4xx_hal_cortex.o
 .text.__NVIC_EnableIRQ
                0x080086e0       0x3c ./Drivers/STM32F4xx_HAL_Driver/Src/stm32f4xx_hal_cortex.o
 .text.__NVIC_SetPriority
                0x0800871c       0x54 ./Drivers/STM32F4xx_HAL_Driver/Src/stm32f4xx_hal_cortex.o
 .text.NVIC_EncodePriority
                0x08008770       0x66 ./Drivers/STM32F4xx_HAL_Driver/Src/stm32f4xx_hal_cortex.o
 *fill*         0x080087d6        0x2 
 .text.SysTick_Config
                0x080087d8       0x44 ./Drivers/STM32F4xx_HAL_Driver/Src/stm32f4xx_hal_cortex.o
 .text.HAL_NVIC_SetPriorityGrouping
                0x0800881c       0x16 ./Drivers/STM32F4xx_HAL_Driver/Src/stm32f4xx_hal_cortex.o
                0x0800881c                HAL_NVIC_SetPriorityGrouping
 .text.HAL_NVIC_SetPriority
                0x08008832       0x38 ./Drivers/STM32F4xx_HAL_Driver/Src/stm32f4xx_hal_cortex.o
                0x08008832                HAL_NVIC_SetPriority
 .text.HAL_NVIC_EnableIRQ
                0x0800886a       0x1c ./Drivers/STM32F4xx_HAL_Driver/Src/stm32f4xx_hal_cortex.o
                0x0800886a                HAL_NVIC_EnableIRQ
 .text.HAL_SYSTICK_Config
                0x08008886       0x18 ./Drivers/STM32F4xx_HAL_Driver/Src/stm32f4xx_hal_cortex.o
                0x08008886                HAL_SYSTICK_Config
 .text.HAL_SYSTICK_IRQHandler
                0x0800889e        0xc ./Drivers/STM32F4xx_HAL_Driver/Src/stm32f4xx_hal_cortex.o
                0x0800889e                HAL_SYSTICK_IRQHandler
 .text.HAL_SYSTICK_Callback
                0x080088aa        0xe ./Drivers/STM32F4xx_HAL_Driver/Src/stm32f4xx_hal_cortex.o
                0x080088aa                HAL_SYSTICK_Callback
 .text.HAL_DMA_Init
                0x080088b8      0x15c ./Drivers/STM32F4xx_HAL_Driver/Src/stm32f4xx_hal_dma.o
                0x080088b8                HAL_DMA_Init
 .text.HAL_DMA_Abort
                0x08008a14       0xe0 ./Drivers/STM32F4xx_HAL_Driver/Src/stm32f4xx_hal_dma.o
                0x08008a14                HAL_DMA_Abort
 .text.HAL_DMA_Abort_IT
                0x08008af4       0x44 ./Drivers/STM32F4xx_HAL_Driver/Src/stm32f4xx_hal_dma.o
                0x08008af4                HAL_DMA_Abort_IT
 .text.HAL_DMA_IRQHandler
                0x08008b38      0x314 ./Drivers/STM32F4xx_HAL_Driver/Src/stm32f4xx_hal_dma.o
                0x08008b38                HAL_DMA_IRQHandler
 .text.DMA_CalcBaseAndBitshift
                0x08008e4c       0x6c ./Drivers/STM32F4xx_HAL_Driver/Src/stm32f4xx_hal_dma.o
 .text.DMA_CheckFifoParam
                0x08008eb8       0xf8 ./Drivers/STM32F4xx_HAL_Driver/Src/stm32f4xx_hal_dma.o
 .text.HAL_GPIO_Init
                0x08008fb0      0x328 ./Drivers/STM32F4xx_HAL_Driver/Src/stm32f4xx_hal_gpio.o
                0x08008fb0                HAL_GPIO_Init
 .text.HAL_GPIO_WritePin
                0x080092d8       0x32 ./Drivers/STM32F4xx_HAL_Driver/Src/stm32f4xx_hal_gpio.o
                0x080092d8                HAL_GPIO_WritePin
 *fill*         0x0800930a        0x2 
 .text.HAL_RCC_ClockConfig
                0x0800930c      0x1cc ./Drivers/STM32F4xx_HAL_Driver/Src/stm32f4xx_hal_rcc.o
                0x0800930c                HAL_RCC_ClockConfig
 .text.HAL_RCC_GetHCLKFreq
                0x080094d8       0x18 ./Drivers/STM32F4xx_HAL_Driver/Src/stm32f4xx_hal_rcc.o
                0x080094d8                HAL_RCC_GetHCLKFreq
 .text.HAL_RCC_GetPCLK1Freq
                0x080094f0       0x28 ./Drivers/STM32F4xx_HAL_Driver/Src/stm32f4xx_hal_rcc.o
                0x080094f0                HAL_RCC_GetPCLK1Freq
 .text.HAL_RCC_GetPCLK2Freq
                0x08009518       0x28 ./Drivers/STM32F4xx_HAL_Driver/Src/stm32f4xx_hal_rcc.o
                0x08009518                HAL_RCC_GetPCLK2Freq
 .text.HAL_RCC_GetSysClockFreq
                0x08009540      0x460 ./Drivers/STM32F4xx_HAL_Driver/Src/stm32f4xx_hal_rcc_ex.o
                0x08009540                HAL_RCC_GetSysClockFreq
 .text.HAL_RCC_OscConfig
                0x080099a0      0x53c ./Drivers/STM32F4xx_HAL_Driver/Src/stm32f4xx_hal_rcc_ex.o
                0x080099a0                HAL_RCC_OscConfig
 .text.HAL_SPI_Init
                0x08009edc      0x112 ./Drivers/STM32F4xx_HAL_Driver/Src/stm32f4xx_hal_spi.o
                0x08009edc                HAL_SPI_Init
 .text.HAL_SPI_Transmit
                0x08009fee      0x288 ./Drivers/STM32F4xx_HAL_Driver/Src/stm32f4xx_hal_spi.o
                0x08009fee                HAL_SPI_Transmit
 .text.HAL_SPI_TransmitReceive
                0x0800a276      0x352 ./Drivers/STM32F4xx_HAL_Driver/Src/stm32f4xx_hal_spi.o
                0x0800a276                HAL_SPI_TransmitReceive
 .text.HAL_SPI_IRQHandler
                0x0800a5c8      0x200 ./Drivers/STM32F4xx_HAL_Driver/Src/stm32f4xx_hal_spi.o
                0x0800a5c8                HAL_SPI_IRQHandler
 .text.HAL_SPI_ErrorCallback
                0x0800a7c8       0x14 ./Drivers/STM32F4xx_HAL_Driver/Src/stm32f4xx_hal_spi.o
                0x0800a7c8                HAL_SPI_ErrorCallback
 .text.SPI_DMAAbortOnError
                0x0800a7dc       0x28 ./Drivers/STM32F4xx_HAL_Driver/Src/stm32f4xx_hal_spi.o
 .text.SPI_WaitFlagStateUntilTimeout
                0x0800a804      0x110 ./Drivers/STM32F4xx_HAL_Driver/Src/stm32f4xx_hal_spi.o
 .text.SPI_EndRxTxTransaction
                0x0800a914       0xa8 ./Drivers/STM32F4xx_HAL_Driver/Src/stm32f4xx_hal_spi.o
 .text.HAL_UART_Init
                0x0800a9bc       0xa0 ./Drivers/STM32F4xx_HAL_Driver/Src/stm32f4xx_hal_uart.o
                0x0800a9bc                HAL_UART_Init
 .text.HAL_UART_Transmit
                0x0800aa5c      0x116 ./Drivers/STM32F4xx_HAL_Driver/Src/stm32f4xx_hal_uart.o
                0x0800aa5c                HAL_UART_Transmit
 .text.HAL_UART_Receive_IT
                0x0800ab72       0x4a ./Drivers/STM32F4xx_HAL_Driver/Src/stm32f4xx_hal_uart.o
                0x0800ab72                HAL_UART_Receive_IT
 .text.HAL_UART_IRQHandler
                0x0800abbc      0x554 ./Drivers/STM32F4xx_HAL_Driver/Src/stm32f4xx_hal_uart.o
                0x0800abbc                HAL_UART_IRQHandler
 .text.HAL_UART_TxCpltCallback
                0x0800b110       0x14 ./Drivers/STM32F4xx_HAL_Driver/Src/stm32f4xx_hal_uart.o
                0x0800b110                HAL_UART_TxCpltCallback
 .text.HAL_UART_ErrorCallback
                0x0800b124       0x14 ./Drivers/STM32F4xx_HAL_Driver/Src/stm32f4xx_hal_uart.o
                0x0800b124                HAL_UART_ErrorCallback
 .text.HAL_UARTEx_RxEventCallback
                0x0800b138       0x18 ./Drivers/STM32F4xx_HAL_Driver/Src/stm32f4xx_hal_uart.o
                0x0800b138                HAL_UARTEx_RxEventCallback
 .text.UART_WaitOnFlagUntilTimeout
                0x0800b150       0xb2 ./Drivers/STM32F4xx_HAL_Driver/Src/stm32f4xx_hal_uart.o
 .text.UART_Start_Receive_IT
                0x0800b202       0x74 ./Drivers/STM32F4xx_HAL_Driver/Src/stm32f4xx_hal_uart.o
                0x0800b202                UART_Start_Receive_IT
 .text.UART_EndRxTransfer
                0x0800b276       0xc6 ./Drivers/STM32F4xx_HAL_Driver/Src/stm32f4xx_hal_uart.o
 .text.UART_DMAAbortOnError
                0x0800b33c       0x22 ./Drivers/STM32F4xx_HAL_Driver/Src/stm32f4xx_hal_uart.o
 .text.UART_Transmit_IT
                0x0800b35e       0xa0 ./Drivers/STM32F4xx_HAL_Driver/Src/stm32f4xx_hal_uart.o
 .text.UART_EndTransmit_IT
                0x0800b3fe       0x30 ./Drivers/STM32F4xx_HAL_Driver/Src/stm32f4xx_hal_uart.o
 .text.UART_Receive_IT
                0x0800b42e      0x17c ./Drivers/STM32F4xx_HAL_Driver/Src/stm32f4xx_hal_uart.o
 *fill*         0x0800b5aa        0x2 
 .text.UART_SetConfig
                0x0800b5ac      0x4e8 ./Drivers/STM32F4xx_HAL_Driver/Src/stm32f4xx_hal_uart.o
 .text.MX_FATFS_Init
                0x0800ba94       0x24 ./FATFS/App/fatfs.o
                0x0800ba94                MX_FATFS_Init
 .text.get_fattime
                0x0800bab8       0x10 ./FATFS/App/fatfs.o
                0x0800bab8                get_fattime
 .text.USER_initialize
                0x0800bac8       0x1c ./FATFS/Target/user_diskio.o
                0x0800bac8                USER_initialize
 .text.USER_status
                0x0800bae4       0x1c ./FATFS/Target/user_diskio.o
                0x0800bae4                USER_status
 .text.USER_read
                0x0800bb00       0x26 ./FATFS/Target/user_diskio.o
                0x0800bb00                USER_read
 .text.USER_write
                0x0800bb26       0x26 ./FATFS/Target/user_diskio.o
                0x0800bb26                USER_write
 .text.USER_ioctl
                0x0800bb4c       0x26 ./FATFS/Target/user_diskio.o
                0x0800bb4c                USER_ioctl
 *fill*         0x0800bb72        0x2 
 .text.disk_status
                0x0800bb74       0x34 ./Middlewares/Third_Party/FatFs/src/diskio.o
                0x0800bb74                disk_status
 .text.disk_initialize
                0x0800bba8       0x50 ./Middlewares/Third_Party/FatFs/src/diskio.o
                0x0800bba8                disk_initialize
 .text.disk_read
                0x0800bbf8       0x40 ./Middlewares/Third_Party/FatFs/src/diskio.o
                0x0800bbf8                disk_read
 .text.disk_write
                0x0800bc38       0x40 ./Middlewares/Third_Party/FatFs/src/diskio.o
                0x0800bc38                disk_write
 .text.disk_ioctl
                0x0800bc78       0x3c ./Middlewares/Third_Party/FatFs/src/diskio.o
                0x0800bc78                disk_ioctl
 .text.ld_word  0x0800bcb4       0x32 ./Middlewares/Third_Party/FatFs/src/ff.o
 .text.ld_dword
                0x0800bce6       0x46 ./Middlewares/Third_Party/FatFs/src/ff.o
 .text.st_word  0x0800bd2c       0x36 ./Middlewares/Third_Party/FatFs/src/ff.o
 .text.st_dword
                0x0800bd62       0x58 ./Middlewares/Third_Party/FatFs/src/ff.o
 .text.mem_cpy  0x0800bdba       0x42 ./Middlewares/Third_Party/FatFs/src/ff.o
 .text.mem_set  0x0800bdfc       0x36 ./Middlewares/Third_Party/FatFs/src/ff.o
 .text.mem_cmp  0x0800be32       0x4e ./Middlewares/Third_Party/FatFs/src/ff.o
 .text.chk_chr  0x0800be80       0x36 ./Middlewares/Third_Party/FatFs/src/ff.o
 *fill*         0x0800beb6        0x2 
 .text.chk_lock
                0x0800beb8       0xb8 ./Middlewares/Third_Party/FatFs/src/ff.o
 .text.enq_lock
                0x0800bf70       0x44 ./Middlewares/Third_Party/FatFs/src/ff.o
 .text.inc_lock
                0x0800bfb4      0x11c ./Middlewares/Third_Party/FatFs/src/ff.o
 .text.dec_lock
                0x0800c0d0       0x78 ./Middlewares/Third_Party/FatFs/src/ff.o
 .text.clear_lock
                0x0800c148       0x48 ./Middlewares/Third_Party/FatFs/src/ff.o
 .text.sync_window
                0x0800c190       0x88 ./Middlewares/Third_Party/FatFs/src/ff.o
 .text.move_window
                0x0800c218       0x5a ./Middlewares/Third_Party/FatFs/src/ff.o
 *fill*         0x0800c272        0x2 
 .text.sync_fs  0x0800c274       0xe0 ./Middlewares/Third_Party/FatFs/src/ff.o
 .text.clust2sect
                0x0800c354       0x3e ./Middlewares/Third_Party/FatFs/src/ff.o
 .text.get_fat  0x0800c392      0x1a6 ./Middlewares/Third_Party/FatFs/src/ff.o
 .text.put_fat  0x0800c538      0x234 ./Middlewares/Third_Party/FatFs/src/ff.o
 .text.remove_chain
                0x0800c76c       0xca ./Middlewares/Third_Party/FatFs/src/ff.o
 .text.create_chain
                0x0800c836      0x130 ./Middlewares/Third_Party/FatFs/src/ff.o
 .text.clmt_clust
                0x0800c966       0x70 ./Middlewares/Third_Party/FatFs/src/ff.o
 .text.dir_sdi  0x0800c9d6      0x112 ./Middlewares/Third_Party/FatFs/src/ff.o
 .text.dir_next
                0x0800cae8      0x1ac ./Middlewares/Third_Party/FatFs/src/ff.o
 .text.dir_alloc
                0x0800cc94       0x8e ./Middlewares/Third_Party/FatFs/src/ff.o
 .text.ld_clust
                0x0800cd22       0x3e ./Middlewares/Third_Party/FatFs/src/ff.o
 .text.st_clust
                0x0800cd60       0x40 ./Middlewares/Third_Party/FatFs/src/ff.o
 .text.cmp_lfn  0x0800cda0       0xe0 ./Middlewares/Third_Party/FatFs/src/ff.o
 .text.put_lfn  0x0800ce80       0xd0 ./Middlewares/Third_Party/FatFs/src/ff.o
 .text.gen_numname
                0x0800cf50      0x11c ./Middlewares/Third_Party/FatFs/src/ff.o
 .text.sum_sfn  0x0800d06c       0x42 ./Middlewares/Third_Party/FatFs/src/ff.o
 .text.dir_find
                0x0800d0ae      0x180 ./Middlewares/Third_Party/FatFs/src/ff.o
 *fill*         0x0800d22e        0x2 
 .text.dir_register
                0x0800d230      0x1f0 ./Middlewares/Third_Party/FatFs/src/ff.o
 .text.create_name
                0x0800d420      0x370 ./Middlewares/Third_Party/FatFs/src/ff.o
 .text.follow_path
                0x0800d790       0xec ./Middlewares/Third_Party/FatFs/src/ff.o
 .text.get_ldnumber
                0x0800d87c       0x88 ./Middlewares/Third_Party/FatFs/src/ff.o
 .text.check_fs
                0x0800d904       0xac ./Middlewares/Third_Party/FatFs/src/ff.o
 .text.find_volume
                0x0800d9b0      0x50c ./Middlewares/Third_Party/FatFs/src/ff.o
 .text.validate
                0x0800debc       0x6a ./Middlewares/Third_Party/FatFs/src/ff.o
 *fill*         0x0800df26        0x2 
 .text.f_mount  0x0800df28       0x8c ./Middlewares/Third_Party/FatFs/src/ff.o
                0x0800df28                f_mount
 .text.f_open   0x0800dfb4      0x390 ./Middlewares/Third_Party/FatFs/src/ff.o
                0x0800dfb4                f_open
 .text.f_read   0x0800e344      0x2be ./Middlewares/Third_Party/FatFs/src/ff.o
                0x0800e344                f_read
 .text.f_sync   0x0800e602       0xfc ./Middlewares/Third_Party/FatFs/src/ff.o
                0x0800e602                f_sync
 .text.f_close  0x0800e6fe       0x54 ./Middlewares/Third_Party/FatFs/src/ff.o
                0x0800e6fe                f_close
 *fill*         0x0800e752        0x2 
 .text.FATFS_LinkDriverEx
                0x0800e754       0x98 ./Middlewares/Third_Party/FatFs/src/ff_gen_drv.o
                0x0800e754                FATFS_LinkDriverEx
 .text.FATFS_LinkDriver
                0x0800e7ec       0x1e ./Middlewares/Third_Party/FatFs/src/ff_gen_drv.o
                0x0800e7ec                FATFS_LinkDriver
 *fill*         0x0800e80a        0x2 
 .text.ff_convert
                0x0800e80c       0x78 ./Middlewares/Third_Party/FatFs/src/option/ccsbcs.o
                0x0800e80c                ff_convert
 .text.ff_wtoupper
                0x0800e884      0x114 ./Middlewares/Third_Party/FatFs/src/option/ccsbcs.o
                0x0800e884                ff_wtoupper
 .text.srand    0x0800e998       0x5c C:/ST/STM32CubeIDE_2.1.0/STM32CubeIDE/plugins/com.st.stm32cube.ide.mcu.externaltools.gnu-tools-for-stm32.14.3.rel1.win32_1.0.100.202602081740/tools/bin/../lib/gcc/arm-none-eabi/14.3.1/../../../../arm-none-eabi/lib/thumb/v7e-m+fp/hard\libc_nano.a(libc_a-rand.o)
                0x0800e998                srand
 .text.rand     0x0800e9f4       0x7c C:/ST/STM32CubeIDE_2.1.0/STM32CubeIDE/plugins/com.st.stm32cube.ide.mcu.externaltools.gnu-tools-for-stm32.14.3.rel1.win32_1.0.100.202602081740/tools/bin/../lib/gcc/arm-none-eabi/14.3.1/../../../../arm-none-eabi/lib/thumb/v7e-m+fp/hard\libc_nano.a(libc_a-rand.o)
                0x0800e9f4                rand
 .text.std      0x0800ea70       0x6c C:/ST/STM32CubeIDE_2.1.0/STM32CubeIDE/plugins/com.st.stm32cube.ide.mcu.externaltools.gnu-tools-for-stm32.14.3.rel1.win32_1.0.100.202602081740/tools/bin/../lib/gcc/arm-none-eabi/14.3.1/../../../../arm-none-eabi/lib/thumb/v7e-m+fp/hard\libc_nano.a(libc_a-findfp.o)
 .text.stdio_exit_handler
                0x0800eadc       0x18 C:/ST/STM32CubeIDE_2.1.0/STM32CubeIDE/plugins/com.st.stm32cube.ide.mcu.externaltools.gnu-tools-for-stm32.14.3.rel1.win32_1.0.100.202602081740/tools/bin/../lib/gcc/arm-none-eabi/14.3.1/../../../../arm-none-eabi/lib/thumb/v7e-m+fp/hard\libc_nano.a(libc_a-findfp.o)
 .text.cleanup_stdio
                0x0800eaf4       0x40 C:/ST/STM32CubeIDE_2.1.0/STM32CubeIDE/plugins/com.st.stm32cube.ide.mcu.externaltools.gnu-tools-for-stm32.14.3.rel1.win32_1.0.100.202602081740/tools/bin/../lib/gcc/arm-none-eabi/14.3.1/../../../../arm-none-eabi/lib/thumb/v7e-m+fp/hard\libc_nano.a(libc_a-findfp.o)
 .text.global_stdio_init.part.0
                0x0800eb34       0x40 C:/ST/STM32CubeIDE_2.1.0/STM32CubeIDE/plugins/com.st.stm32cube.ide.mcu.externaltools.gnu-tools-for-stm32.14.3.rel1.win32_1.0.100.202602081740/tools/bin/../lib/gcc/arm-none-eabi/14.3.1/../../../../arm-none-eabi/lib/thumb/v7e-m+fp/hard\libc_nano.a(libc_a-findfp.o)
 .text.__sfp_lock_acquire
                0x0800eb74        0xc C:/ST/STM32CubeIDE_2.1.0/STM32CubeIDE/plugins/com.st.stm32cube.ide.mcu.externaltools.gnu-tools-for-stm32.14.3.rel1.win32_1.0.100.202602081740/tools/bin/../lib/gcc/arm-none-eabi/14.3.1/../../../../arm-none-eabi/lib/thumb/v7e-m+fp/hard\libc_nano.a(libc_a-findfp.o)
                0x0800eb74                __sfp_lock_acquire
 .text.__sfp_lock_release
                0x0800eb80        0xc C:/ST/STM32CubeIDE_2.1.0/STM32CubeIDE/plugins/com.st.stm32cube.ide.mcu.externaltools.gnu-tools-for-stm32.14.3.rel1.win32_1.0.100.202602081740/tools/bin/../lib/gcc/arm-none-eabi/14.3.1/../../../../arm-none-eabi/lib/thumb/v7e-m+fp/hard\libc_nano.a(libc_a-findfp.o)
                0x0800eb80                __sfp_lock_release
 .text.__sinit  0x0800eb8c       0x30 C:/ST/STM32CubeIDE_2.1.0/STM32CubeIDE/plugins/com.st.stm32cube.ide.mcu.externaltools.gnu-tools-for-stm32.14.3.rel1.win32_1.0.100.202602081740/tools/bin/../lib/gcc/arm-none-eabi/14.3.1/../../../../arm-none-eabi/lib/thumb/v7e-m+fp/hard\libc_nano.a(libc_a-findfp.o)
                0x0800eb8c                __sinit
 .text._fwalk_sglue
                0x0800ebbc       0x3c C:/ST/STM32CubeIDE_2.1.0/STM32CubeIDE/plugins/com.st.stm32cube.ide.mcu.externaltools.gnu-tools-for-stm32.14.3.rel1.win32_1.0.100.202602081740/tools/bin/../lib/gcc/arm-none-eabi/14.3.1/../../../../arm-none-eabi/lib/thumb/v7e-m+fp/hard\libc_nano.a(libc_a-fwalk.o)
                0x0800ebbc                _fwalk_sglue
 .text.sprintf  0x0800ebf8       0x44 C:/ST/STM32CubeIDE_2.1.0/STM32CubeIDE/plugins/com.st.stm32cube.ide.mcu.externaltools.gnu-tools-for-stm32.14.3.rel1.win32_1.0.100.202602081740/tools/bin/../lib/gcc/arm-none-eabi/14.3.1/../../../../arm-none-eabi/lib/thumb/v7e-m+fp/hard\libc_nano.a(libc_a-sprintf.o)
                0x0800ebf8                siprintf
                0x0800ebf8                sprintf
 .text.__sread  0x0800ec3c       0x22 C:/ST/STM32CubeIDE_2.1.0/STM32CubeIDE/plugins/com.st.stm32cube.ide.mcu.externaltools.gnu-tools-for-stm32.14.3.rel1.win32_1.0.100.202602081740/tools/bin/../lib/gcc/arm-none-eabi/14.3.1/../../../../arm-none-eabi/lib/thumb/v7e-m+fp/hard\libc_nano.a(libc_a-stdio.o)
                0x0800ec3c                __sread
 .text.__swrite
                0x0800ec5e       0x38 C:/ST/STM32CubeIDE_2.1.0/STM32CubeIDE/plugins/com.st.stm32cube.ide.mcu.externaltools.gnu-tools-for-stm32.14.3.rel1.win32_1.0.100.202602081740/tools/bin/../lib/gcc/arm-none-eabi/14.3.1/../../../../arm-none-eabi/lib/thumb/v7e-m+fp/hard\libc_nano.a(libc_a-stdio.o)
                0x0800ec5e                __swrite
 .text.__sseek  0x0800ec96       0x26 C:/ST/STM32CubeIDE_2.1.0/STM32CubeIDE/plugins/com.st.stm32cube.ide.mcu.externaltools.gnu-tools-for-stm32.14.3.rel1.win32_1.0.100.202602081740/tools/bin/../lib/gcc/arm-none-eabi/14.3.1/../../../../arm-none-eabi/lib/thumb/v7e-m+fp/hard\libc_nano.a(libc_a-stdio.o)
                0x0800ec96                __sseek
 .text.__sclose
                0x0800ecbc        0x8 C:/ST/STM32CubeIDE_2.1.0/STM32CubeIDE/plugins/com.st.stm32cube.ide.mcu.externaltools.gnu-tools-for-stm32.14.3.rel1.win32_1.0.100.202602081740/tools/bin/../lib/gcc/arm-none-eabi/14.3.1/../../../../arm-none-eabi/lib/thumb/v7e-m+fp/hard\libc_nano.a(libc_a-stdio.o)
                0x0800ecbc                __sclose
 .text.memset   0x0800ecc4       0x10 C:/ST/STM32CubeIDE_2.1.0/STM32CubeIDE/plugins/com.st.stm32cube.ide.mcu.externaltools.gnu-tools-for-stm32.14.3.rel1.win32_1.0.100.202602081740/tools/bin/../lib/gcc/arm-none-eabi/14.3.1/../../../../arm-none-eabi/lib/thumb/v7e-m+fp/hard\libc_nano.a(libc_a-memset.o)
                0x0800ecc4                memset
 .text._close_r
                0x0800ecd4       0x20 C:/ST/STM32CubeIDE_2.1.0/STM32CubeIDE/plugins/com.st.stm32cube.ide.mcu.externaltools.gnu-tools-for-stm32.14.3.rel1.win32_1.0.100.202602081740/tools/bin/../lib/gcc/arm-none-eabi/14.3.1/../../../../arm-none-eabi/lib/thumb/v7e-m+fp/hard\libc_nano.a(libc_a-closer.o)
                0x0800ecd4                _close_r
 .text._lseek_r
                0x0800ecf4       0x24 C:/ST/STM32CubeIDE_2.1.0/STM32CubeIDE/plugins/com.st.stm32cube.ide.mcu.externaltools.gnu-tools-for-stm32.14.3.rel1.win32_1.0.100.202602081740/tools/bin/../lib/gcc/arm-none-eabi/14.3.1/../../../../arm-none-eabi/lib/thumb/v7e-m+fp/hard\libc_nano.a(libc_a-lseekr.o)
                0x0800ecf4                _lseek_r
 .text._read_r  0x0800ed18       0x24 C:/ST/STM32CubeIDE_2.1.0/STM32CubeIDE/plugins/com.st.stm32cube.ide.mcu.externaltools.gnu-tools-for-stm32.14.3.rel1.win32_1.0.100.202602081740/tools/bin/../lib/gcc/arm-none-eabi/14.3.1/../../../../arm-none-eabi/lib/thumb/v7e-m+fp/hard\libc_nano.a(libc_a-readr.o)
                0x0800ed18                _read_r
 .text._write_r
                0x0800ed3c       0x24 C:/ST/STM32CubeIDE_2.1.0/STM32CubeIDE/plugins/com.st.stm32cube.ide.mcu.externaltools.gnu-tools-for-stm32.14.3.rel1.win32_1.0.100.202602081740/tools/bin/../lib/gcc/arm-none-eabi/14.3.1/../../../../arm-none-eabi/lib/thumb/v7e-m+fp/hard\libc_nano.a(libc_a-writer.o)
                0x0800ed3c                _write_r
 .text.__errno  0x0800ed60        0xc C:/ST/STM32CubeIDE_2.1.0/STM32CubeIDE/plugins/com.st.stm32cube.ide.mcu.externaltools.gnu-tools-for-stm32.14.3.rel1.win32_1.0.100.202602081740/tools/bin/../lib/gcc/arm-none-eabi/14.3.1/../../../../arm-none-eabi/lib/thumb/v7e-m+fp/hard\libc_nano.a(libc_a-errno.o)
                0x0800ed60                __errno
 .text.__libc_init_array
                0x0800ed6c       0x48 C:/ST/STM32CubeIDE_2.1.0/STM32CubeIDE/plugins/com.st.stm32cube.ide.mcu.externaltools.gnu-tools-for-stm32.14.3.rel1.win32_1.0.100.202602081740/tools/bin/../lib/gcc/arm-none-eabi/14.3.1/../../../../arm-none-eabi/lib/thumb/v7e-m+fp/hard\libc_nano.a(libc_a-init.o)
                0x0800ed6c                __libc_init_array
 .text.__retarget_lock_init_recursive
                0x0800edb4        0x2 C:/ST/STM32CubeIDE_2.1.0/STM32CubeIDE/plugins/com.st.stm32cube.ide.mcu.externaltools.gnu-tools-for-stm32.14.3.rel1.win32_1.0.100.202602081740/tools/bin/../lib/gcc/arm-none-eabi/14.3.1/../../../../arm-none-eabi/lib/thumb/v7e-m+fp/hard\libc_nano.a(libc_a-lock.o)
                0x0800edb4                __retarget_lock_init_recursive
 .text.__retarget_lock_acquire_recursive
                0x0800edb6        0x2 C:/ST/STM32CubeIDE_2.1.0/STM32CubeIDE/plugins/com.st.stm32cube.ide.mcu.externaltools.gnu-tools-for-stm32.14.3.rel1.win32_1.0.100.202602081740/tools/bin/../lib/gcc/arm-none-eabi/14.3.1/../../../../arm-none-eabi/lib/thumb/v7e-m+fp/hard\libc_nano.a(libc_a-lock.o)
                0x0800edb6                __retarget_lock_acquire_recursive
 .text.__retarget_lock_release_recursive
                0x0800edb8        0x2 C:/ST/STM32CubeIDE_2.1.0/STM32CubeIDE/plugins/com.st.stm32cube.ide.mcu.externaltools.gnu-tools-for-stm32.14.3.rel1.win32_1.0.100.202602081740/tools/bin/../lib/gcc/arm-none-eabi/14.3.1/../../../../arm-none-eabi/lib/thumb/v7e-m+fp/hard\libc_nano.a(libc_a-lock.o)
                0x0800edb8                __retarget_lock_release_recursive
 *fill*         0x0800edba        0x2 
 .text.__assert_func
                0x0800edbc       0x3c C:/ST/STM32CubeIDE_2.1.0/STM32CubeIDE/plugins/com.st.stm32cube.ide.mcu.externaltools.gnu-tools-for-stm32.14.3.rel1.win32_1.0.100.202602081740/tools/bin/../lib/gcc/arm-none-eabi/14.3.1/../../../../arm-none-eabi/lib/thumb/v7e-m+fp/hard\libc_nano.a(libc_a-assert.o)
                0x0800edbc                __assert_func
 .text._free_r  0x0800edf8       0x94 C:/ST/STM32CubeIDE_2.1.0/STM32CubeIDE/plugins/com.st.stm32cube.ide.mcu.externaltools.gnu-tools-for-stm32.14.3.rel1.win32_1.0.100.202602081740/tools/bin/../lib/gcc/arm-none-eabi/14.3.1/../../../../arm-none-eabi/lib/thumb/v7e-m+fp/hard\libc_nano.a(libc_a-freer.o)
                0x0800edf8                _free_r
 .text.malloc   0x0800ee8c       0x10 C:/ST/STM32CubeIDE_2.1.0/STM32CubeIDE/plugins/com.st.stm32cube.ide.mcu.externaltools.gnu-tools-for-stm32.14.3.rel1.win32_1.0.100.202602081740/tools/bin/../lib/gcc/arm-none-eabi/14.3.1/../../../../arm-none-eabi/lib/thumb/v7e-m+fp/hard\libc_nano.a(libc_a-malloc.o)
                0x0800ee8c                malloc
 .text.sbrk_aligned
                0x0800ee9c       0x44 C:/ST/STM32CubeIDE_2.1.0/STM32CubeIDE/plugins/com.st.stm32cube.ide.mcu.externaltools.gnu-tools-for-stm32.14.3.rel1.win32_1.0.100.202602081740/tools/bin/../lib/gcc/arm-none-eabi/14.3.1/../../../../arm-none-eabi/lib/thumb/v7e-m+fp/hard\libc_nano.a(libc_a-mallocr.o)
 .text._malloc_r
                0x0800eee0      0x100 C:/ST/STM32CubeIDE_2.1.0/STM32CubeIDE/plugins/com.st.stm32cube.ide.mcu.externaltools.gnu-tools-for-stm32.14.3.rel1.win32_1.0.100.202602081740/tools/bin/../lib/gcc/arm-none-eabi/14.3.1/../../../../arm-none-eabi/lib/thumb/v7e-m+fp/hard\libc_nano.a(libc_a-mallocr.o)
                0x0800eee0                _malloc_r
 .text.__malloc_lock
                0x0800efe0        0xc C:/ST/STM32CubeIDE_2.1.0/STM32CubeIDE/plugins/com.st.stm32cube.ide.mcu.externaltools.gnu-tools-for-stm32.14.3.rel1.win32_1.0.100.202602081740/tools/bin/../lib/gcc/arm-none-eabi/14.3.1/../../../../arm-none-eabi/lib/thumb/v7e-m+fp/hard\libc_nano.a(libc_a-mlock.o)
                0x0800efe0                __malloc_lock
 .text.__malloc_unlock
                0x0800efec        0xc C:/ST/STM32CubeIDE_2.1.0/STM32CubeIDE/plugins/com.st.stm32cube.ide.mcu.externaltools.gnu-tools-for-stm32.14.3.rel1.win32_1.0.100.202602081740/tools/bin/../lib/gcc/arm-none-eabi/14.3.1/../../../../arm-none-eabi/lib/thumb/v7e-m+fp/hard\libc_nano.a(libc_a-mlock.o)
                0x0800efec                __malloc_unlock
 .text.__ssputs_r
                0x0800eff8       0xc0 C:/ST/STM32CubeIDE_2.1.0/STM32CubeIDE/plugins/com.st.stm32cube.ide.mcu.externaltools.gnu-tools-for-stm32.14.3.rel1.win32_1.0.100.202602081740/tools/bin/../lib/gcc/arm-none-eabi/14.3.1/../../../../arm-none-eabi/lib/thumb/v7e-m+fp/hard\libc_nano.a(libc_a-nano-svfprintf.o)
                0x0800eff8                __ssputs_r
 .text._svfprintf_r
                0x0800f0b8      0x1f0 C:/ST/STM32CubeIDE_2.1.0/STM32CubeIDE/plugins/com.st.stm32cube.ide.mcu.externaltools.gnu-tools-for-stm32.14.3.rel1.win32_1.0.100.202602081740/tools/bin/../lib/gcc/arm-none-eabi/14.3.1/../../../../arm-none-eabi/lib/thumb/v7e-m+fp/hard\libc_nano.a(libc_a-nano-svfprintf.o)
                0x0800f0b8                _svfiprintf_r
                0x0800f0b8                _svfprintf_r
 .text._printf_common
                0x0800f2a8       0xda C:/ST/STM32CubeIDE_2.1.0/STM32CubeIDE/plugins/com.st.stm32cube.ide.mcu.externaltools.gnu-tools-for-stm32.14.3.rel1.win32_1.0.100.202602081740/tools/bin/../lib/gcc/arm-none-eabi/14.3.1/../../../../arm-none-eabi/lib/thumb/v7e-m+fp/hard\libc_nano.a(libc_a-nano-vfprintf_i.o)
                0x0800f2a8                _printf_common
 *fill*         0x0800f382        0x2 
 .text._printf_i
                0x0800f384      0x24c C:/ST/STM32CubeIDE_2.1.0/STM32CubeIDE/plugins/com.st.stm32cube.ide.mcu.externaltools.gnu-tools-for-stm32.14.3.rel1.win32_1.0.100.202602081740/tools/bin/../lib/gcc/arm-none-eabi/14.3.1/../../../../arm-none-eabi/lib/thumb/v7e-m+fp/hard\libc_nano.a(libc_a-nano-vfprintf_i.o)
                0x0800f384                _printf_i
 .text.__sflush_r
                0x0800f5d0      0x104 C:/ST/STM32CubeIDE_2.1.0/STM32CubeIDE/plugins/com.st.stm32cube.ide.mcu.externaltools.gnu-tools-for-stm32.14.3.rel1.win32_1.0.100.202602081740/tools/bin/../lib/gcc/arm-none-eabi/14.3.1/../../../../arm-none-eabi/lib/thumb/v7e-m+fp/hard\libc_nano.a(libc_a-fflush.o)
                0x0800f5d0                __sflush_r
 .text._fflush_r
                0x0800f6d4       0x50 C:/ST/STM32CubeIDE_2.1.0/STM32CubeIDE/plugins/com.st.stm32cube.ide.mcu.externaltools.gnu-tools-for-stm32.14.3.rel1.win32_1.0.100.202602081740/tools/bin/../lib/gcc/arm-none-eabi/14.3.1/../../../../arm-none-eabi/lib/thumb/v7e-m+fp/hard\libc_nano.a(libc_a-fflush.o)
                0x0800f6d4                _fflush_r
 .text.fprintf  0x0800f724       0x24 C:/ST/STM32CubeIDE_2.1.0/STM32CubeIDE/plugins/com.st.stm32cube.ide.mcu.externaltools.gnu-tools-for-stm32.14.3.rel1.win32_1.0.100.202602081740/tools/bin/../lib/gcc/arm-none-eabi/14.3.1/../../../../arm-none-eabi/lib/thumb/v7e-m+fp/hard\libc_nano.a(libc_a-fprintf.o)
                0x0800f724                fiprintf
                0x0800f724                fprintf
 .text.memmove  0x0800f748       0x32 C:/ST/STM32CubeIDE_2.1.0/STM32CubeIDE/plugins/com.st.stm32cube.ide.mcu.externaltools.gnu-tools-for-stm32.14.3.rel1.win32_1.0.100.202602081740/tools/bin/../lib/gcc/arm-none-eabi/14.3.1/../../../../arm-none-eabi/lib/thumb/v7e-m+fp/hard\libc_nano.a(libc_a-memmove.o)
                0x0800f748                memmove
 *fill*         0x0800f77a        0x2 
 .text._sbrk_r  0x0800f77c       0x20 C:/ST/STM32CubeIDE_2.1.0/STM32CubeIDE/plugins/com.st.stm32cube.ide.mcu.externaltools.gnu-tools-for-stm32.14.3.rel1.win32_1.0.100.202602081740/tools/bin/../lib/gcc/arm-none-eabi/14.3.1/../../../../arm-none-eabi/lib/thumb/v7e-m+fp/hard\libc_nano.a(libc_a-sbrkr.o)
                0x0800f77c                _sbrk_r
 .text.memcpy   0x0800f79c       0x1c C:/ST/STM32CubeIDE_2.1.0/STM32CubeIDE/plugins/com.st.stm32cube.ide.mcu.externaltools.gnu-tools-for-stm32.14.3.rel1.win32_1.0.100.202602081740/tools/bin/../lib/gcc/arm-none-eabi/14.3.1/../../../../arm-none-eabi/lib/thumb/v7e-m+fp/hard\libc_nano.a(libc_a-memcpy-stub.o)
                0x0800f79c                memcpy
 .text.abort    0x0800f7b8        0xe C:/ST/STM32CubeIDE_2.1.0/STM32CubeIDE/plugins/com.st.stm32cube.ide.mcu.externaltools.gnu-tools-for-stm32.14.3.rel1.win32_1.0.100.202602081740/tools/bin/../lib/gcc/arm-none-eabi/14.3.1/../../../../arm-none-eabi/lib/thumb/v7e-m+fp/hard\libc_nano.a(libc_a-abort.o)
                0x0800f7b8                abort
 .text._realloc_r
                0x0800f7c6       0x5c C:/ST/STM32CubeIDE_2.1.0/STM32CubeIDE/plugins/com.st.stm32cube.ide.mcu.externaltools.gnu-tools-for-stm32.14.3.rel1.win32_1.0.100.202602081740/tools/bin/../lib/gcc/arm-none-eabi/14.3.1/../../../../arm-none-eabi/lib/thumb/v7e-m+fp/hard\libc_nano.a(libc_a-reallocr.o)
                0x0800f7c6                _realloc_r
 .text.__sfputc_r
                0x0800f822       0x2e C:/ST/STM32CubeIDE_2.1.0/STM32CubeIDE/plugins/com.st.stm32cube.ide.mcu.externaltools.gnu-tools-for-stm32.14.3.rel1.win32_1.0.100.202602081740/tools/bin/../lib/gcc/arm-none-eabi/14.3.1/../../../../arm-none-eabi/lib/thumb/v7e-m+fp/hard\libc_nano.a(libc_a-nano-vfprintf.o)
 .text.__sfputs_r
                0x0800f850       0x24 C:/ST/STM32CubeIDE_2.1.0/STM32CubeIDE/plugins/com.st.stm32cube.ide.mcu.externaltools.gnu-tools-for-stm32.14.3.rel1.win32_1.0.100.202602081740/tools/bin/../lib/gcc/arm-none-eabi/14.3.1/../../../../arm-none-eabi/lib/thumb/v7e-m+fp/hard\libc_nano.a(libc_a-nano-vfprintf.o)
                0x0800f850                __sfputs_r
 .text._vfprintf_r
                0x0800f874      0x228 C:/ST/STM32CubeIDE_2.1.0/STM32CubeIDE/plugins/com.st.stm32cube.ide.mcu.externaltools.gnu-tools-for-stm32.14.3.rel1.win32_1.0.100.202602081740/tools/bin/../lib/gcc/arm-none-eabi/14.3.1/../../../../arm-none-eabi/lib/thumb/v7e-m+fp/hard\libc_nano.a(libc_a-nano-vfprintf.o)
                0x0800f874                _vfprintf_r
                0x0800f874                _vfiprintf_r
 .text.__swbuf_r
                0x0800fa9c       0x7c C:/ST/STM32CubeIDE_2.1.0/STM32CubeIDE/plugins/com.st.stm32cube.ide.mcu.externaltools.gnu-tools-for-stm32.14.3.rel1.win32_1.0.100.202602081740/tools/bin/../lib/gcc/arm-none-eabi/14.3.1/../../../../arm-none-eabi/lib/thumb/v7e-m+fp/hard\libc_nano.a(libc_a-wbuf.o)
                0x0800fa9c                __swbuf_r
 .text.__swsetup_r
                0x0800fb18       0xa8 C:/ST/STM32CubeIDE_2.1.0/STM32CubeIDE/plugins/com.st.stm32cube.ide.mcu.externaltools.gnu-tools-for-stm32.14.3.rel1.win32_1.0.100.202602081740/tools/bin/../lib/gcc/arm-none-eabi/14.3.1/../../../../arm-none-eabi/lib/thumb/v7e-m+fp/hard\libc_nano.a(libc_a-wsetup.o)
                0x0800fb18                __swsetup_r
 .text._raise_r
                0x0800fbc0       0x50 C:/ST/STM32CubeIDE_2.1.0/STM32CubeIDE/plugins/com.st.stm32cube.ide.mcu.externaltools.gnu-tools-for-stm32.14.3.rel1.win32_1.0.100.202602081740/tools/bin/../lib/gcc/arm-none-eabi/14.3.1/../../../../arm-none-eabi/lib/thumb/v7e-m+fp/hard\libc_nano.a(libc_a-signal.o)
                0x0800fbc0                _raise_r
 .text.raise    0x0800fc10       0x10 C:/ST/STM32CubeIDE_2.1.0/STM32CubeIDE/plugins/com.st.stm32cube.ide.mcu.externaltools.gnu-tools-for-stm32.14.3.rel1.win32_1.0.100.202602081740/tools/bin/../lib/gcc/arm-none-eabi/14.3.1/../../../../arm-none-eabi/lib/thumb/v7e-m+fp/hard\libc_nano.a(libc_a-signal.o)
                0x0800fc10                raise
 .text._kill_r  0x0800fc20       0x24 C:/ST/STM32CubeIDE_2.1.0/STM32CubeIDE/plugins/com.st.stm32cube.ide.mcu.externaltools.gnu-tools-for-stm32.14.3.rel1.win32_1.0.100.202602081740/tools/bin/../lib/gcc/arm-none-eabi/14.3.1/../../../../arm-none-eabi/lib/thumb/v7e-m+fp/hard\libc_nano.a(libc_a-signalr.o)
                0x0800fc20                _kill_r
 .text._getpid_r
                0x0800fc44        0x4 C:/ST/STM32CubeIDE_2.1.0/STM32CubeIDE/plugins/com.st.stm32cube.ide.mcu.externaltools.gnu-tools-for-stm32.14.3.rel1.win32_1.0.100.202602081740/tools/bin/../lib/gcc/arm-none-eabi/14.3.1/../../../../arm-none-eabi/lib/thumb/v7e-m+fp/hard\libc_nano.a(libc_a-signalr.o)
                0x0800fc44                _getpid_r
 .text._malloc_usable_size_r
                0x0800fc48       0x10 C:/ST/STM32CubeIDE_2.1.0/STM32CubeIDE/plugins/com.st.stm32cube.ide.mcu.externaltools.gnu-tools-for-stm32.14.3.rel1.win32_1.0.100.202602081740/tools/bin/../lib/gcc/arm-none-eabi/14.3.1/../../../../arm-none-eabi/lib/thumb/v7e-m+fp/hard\libc_nano.a(libc_a-msizer.o)
                0x0800fc48                _malloc_usable_size_r
 .text.__swhatbuf_r
                0x0800fc58       0x48 C:/ST/STM32CubeIDE_2.1.0/STM32CubeIDE/plugins/com.st.stm32cube.ide.mcu.externaltools.gnu-tools-for-stm32.14.3.rel1.win32_1.0.100.202602081740/tools/bin/../lib/gcc/arm-none-eabi/14.3.1/../../../../arm-none-eabi/lib/thumb/v7e-m+fp/hard\libc_nano.a(libc_a-makebuf.o)
                0x0800fc58                __swhatbuf_r
 .text.__smakebuf_r
                0x0800fca0       0x72 C:/ST/STM32CubeIDE_2.1.0/STM32CubeIDE/plugins/com.st.stm32cube.ide.mcu.externaltools.gnu-tools-for-stm32.14.3.rel1.win32_1.0.100.202602081740/tools/bin/../lib/gcc/arm-none-eabi/14.3.1/../../../../arm-none-eabi/lib/thumb/v7e-m+fp/hard\libc_nano.a(libc_a-makebuf.o)
                0x0800fca0                __smakebuf_r
 *fill*         0x0800fd12        0x2 
 .text._fstat_r
                0x0800fd14       0x24 C:/ST/STM32CubeIDE_2.1.0/STM32CubeIDE/plugins/com.st.stm32cube.ide.mcu.externaltools.gnu-tools-for-stm32.14.3.rel1.win32_1.0.100.202602081740/tools/bin/../lib/gcc/arm-none-eabi/14.3.1/../../../../arm-none-eabi/lib/thumb/v7e-m+fp/hard\libc_nano.a(libc_a-fstatr.o)
                0x0800fd14                _fstat_r
 .text._isatty_r
                0x0800fd38       0x20 C:/ST/STM32CubeIDE_2.1.0/STM32CubeIDE/plugins/com.st.stm32cube.ide.mcu.externaltools.gnu-tools-for-stm32.14.3.rel1.win32_1.0.100.202602081740/tools/bin/../lib/gcc/arm-none-eabi/14.3.1/../../../../arm-none-eabi/lib/thumb/v7e-m+fp/hard\libc_nano.a(libc_a-isattyr.o)
                0x0800fd38                _isatty_r
 *(.glue_7)
 .glue_7        0x0800fd58        0x0 linker stubs
 *(.glue_7t)
 .glue_7t       0x0800fd58        0x0 linker stubs
 *(.eh_frame)
 .eh_frame      0x0800fd58        0x0 C:/ST/STM32CubeIDE_2.1.0/STM32CubeIDE/plugins/com.st.stm32cube.ide.mcu.externaltools.gnu-tools-for-stm32.14.3.rel1.win32_1.0.100.202602081740/tools/bin/../lib/gcc/arm-none-eabi/14.3.1/thumb/v7e-m+fp/hard/crtbegin.o
 *(.init)
 .init          0x0800fd58        0x4 C:/ST/STM32CubeIDE_2.1.0/STM32CubeIDE/plugins/com.st.stm32cube.ide.mcu.externaltools.gnu-tools-for-stm32.14.3.rel1.win32_1.0.100.202602081740/tools/bin/../lib/gcc/arm-none-eabi/14.3.1/thumb/v7e-m+fp/hard/crti.o
                0x0800fd58                _init
 .init          0x0800fd5c        0x8 C:/ST/STM32CubeIDE_2.1.0/STM32CubeIDE/plugins/com.st.stm32cube.ide.mcu.externaltools.gnu-tools-for-stm32.14.3.rel1.win32_1.0.100.202602081740/tools/bin/../lib/gcc/arm-none-eabi/14.3.1/thumb/v7e-m+fp/hard/crtn.o
 *(.fini)
 .fini          0x0800fd64        0x4 C:/ST/STM32CubeIDE_2.1.0/STM32CubeIDE/plugins/com.st.stm32cube.ide.mcu.externaltools.gnu-tools-for-stm32.14.3.rel1.win32_1.0.100.202602081740/tools/bin/../lib/gcc/arm-none-eabi/14.3.1/thumb/v7e-m+fp/hard/crti.o
                0x0800fd64                _fini
 .fini          0x0800fd68        0x8 C:/ST/STM32CubeIDE_2.1.0/STM32CubeIDE/plugins/com.st.stm32cube.ide.mcu.externaltools.gnu-tools-for-stm32.14.3.rel1.win32_1.0.100.202602081740/tools/bin/../lib/gcc/arm-none-eabi/14.3.1/thumb/v7e-m+fp/hard/crtn.o
                0x0800fd70                        . = ALIGN (0x4)
                0x0800fd70                        _etext = .

.vfp11_veneer   0x0800fd70        0x0
 .vfp11_veneer  0x0800fd70        0x0 linker stubs

.v4_bx          0x0800fd70        0x0
 .v4_bx         0x0800fd70        0x0 linker stubs

.iplt           0x0800fd70        0x0
 .iplt          0x0800fd70        0x0 C:/ST/STM32CubeIDE_2.1.0/STM32CubeIDE/plugins/com.st.stm32cube.ide.mcu.externaltools.gnu-tools-for-stm32.14.3.rel1.win32_1.0.100.202602081740/tools/bin/../lib/gcc/arm-none-eabi/14.3.1/thumb/v7e-m+fp/hard/crtbegin.o

.rodata         0x0800fd70     0xcfa4
                0x0800fd70                        . = ALIGN (0x4)
 *(.rodata)
 .rodata        0x0800fd70       0xd6 ./Core/Src/main.o
 *fill*         0x0800fe46        0x2 
 .rodata        0x0800fe48       0x48 ./Middlewares/Third_Party/FatFs/src/ff.o
 *(.rodata*)
 .rodata.escalera1
                0x0800fe90       0x80 ./Core/Src/graficos.o
                0x0800fe90                escalera1
 .rodata.viga   0x0800ff10       0x80 ./Core/Src/graficos.o
                0x0800ff10                viga
 .rodata.viga11
                0x0800ff90       0x80 ./Core/Src/graficos.o
                0x0800ff90                viga11
 .rodata.viga12
                0x08010010       0x80 ./Core/Src/graficos.o
                0x08010010                viga12
 .rodata.viga13
                0x08010090       0x80 ./Core/Src/graficos.o
                0x08010090                viga13
 .rodata.viga14
                0x08010110       0x80 ./Core/Src/graficos.o
                0x08010110                viga14
 .rodata.viga15
                0x08010190       0x80 ./Core/Src/graficos.o
                0x08010190                viga15
 .rodata.viga16
                0x08010210       0x80 ./Core/Src/graficos.o
                0x08010210                viga16
 .rodata.viga17
                0x08010290       0x80 ./Core/Src/graficos.o
                0x08010290                viga17
 .rodata.viga21
                0x08010310       0x80 ./Core/Src/graficos.o
                0x08010310                viga21
 .rodata.viga22
                0x08010390       0x80 ./Core/Src/graficos.o
                0x08010390                viga22
 .rodata.viga23
                0x08010410       0x80 ./Core/Src/graficos.o
                0x08010410                viga23
 .rodata.viga24
                0x08010490       0x80 ./Core/Src/graficos.o
                0x08010490                viga24
 .rodata.viga25
                0x08010510       0x80 ./Core/Src/graficos.o
                0x08010510                viga25
 .rodata.viga26
                0x08010590       0x80 ./Core/Src/graficos.o
                0x08010590                viga26
 .rodata.viga27
                0x08010610       0x80 ./Core/Src/graficos.o
                0x08010610                viga27
 .rodata.escalera_2
                0x08010690       0x80 ./Core/Src/graficos.o
                0x08010690                escalera_2
 .rodata.viga_2
                0x08010710       0x80 ./Core/Src/graficos.o
                0x08010710                viga_2
 .rodata.plataforma_2
                0x08010790       0x80 ./Core/Src/graficos.o
                0x08010790                plataforma_2
 .rodata.malla_2
                0x08010810       0x80 ./Core/Src/graficos.o
                0x08010810                malla_2
 .rodata.escalera_4
                0x08010890       0x80 ./Core/Src/graficos.o
                0x08010890                escalera_4
 .rodata.viga_4
                0x08010910       0x80 ./Core/Src/graficos.o
                0x08010910                viga_4
 .rodata.dkong_dance
                0x08010990     0x2000 ./Core/Src/main.o
                0x08010990                dkong_dance
 .rodata.donkey_barril
                0x08012990     0x1800 ./Core/Src/main.o
                0x08012990                donkey_barril
 .rodata.barril_lateral
                0x08014190      0x800 ./Core/Src/main.o
                0x08014190                barril_lateral
 .rodata.barril_frontal
                0x08014990      0x400 ./Core/Src/main.o
                0x08014990                barril_frontal
 .rodata.barriles_piled
                0x08014d90      0x700 ./Core/Src/main.o
                0x08014d90                barriles_piled
 .rodata.oil    0x08015490      0x3c0 ./Core/Src/main.o
                0x08015490                oil
 .rodata.princesa
                0x08015850      0xf20 ./Core/Src/main.o
                0x08015850                princesa
 .rodata.fueguito
                0x08016770      0x800 ./Core/Src/main.o
                0x08016770                fueguito
 .rodata.mario_brinca
                0x08016f70      0x200 ./Core/Src/main.o
                0x08016f70                mario_brinca
 .rodata.mario_camina
                0x08017170      0x600 ./Core/Src/main.o
                0x08017170                mario_camina
 .rodata.mario_subiendo
                0x08017770      0x400 ./Core/Src/main.o
                0x08017770                mario_subiendo
 .rodata.mario_escala
                0x08017b70      0x800 ./Core/Src/main.o
                0x08017b70                mario_escala
 .rodata.mario_muere
                0x08018370      0xa00 ./Core/Src/main.o
                0x08018370                mario_muere
 .rodata.luigi_camina
                0x08018d70      0x600 ./Core/Src/main.o
                0x08018d70                luigi_camina
 .rodata.luigi_brinca
                0x08019370      0x200 ./Core/Src/main.o
                0x08019370                luigi_brinca
 .rodata.luigi_escala
                0x08019570      0x800 ./Core/Src/main.o
                0x08019570                luigi_escala
 .rodata.luigi_sube
                0x08019d70      0x400 ./Core/Src/main.o
                0x08019d70                luigi_sube
 .rodata.luigi_muere
                0x0801a170      0xa00 ./Core/Src/main.o
                0x0801a170                luigi_muere
 .rodata.selector
                0x0801ab70       0x62 ./Core/Src/main.o
                0x0801ab70                selector
 *fill*         0x0801abd2        0x2 
 .rodata.nivel1
                0x0801abd4       0x70 ./Core/Src/main.o
                0x0801abd4                nivel1
 .rodata.nivel2
                0x0801ac44       0x80 ./Core/Src/main.o
                0x0801ac44                nivel2
 .rodata.nivel3
                0x0801acc4      0x190 ./Core/Src/main.o
                0x0801acc4                nivel3
 .rodata.nivel4
                0x0801ae54       0xe0 ./Core/Src/main.o
                0x0801ae54                nivel4
 .rodata.nivel1_escaleras
                0x0801af34       0x80 ./Core/Src/main.o
                0x0801af34                nivel1_escaleras
 .rodata.nivel2_escaleras
                0x0801afb4       0xc0 ./Core/Src/main.o
                0x0801afb4                nivel2_escaleras
 .rodata.nivel3_escaleras
                0x0801b074       0xa0 ./Core/Src/main.o
                0x0801b074                nivel3_escaleras
 .rodata.nivel4_escaleras
                0x0801b114       0x40 ./Core/Src/main.o
                0x0801b114                nivel4_escaleras
 .rodata.ruta_fuego_1
                0x0801b154       0x90 ./Core/Src/main.o
                0x0801b154                ruta_fuego_1
 .rodata.ruta_fuego_2
                0x0801b1e4       0x60 ./Core/Src/main.o
                0x0801b1e4                ruta_fuego_2
 .rodata.ruta_fuego_3
                0x0801b244       0x60 ./Core/Src/main.o
                0x0801b244                ruta_fuego_3
 .rodata.ruta_fuego_4
                0x0801b2a4       0x90 ./Core/Src/main.o
                0x0801b2a4                ruta_fuego_4
 .rodata.ruta_fuego_5
                0x0801b334       0x60 ./Core/Src/main.o
                0x0801b334                ruta_fuego_5
 .rodata.ruta_fuego_6
                0x0801b394       0x60 ./Core/Src/main.o
                0x0801b394                ruta_fuego_6
 .rodata.ruta_fuego_7
                0x0801b3f4       0x90 ./Core/Src/main.o
                0x0801b3f4                ruta_fuego_7
 .rodata.ruta_fuego_8
                0x0801b484       0x60 ./Core/Src/main.o
                0x0801b484                ruta_fuego_8
 .rodata.ruta_fuego_9
                0x0801b4e4       0x60 ./Core/Src/main.o
                0x0801b4e4                ruta_fuego_9
 .rodata.TILESET1
                0x0801b544       0x44 ./Core/Src/main.o
 .rodata.TILESET2
                0x0801b588       0x14 ./Core/Src/main.o
 .rodata.TILESET3
                0x0801b59c        0xc ./Core/Src/main.o
 .rodata.TILESET4
                0x0801b5a8        0xc ./Core/Src/main.o
 .rodata.nivel1_mapa
                0x0801b5b4      0x488 ./Core/Src/niveles.o
                0x0801b5b4                nivel1_mapa
 .rodata.nivel2_mapa
                0x0801ba3c      0x488 ./Core/Src/niveles.o
                0x0801ba3c                nivel2_mapa
 .rodata.nivel3_mapa
                0x0801bec4      0x488 ./Core/Src/niveles.o
                0x0801bec4                nivel3_mapa
 .rodata.nivel4_mapa
                0x0801c34c      0x488 ./Core/Src/niveles.o
                0x0801c34c                nivel4_mapa
 .rodata.AHBPrescTable
                0x0801c7d4       0x10 ./Core/Src/system_stm32f4xx.o
                0x0801c7d4                AHBPrescTable
 .rodata.APBPrescTable
                0x0801c7e4        0x8 ./Core/Src/system_stm32f4xx.o
                0x0801c7e4                APBPrescTable
 .rodata.flagBitshiftOffset.0
                0x0801c7ec        0x8 ./Drivers/STM32F4xx_HAL_Driver/Src/stm32f4xx_hal_dma.o
 .rodata.ExCvt  0x0801c7f4       0x80 ./Middlewares/Third_Party/FatFs/src/ff.o
 .rodata.LfnOfs
                0x0801c874        0xd ./Middlewares/Third_Party/FatFs/src/ff.o
 *fill*         0x0801c881        0x3 
 .rodata.Tbl    0x0801c884      0x100 ./Middlewares/Third_Party/FatFs/src/option/ccsbcs.o
 .rodata.cvt1.1
                0x0801c984      0x1f2 ./Middlewares/Third_Party/FatFs/src/option/ccsbcs.o
 *fill*         0x0801cb76        0x2 
 .rodata.cvt2.0
                0x0801cb78       0xbc ./Middlewares/Third_Party/FatFs/src/option/ccsbcs.o
 .rodata.srand.str1.1
                0x0801cc34       0xde C:/ST/STM32CubeIDE_2.1.0/STM32CubeIDE/plugins/com.st.stm32cube.ide.mcu.externaltools.gnu-tools-for-stm32.14.3.rel1.win32_1.0.100.202602081740/tools/bin/../lib/gcc/arm-none-eabi/14.3.1/../../../../arm-none-eabi/lib/thumb/v7e-m+fp/hard\libc_nano.a(libc_a-rand.o)
                                 0x6f (size before relaxing)
 .rodata.__assert_func.str1.1
                0x0801cd12       0x3d C:/ST/STM32CubeIDE_2.1.0/STM32CubeIDE/plugins/com.st.stm32cube.ide.mcu.externaltools.gnu-tools-for-stm32.14.3.rel1.win32_1.0.100.202602081740/tools/bin/../lib/gcc/arm-none-eabi/14.3.1/../../../../arm-none-eabi/lib/thumb/v7e-m+fp/hard\libc_nano.a(libc_a-assert.o)
 .rodata._svfprintf_r.str1.1
                0x0801cd12       0x11 C:/ST/STM32CubeIDE_2.1.0/STM32CubeIDE/plugins/com.st.stm32cube.ide.mcu.externaltools.gnu-tools-for-stm32.14.3.rel1.win32_1.0.100.202602081740/tools/bin/../lib/gcc/arm-none-eabi/14.3.1/../../../../arm-none-eabi/lib/thumb/v7e-m+fp/hard\libc_nano.a(libc_a-nano-svfprintf.o)
 .rodata._printf_i.str1.1
                0x0801cd12       0x22 C:/ST/STM32CubeIDE_2.1.0/STM32CubeIDE/plugins/com.st.stm32cube.ide.mcu.externaltools.gnu-tools-for-stm32.14.3.rel1.win32_1.0.100.202602081740/tools/bin/../lib/gcc/arm-none-eabi/14.3.1/../../../../arm-none-eabi/lib/thumb/v7e-m+fp/hard\libc_nano.a(libc_a-nano-vfprintf_i.o)
 .rodata._vfprintf_r.str1.1
                0x0801cd12       0x11 C:/ST/STM32CubeIDE_2.1.0/STM32CubeIDE/plugins/com.st.stm32cube.ide.mcu.externaltools.gnu-tools-for-stm32.14.3.rel1.win32_1.0.100.202602081740/tools/bin/../lib/gcc/arm-none-eabi/14.3.1/../../../../arm-none-eabi/lib/thumb/v7e-m+fp/hard\libc_nano.a(libc_a-nano-vfprintf.o)
                0x0801cd50                        . = ALIGN (0x4)
 *fill*         0x0801cd12        0x2 

.ARM.extab      0x0801cd14        0x0
                0x0801cd14                        . = ALIGN (0x4)
 *(.ARM.extab* .gnu.linkonce.armextab.*)
                0x0801cd14                        . = ALIGN (0x4)

.ARM            0x0801cd14        0x8
                0x0801cd14                        . = ALIGN (0x4)
                0x0801cd14                        __exidx_start = .
 *(.ARM.exidx*)
 .ARM.exidx     0x0801cd14        0x8 C:/ST/STM32CubeIDE_2.1.0/STM32CubeIDE/plugins/com.st.stm32cube.ide.mcu.externaltools.gnu-tools-for-stm32.14.3.rel1.win32_1.0.100.202602081740/tools/bin/../lib/gcc/arm-none-eabi/14.3.1/../../../../arm-none-eabi/lib/thumb/v7e-m+fp/hard\libc_nano.a(libc_a-strlen.o)
 .ARM.exidx     0x0801cd1c        0x0 C:/ST/STM32CubeIDE_2.1.0/STM32CubeIDE/plugins/com.st.stm32cube.ide.mcu.externaltools.gnu-tools-for-stm32.14.3.rel1.win32_1.0.100.202602081740/tools/bin/../lib/gcc/arm-none-eabi/14.3.1/../../../../arm-none-eabi/lib/thumb/v7e-m+fp/hard\libc_nano.a(libc_a-memchr.o)
                                  0x8 (size before relaxing)
 .ARM.exidx     0x0801cd1c        0x0 C:/ST/STM32CubeIDE_2.1.0/STM32CubeIDE/plugins/com.st.stm32cube.ide.mcu.externaltools.gnu-tools-for-stm32.14.3.rel1.win32_1.0.100.202602081740/tools/bin/../lib/gcc/arm-none-eabi/14.3.1/thumb/v7e-m+fp/hard\libgcc.a(_udivmoddi4.o)
                                  0x8 (size before relaxing)
                0x0801cd1c                        __exidx_end = .
                0x0801cd1c                        . = ALIGN (0x4)

.preinit_array  0x0801cd1c        0x0
                0x0801cd1c                        . = ALIGN (0x4)
                0x0801cd1c                        PROVIDE (__preinit_array_start = .)
 *(.preinit_array*)
                0x0801cd1c                        PROVIDE (__preinit_array_end = .)
                0x0801cd1c                        . = ALIGN (0x4)

.init_array     0x0801cd1c        0x4
                0x0801cd1c                        . = ALIGN (0x4)
                0x0801cd1c                        PROVIDE (__init_array_start = .)
 *(SORT_BY_NAME(.init_array.*))
 *(.init_array*)
 .init_array    0x0801cd1c        0x4 C:/ST/STM32CubeIDE_2.1.0/STM32CubeIDE/plugins/com.st.stm32cube.ide.mcu.externaltools.gnu-tools-for-stm32.14.3.rel1.win32_1.0.100.202602081740/tools/bin/../lib/gcc/arm-none-eabi/14.3.1/thumb/v7e-m+fp/hard/crtbegin.o
                0x0801cd20                        PROVIDE (__init_array_end = .)
                0x0801cd20                        . = ALIGN (0x4)

.fini_array     0x0801cd20        0x4
                0x0801cd20                        . = ALIGN (0x4)
                [!provide]                        PROVIDE (__fini_array_start = .)
 *(SORT_BY_NAME(.fini_array.*))
 *(.fini_array*)
 .fini_array    0x0801cd20        0x4 C:/ST/STM32CubeIDE_2.1.0/STM32CubeIDE/plugins/com.st.stm32cube.ide.mcu.externaltools.gnu-tools-for-stm32.14.3.rel1.win32_1.0.100.202602081740/tools/bin/../lib/gcc/arm-none-eabi/14.3.1/thumb/v7e-m+fp/hard/crtbegin.o
                [!provide]                        PROVIDE (__fini_array_end = .)
                0x0801cd24                        . = ALIGN (0x4)
                0x0801cd24                        _sidata = LOADADDR (.data)

.rel.dyn        0x0801cd24        0x0
 .rel.iplt      0x0801cd24        0x0 C:/ST/STM32CubeIDE_2.1.0/STM32CubeIDE/plugins/com.st.stm32cube.ide.mcu.externaltools.gnu-tools-for-stm32.14.3.rel1.win32_1.0.100.202602081740/tools/bin/../lib/gcc/arm-none-eabi/14.3.1/thumb/v7e-m+fp/hard/crtbegin.o

.data           0x20000000       0xa4 load address 0x0801cd24
                0x20000000                        . = ALIGN (0x4)
                0x20000000                        _sdata = .
 *(.data)
 *(.data*)
 .data.Stat     0x20000000        0x1 ./Core/Src/fatfs_sd.o
 *fill*         0x20000001        0x3 
 .data.dk_anim_prev
                0x20000004        0x4 ./Core/Src/main.o
                0x20000004                dk_anim_prev
 .data.princess_anim_prev
                0x20000008        0x4 ./Core/Src/main.o
                0x20000008                princess_anim_prev
 .data.menu     0x2000000c        0x1 ./Core/Src/main.o
                0x2000000c                menu
 .data.menu_print
                0x2000000d        0x1 ./Core/Src/main.o
                0x2000000d                menu_print
 .data.jugadores
                0x2000000e        0x1 ./Core/Src/main.o
                0x2000000e                jugadores
 .data.nivel    0x2000000f        0x1 ./Core/Src/main.o
                0x2000000f                nivel
 .data.cambioDePantalla
                0x20000010        0x1 ./Core/Src/main.o
                0x20000010                cambioDePantalla
 *fill*         0x20000011        0x3 
 .data.jumpMax  0x20000014        0x4 ./Core/Src/main.o
                0x20000014                jumpMax
 .data.plataformas_actuales
                0x20000018        0x4 ./Core/Src/main.o
                0x20000018                plataformas_actuales
 .data.numPlataformas_actual
                0x2000001c        0x4 ./Core/Src/main.o
                0x2000001c                numPlataformas_actual
 .data.numEscaleras_actual
                0x20000020        0x4 ./Core/Src/main.o
                0x20000020                numEscaleras_actual
 .data.escaleras_actuales
                0x20000024        0x4 ./Core/Src/main.o
                0x20000024                escaleras_actuales
 .data.SystemCoreClock
                0x20000028        0x4 ./Core/Src/system_stm32f4xx.o
                0x20000028                SystemCoreClock
 .data.uwTickPrio
                0x2000002c        0x4 ./Drivers/STM32F4xx_HAL_Driver/Src/stm32f4xx_hal.o
                0x2000002c                uwTickPrio
 .data.uwTickFreq
                0x20000030        0x1 ./Drivers/STM32F4xx_HAL_Driver/Src/stm32f4xx_hal.o
                0x20000030                uwTickFreq
 *fill*         0x20000031        0x3 
 .data.USER_Driver
                0x20000034       0x14 ./FATFS/Target/user_diskio.o
                0x20000034                USER_Driver
 .data.__sglue  0x20000048        0xc C:/ST/STM32CubeIDE_2.1.0/STM32CubeIDE/plugins/com.st.stm32cube.ide.mcu.externaltools.gnu-tools-for-stm32.14.3.rel1.win32_1.0.100.202602081740/tools/bin/../lib/gcc/arm-none-eabi/14.3.1/../../../../arm-none-eabi/lib/thumb/v7e-m+fp/hard\libc_nano.a(libc_a-findfp.o)
                0x20000048                __sglue
 .data._impure_ptr
                0x20000054        0x4 C:/ST/STM32CubeIDE_2.1.0/STM32CubeIDE/plugins/com.st.stm32cube.ide.mcu.externaltools.gnu-tools-for-stm32.14.3.rel1.win32_1.0.100.202602081740/tools/bin/../lib/gcc/arm-none-eabi/14.3.1/../../../../arm-none-eabi/lib/thumb/v7e-m+fp/hard\libc_nano.a(libc_a-impure.o)
                0x20000054                _impure_ptr
 .data._impure_data
                0x20000058       0x4c C:/ST/STM32CubeIDE_2.1.0/STM32CubeIDE/plugins/com.st.stm32cube.ide.mcu.externaltools.gnu-tools-for-stm32.14.3.rel1.win32_1.0.100.202602081740/tools/bin/../lib/gcc/arm-none-eabi/14.3.1/../../../../arm-none-eabi/lib/thumb/v7e-m+fp/hard\libc_nano.a(libc_a-impure.o)
                0x20000058                _impure_data
 *(.RamFunc)
 *(.RamFunc*)
                0x200000a4                        . = ALIGN (0x4)
                0x200000a4                        _edata = .

.igot.plt       0x200000a4        0x0 load address 0x0801cdc8
 .igot.plt      0x200000a4        0x0 C:/ST/STM32CubeIDE_2.1.0/STM32CubeIDE/plugins/com.st.stm32cube.ide.mcu.externaltools.gnu-tools-for-stm32.14.3.rel1.win32_1.0.100.202602081740/tools/bin/../lib/gcc/arm-none-eabi/14.3.1/thumb/v7e-m+fp/hard/crtbegin.o
                0x200000a4                        . = ALIGN (0x4)

.bss            0x200000a4     0x17c4 load address 0x0801cdc8
                0x200000a4                        _sbss = .
                0x200000a4                        __bss_start__ = _sbss
 *(.bss)
 .bss           0x200000a4       0x1c C:/ST/STM32CubeIDE_2.1.0/STM32CubeIDE/plugins/com.st.stm32cube.ide.mcu.externaltools.gnu-tools-for-stm32.14.3.rel1.win32_1.0.100.202602081740/tools/bin/../lib/gcc/arm-none-eabi/14.3.1/thumb/v7e-m+fp/hard/crtbegin.o
 *(.bss*)
 .bss.Timer1    0x200000c0        0x2 ./Core/Src/fatfs_sd.o
                0x200000c0                Timer1
 .bss.Timer2    0x200000c2        0x2 ./Core/Src/fatfs_sd.o
                0x200000c2                Timer2
 .bss.CardType  0x200000c4        0x1 ./Core/Src/fatfs_sd.o
 .bss.PowerFlag
                0x200000c5        0x1 ./Core/Src/fatfs_sd.o
 *fill*         0x200000c6        0x2 
 .bss.fs        0x200000c8     0x1038 ./Core/Src/main.o
                0x200000c8                fs
 .bss.fres      0x20001100        0x1 ./Core/Src/main.o
                0x20001100                fres
 *fill*         0x20001101        0x3 
 .bss.buffer    0x20001104       0x64 ./Core/Src/main.o
                0x20001104                buffer
 .bss.hspi1     0x20001168       0x58 ./Core/Src/main.o
                0x20001168                hspi1
 .bss.hdma_spi1_tx
                0x200011c0       0x60 ./Core/Src/main.o
                0x200011c0                hdma_spi1_tx
 .bss.huart1    0x20001220       0x48 ./Core/Src/main.o
                0x20001220                huart1
 .bss.huart2    0x20001268       0x48 ./Core/Src/main.o
                0x20001268                huart2
 .bss.huart3    0x200012b0       0x48 ./Core/Src/main.o
                0x200012b0                huart3
 .bss.huart6    0x200012f8       0x48 ./Core/Src/main.o
                0x200012f8                huart6
 .bss.p1        0x20001340       0x38 ./Core/Src/main.o
                0x20001340                p1
 .bss.p2        0x20001378       0x38 ./Core/Src/main.o
                0x20001378                p2
 .bss.ctrl_state1
                0x200013b0        0x1 ./Core/Src/main.o
                0x200013b0                ctrl_state1
 .bss.ctrl_cmd2
                0x200013b1        0x1 ./Core/Src/main.o
                0x200013b1                ctrl_cmd2
 .bss.ctrl_state6
                0x200013b2        0x1 ./Core/Src/main.o
                0x200013b2                ctrl_state6
 .bss.rx_data1  0x200013b3        0x1 ./Core/Src/main.o
                0x200013b3                rx_data1
 .bss.rx_data2  0x200013b4        0x1 ./Core/Src/main.o
                0x200013b4                rx_data2
 .bss.rx_data6  0x200013b5        0x1 ./Core/Src/main.o
                0x200013b5                rx_data6
 .bss.prev_state1
                0x200013b6        0x1 ./Core/Src/main.o
                0x200013b6                prev_state1
 .bss.prev_state2
                0x200013b7        0x1 ./Core/Src/main.o
                0x200013b7                prev_state2
 .bss.menu_up   0x200013b8        0x1 ./Core/Src/main.o
                0x200013b8                menu_up
 .bss.menu_down
                0x200013b9        0x1 ./Core/Src/main.o
                0x200013b9                menu_down
 .bss.select    0x200013ba        0x1 ./Core/Src/main.o
                0x200013ba                select
 .bss.estadoActual
                0x200013bb        0x1 ./Core/Src/main.o
                0x200013bb                estadoActual
 .bss.comando   0x200013bc        0x1 ./Core/Src/main.o
                0x200013bc                comando
 *fill*         0x200013bd        0x3 
 .bss.frame_counter
                0x200013c0        0x4 ./Core/Src/main.o
                0x200013c0                frame_counter
 .bss.dk_lanzando
                0x200013c4        0x1 ./Core/Src/main.o
                0x200013c4                dk_lanzando
 .bss.dk_anim   0x200013c5        0x1 ./Core/Src/main.o
                0x200013c5                dk_anim
 .bss.dk_anim_tick
                0x200013c6        0x1 ./Core/Src/main.o
                0x200013c6                dk_anim_tick
 .bss.dk_barril_pendiente
                0x200013c7        0x1 ./Core/Src/main.o
                0x200013c7                dk_barril_pendiente
 .bss.dk_spawns_pendientes
                0x200013c8        0x1 ./Core/Src/main.o
                0x200013c8                dk_spawns_pendientes
 *fill*         0x200013c9        0x3 
 .bss.barriles  0x200013cc       0x84 ./Core/Src/main.o
                0x200013cc                barriles
 .bss.spawn_timer
                0x20001450        0x4 ./Core/Src/main.o
                0x20001450                spawn_timer
 .bss.fuegos    0x20001454       0x78 ./Core/Src/main.o
                0x20001454                fuegos
 .bss.fuego_tick
                0x200014cc        0x4 ./Core/Src/main.o
                0x200014cc                fuego_tick
 .bss.victoria_activa
                0x200014d0        0x1 ./Core/Src/main.o
                0x200014d0                victoria_activa
 .bss.victoria_pintada
                0x200014d1        0x1 ./Core/Src/main.o
                0x200014d1                victoria_pintada
 *fill*         0x200014d2        0x2 
 .bss.victoria_inicio
                0x200014d4        0x4 ./Core/Src/main.o
                0x200014d4                victoria_inicio
 .bss.__sbrk_heap_end
                0x200014d8        0x4 ./Core/Src/sysmem.o
 .bss.uwTick    0x200014dc        0x4 ./Drivers/STM32F4xx_HAL_Driver/Src/stm32f4xx_hal.o
                0x200014dc                uwTick
 .bss.retUSER   0x200014e0        0x1 ./FATFS/App/fatfs.o
                0x200014e0                retUSER
 *fill*         0x200014e1        0x3 
 .bss.USERPath  0x200014e4        0x4 ./FATFS/App/fatfs.o
                0x200014e4                USERPath
 .bss.FatFs     0x200014e8        0x4 ./Middlewares/Third_Party/FatFs/src/ff.o
 .bss.Fsid      0x200014ec        0x2 ./Middlewares/Third_Party/FatFs/src/ff.o
 *fill*         0x200014ee        0x2 
 .bss.Files     0x200014f0       0x20 ./Middlewares/Third_Party/FatFs/src/ff.o
 .bss.LfnBuf    0x20001510      0x200 ./Middlewares/Third_Party/FatFs/src/ff.o
 .bss.disk      0x20001710        0xc ./Middlewares/Third_Party/FatFs/src/ff_gen_drv.o
                0x20001710                disk
 .bss.__sf      0x2000171c      0x138 C:/ST/STM32CubeIDE_2.1.0/STM32CubeIDE/plugins/com.st.stm32cube.ide.mcu.externaltools.gnu-tools-for-stm32.14.3.rel1.win32_1.0.100.202602081740/tools/bin/../lib/gcc/arm-none-eabi/14.3.1/../../../../arm-none-eabi/lib/thumb/v7e-m+fp/hard\libc_nano.a(libc_a-findfp.o)
                0x2000171c                __sf
 .bss.__stdio_exit_handler
                0x20001854        0x4 C:/ST/STM32CubeIDE_2.1.0/STM32CubeIDE/plugins/com.st.stm32cube.ide.mcu.externaltools.gnu-tools-for-stm32.14.3.rel1.win32_1.0.100.202602081740/tools/bin/../lib/gcc/arm-none-eabi/14.3.1/../../../../arm-none-eabi/lib/thumb/v7e-m+fp/hard\libc_nano.a(libc_a-findfp.o)
                0x20001854                __stdio_exit_handler
 .bss.errno     0x20001858        0x4 C:/ST/STM32CubeIDE_2.1.0/STM32CubeIDE/plugins/com.st.stm32cube.ide.mcu.externaltools.gnu-tools-for-stm32.14.3.rel1.win32_1.0.100.202602081740/tools/bin/../lib/gcc/arm-none-eabi/14.3.1/../../../../arm-none-eabi/lib/thumb/v7e-m+fp/hard\libc_nano.a(libc_a-reent.o)
                0x20001858                errno
 .bss.__lock___malloc_recursive_mutex