../Core/Src/main.c:129:6:generarSin	16	static
../Core/Src/main.c:134:5:calcularARR	24	static
../Core/Src/main.c:140:5:pressForFrequency	16	static
../Core/Src/main.c:149:6:playTone	40	static
../Core/Src/main.c:167:6:playToneDAC	40	static
../Core/Src/main.c:184:6:playTonePRE	40	static
../Core/Src/main.c:203:6:noTone	4	static
../Core/Src/main.c:207:6:noToneDAC	4	static
../Core/Src/main.c:211:6:sendMenu	80	static
../Core/Src/main.c:227:5:main	80	static
../Core/Src/main.c:327:6:SystemClock_Config	88	static
../Core/Src/main.c:375:13:MX_DAC_Init	16	static
../Core/Src/main.c:415:13:MX_TIM1_Init	80	static
../Core/Src/main.c:479:13:MX_TIM6_Init	16	static
../Core/Src/main.c:517:13:MX_USART2_UART_Init	8	static
../Core/Src/main.c:548:13:MX_DMA_Init	16	static
../Core/Src/main.c:566:13:MX_GPIO_Init	48	static
../Core/Src/main.c:601:6:HAL_UART_RxCpltCallback	16	static
../Core/Src/main.c:623:6:Error_Handler	4	static,ignoring_inline_asm
